Archive member included to satisfy reference by file (symbol)

D:\work\bastet\BldcBench-master\BG431MC\BG431MC\MCSDK_v5.4.4\MotorControl\lib/libmc-gcc_M4_NoCCMRAM.lib(revup_ctrl.o)
                              Application/User/user_interface.o (RUC_SetPhaseDurationms)
d:/ac6/systemworkbench/plugins/fr.ac6.mcu.externaltools.arm-none.win32_1.17.0.201812190825/tools/compiler/bin/../lib/gcc/arm-none-eabi/7.3.1/../../../../arm-none-eabi/lib/thumb/v7e-m/fpv4-sp/hard\libm.a(lib_a-wf_sqrt.o)
                              Middlewares/MotorControl/fuzzy_toolbox.o (sqrtf)
d:/ac6/systemworkbench/plugins/fr.ac6.mcu.externaltools.arm-none.win32_1.17.0.201812190825/tools/compiler/bin/../lib/gcc/arm-none-eabi/7.3.1/../../../../arm-none-eabi/lib/thumb/v7e-m/fpv4-sp/hard\libm.a(lib_a-ef_sqrt.o)
                              d:/ac6/systemworkbench/plugins/fr.ac6.mcu.externaltools.arm-none.win32_1.17.0.201812190825/tools/compiler/bin/../lib/gcc/arm-none-eabi/7.3.1/../../../../arm-none-eabi/lib/thumb/v7e-m/fpv4-sp/hard\libm.a(lib_a-wf_sqrt.o) (__ieee754_sqrtf)
d:/ac6/systemworkbench/plugins/fr.ac6.mcu.externaltools.arm-none.win32_1.17.0.201812190825/tools/compiler/bin/../lib/gcc/arm-none-eabi/7.3.1/../../../../arm-none-eabi/lib/thumb/v7e-m/fpv4-sp/hard\libm.a(lib_a-s_lib_ver.o)
                              d:/ac6/systemworkbench/plugins/fr.ac6.mcu.externaltools.arm-none.win32_1.17.0.201812190825/tools/compiler/bin/../lib/gcc/arm-none-eabi/7.3.1/../../../../arm-none-eabi/lib/thumb/v7e-m/fpv4-sp/hard\libm.a(lib_a-wf_sqrt.o) (__fdlib_version)
d:/ac6/systemworkbench/plugins/fr.ac6.mcu.externaltools.arm-none.win32_1.17.0.201812190825/tools/compiler/bin/../lib/gcc/arm-none-eabi/7.3.1/../../../../arm-none-eabi/lib/thumb/v7e-m/fpv4-sp/hard\libm.a(lib_a-s_matherr.o)
                              d:/ac6/systemworkbench/plugins/fr.ac6.mcu.externaltools.arm-none.win32_1.17.0.201812190825/tools/compiler/bin/../lib/gcc/arm-none-eabi/7.3.1/../../../../arm-none-eabi/lib/thumb/v7e-m/fpv4-sp/hard\libm.a(lib_a-wf_sqrt.o) (matherr)
d:/ac6/systemworkbench/plugins/fr.ac6.mcu.externaltools.arm-none.win32_1.17.0.201812190825/tools/compiler/bin/../lib/gcc/arm-none-eabi/7.3.1/thumb/v7e-m/fpv4-sp/hard\libgcc.a(_arm_addsubdf3.o)
                              d:/ac6/systemworkbench/plugins/fr.ac6.mcu.externaltools.arm-none.win32_1.17.0.201812190825/tools/compiler/bin/../lib/gcc/arm-none-eabi/7.3.1/../../../../arm-none-eabi/lib/thumb/v7e-m/fpv4-sp/hard\libm.a(lib_a-wf_sqrt.o) (__aeabi_f2d)
d:/ac6/systemworkbench/plugins/fr.ac6.mcu.externaltools.arm-none.win32_1.17.0.201812190825/tools/compiler/bin/../lib/gcc/arm-none-eabi/7.3.1/thumb/v7e-m/fpv4-sp/hard\libgcc.a(_arm_muldivdf3.o)
                              d:/ac6/systemworkbench/plugins/fr.ac6.mcu.externaltools.arm-none.win32_1.17.0.201812190825/tools/compiler/bin/../lib/gcc/arm-none-eabi/7.3.1/../../../../arm-none-eabi/lib/thumb/v7e-m/fpv4-sp/hard\libm.a(lib_a-wf_sqrt.o) (__aeabi_ddiv)
d:/ac6/systemworkbench/plugins/fr.ac6.mcu.externaltools.arm-none.win32_1.17.0.201812190825/tools/compiler/bin/../lib/gcc/arm-none-eabi/7.3.1/thumb/v7e-m/fpv4-sp/hard\libgcc.a(_arm_truncdfsf2.o)
                              d:/ac6/systemworkbench/plugins/fr.ac6.mcu.externaltools.arm-none.win32_1.17.0.201812190825/tools/compiler/bin/../lib/gcc/arm-none-eabi/7.3.1/../../../../arm-none-eabi/lib/thumb/v7e-m/fpv4-sp/hard\libm.a(lib_a-wf_sqrt.o) (__aeabi_d2f)
d:/ac6/systemworkbench/plugins/fr.ac6.mcu.externaltools.arm-none.win32_1.17.0.201812190825/tools/compiler/bin/../lib/gcc/arm-none-eabi/7.3.1/thumb/v7e-m/fpv4-sp/hard\libgcc.a(_aeabi_ldivmod.o)
                              Drivers/STM32G4xx_HAL_Driver/stm32g4xx_hal_uart.o (__aeabi_ldivmod)
d:/ac6/systemworkbench/plugins/fr.ac6.mcu.externaltools.arm-none.win32_1.17.0.201812190825/tools/compiler/bin/../lib/gcc/arm-none-eabi/7.3.1/thumb/v7e-m/fpv4-sp/hard\libgcc.a(_aeabi_uldivmod.o)
                              Drivers/STM32G4xx_HAL_Driver/stm32g4xx_hal_uart.o (__aeabi_uldivmod)
d:/ac6/systemworkbench/plugins/fr.ac6.mcu.externaltools.arm-none.win32_1.17.0.201812190825/tools/compiler/bin/../lib/gcc/arm-none-eabi/7.3.1/thumb/v7e-m/fpv4-sp/hard\libgcc.a(_udivmoddi4.o)
                              d:/ac6/systemworkbench/plugins/fr.ac6.mcu.externaltools.arm-none.win32_1.17.0.201812190825/tools/compiler/bin/../lib/gcc/arm-none-eabi/7.3.1/thumb/v7e-m/fpv4-sp/hard\libgcc.a(_aeabi_ldivmod.o) (__udivmoddi4)
d:/ac6/systemworkbench/plugins/fr.ac6.mcu.externaltools.arm-none.win32_1.17.0.201812190825/tools/compiler/bin/../lib/gcc/arm-none-eabi/7.3.1/thumb/v7e-m/fpv4-sp/hard\libgcc.a(_dvmd_tls.o)
                              d:/ac6/systemworkbench/plugins/fr.ac6.mcu.externaltools.arm-none.win32_1.17.0.201812190825/tools/compiler/bin/../lib/gcc/arm-none-eabi/7.3.1/thumb/v7e-m/fpv4-sp/hard\libgcc.a(_aeabi_ldivmod.o) (__aeabi_ldiv0)
[...]
Memory Configuration

Name             Origin             Length             Attributes
RAM              0x20000000         0x00008000         xrw
FLASH            0x08000000         0x00020000         xr
*default*        0x00000000         0xffffffff

Linker script and memory map

LOAD d:/ac6/systemworkbench/plugins/fr.ac6.mcu.externaltools.arm-none.win32_1.17.0.201812190825/tools/compiler/bin/../lib/gcc/arm-none-eabi/7.3.1/thumb/v7e-m/fpv4-sp/hard/crti.o
LOAD d:/ac6/systemworkbench/plugins/fr.ac6.mcu.externaltools.arm-none.win32_1.17.0.201812190825/tools/compiler/bin/../lib/gcc/arm-none-eabi/7.3.1/thumb/v7e-m/fpv4-sp/hard/crtbegin.o
LOAD d:/ac6/systemworkbench/plugins/fr.ac6.mcu.externaltools.arm-none.win32_1.17.0.201812190825/tools/compiler/bin/../lib/gcc/arm-none-eabi/7.3.1/../../../../arm-none-eabi/lib/thumb/v7e-m/fpv4-sp/hard/crt0.o
LOAD Application/SW4STM32/startup_stm32g431xx.o
LOAD Application/SW4STM32/syscalls.o
LOAD Application/User/dac_ui.o
LOAD Application/User/main.o
LOAD Application/User/mc_api.o
LOAD Application/User/mc_config.o
LOAD Application/User/mc_interface.o
LOAD Application/User/mc_math.o
LOAD Application/User/mc_parameters.o
LOAD Application/User/mc_tasks.o
LOAD Application/User/motor_control_protocol.o
LOAD Application/User/motorcontrol.o
LOAD Application/User/regular_conversion_manager.o
LOAD Application/User/stm32g4xx_hal_msp.o
LOAD Application/User/stm32g4xx_it.o
LOAD Application/User/stm32g4xx_mc_it.o
LOAD Application/User/ui_task.o
LOAD Application/User/user_interface.o
LOAD Drivers/CMSIS/system_stm32g4xx.o
LOAD Drivers/STM32G4xx_HAL_Driver/stm32g4xx_hal.o
LOAD Drivers/STM32G4xx_HAL_Driver/stm32g4xx_hal_adc.o
LOAD Drivers/STM32G4xx_HAL_Driver/stm32g4xx_hal_adc_ex.o
LOAD Drivers/STM32G4xx_HAL_Driver/stm32g4xx_hal_comp.o
LOAD Drivers/STM32G4xx_HAL_Driver/stm32g4xx_hal_cordic.o
LOAD Drivers/STM32G4xx_HAL_Driver/stm32g4xx_hal_cortex.o
LOAD Drivers/STM32G4xx_HAL_Driver/stm32g4xx_hal_dac.o
LOAD Drivers/STM32G4xx_HAL_Driver/stm32g4xx_hal_dac_ex.o
LOAD Drivers/STM32G4xx_HAL_Driver/stm32g4xx_hal_dma.o
LOAD Drivers/STM32G4xx_HAL_Driver/stm32g4xx_hal_dma_ex.o
LOAD Drivers/STM32G4xx_HAL_Driver/stm32g4xx_hal_exti.o
LOAD Drivers/STM32G4xx_HAL_Driver/stm32g4xx_hal_flash.o
LOAD Drivers/STM32G4xx_HAL_Driver/stm32g4xx_hal_flash_ex.o
LOAD Drivers/STM32G4xx_HAL_Driver/stm32g4xx_hal_flash_ramfunc.o
LOAD Drivers/STM32G4xx_HAL_Driver/stm32g4xx_hal_gpio.o
LOAD Drivers/STM32G4xx_HAL_Driver/stm32g4xx_hal_opamp.o
LOAD Drivers/STM32G4xx_HAL_Driver/stm32g4xx_hal_opamp_ex.o
LOAD Drivers/STM32G4xx_HAL_Driver/stm32g4xx_hal_pwr.o
LOAD Drivers/STM32G4xx_HAL_Driver/stm32g4xx_hal_pwr_ex.o
LOAD Drivers/STM32G4xx_HAL_Driver/stm32g4xx_hal_rcc.o
LOAD Drivers/STM32G4xx_HAL_Driver/stm32g4xx_hal_rcc_ex.o
LOAD Drivers/STM32G4xx_HAL_Driver/stm32g4xx_hal_tim.o
LOAD Drivers/STM32G4xx_HAL_Driver/stm32g4xx_hal_tim_ex.o
LOAD Drivers/STM32G4xx_HAL_Driver/stm32g4xx_hal_uart.o
LOAD Drivers/STM32G4xx_HAL_Driver/stm32g4xx_hal_uart_ex.o
LOAD Drivers/STM32G4xx_HAL_Driver/stm32g4xx_ll_adc.o
LOAD Drivers/STM32G4xx_HAL_Driver/stm32g4xx_ll_pwr.o
LOAD Middlewares/MotorControl/bus_voltage_sensor.o
LOAD Middlewares/MotorControl/circle_limitation.o
LOAD Middlewares/MotorControl/dac_common_ui.o
LOAD Middlewares/MotorControl/digital_output.o
LOAD Middlewares/MotorControl/frame_communication_protocol.o
LOAD Middlewares/MotorControl/fuzzy.o
LOAD Middlewares/MotorControl/fuzzy_toolbox.o
LOAD Middlewares/MotorControl/hall_speed_pos_fdbk.o
LOAD Middlewares/MotorControl/motor_power_measurement.o
LOAD Middlewares/MotorControl/ntc_temperature_sensor.o
LOAD Middlewares/MotorControl/open_loop.o
LOAD Middlewares/MotorControl/pid_regulator.o
LOAD Middlewares/MotorControl/pqd_motor_power_measurement.o
LOAD Middlewares/MotorControl/pwm_common.o
LOAD Middlewares/MotorControl/pwm_curr_fdbk.o
LOAD Middlewares/MotorControl/r3_2_g4xx_pwm_curr_fdbk.o
LOAD Middlewares/MotorControl/r_divider_bus_voltage_sensor.o
LOAD Middlewares/MotorControl/ramp_ext_mngr.o
LOAD Middlewares/MotorControl/speed_pos_fdbk.o
LOAD Middlewares/MotorControl/speed_torq_ctrl.o
LOAD Middlewares/MotorControl/state_machine.o
LOAD Middlewares/MotorControl/ui_irq_handler.o
LOAD Middlewares/MotorControl/usart_frame_communication_protocol.o
LOAD Middlewares/MotorControl/virtual_speed_sensor.o
LOAD D:\work\bastet\BldcBench-master\BG431MC\BG431MC\MCSDK_v5.4.4\MotorControl\lib/libmc-gcc_M4_NoCCMRAM.lib
LOAD d:/ac6/systemworkbench/plugins/fr.ac6.mcu.externaltools.arm-none.win32_1.17.0.201812190825/tools/compiler/bin/../lib/gcc/arm-none-eabi/7.3.1/../../../../arm-none-eabi/lib/thumb/v7e-m/fpv4-sp/hard\libm.a
START GROUP
LOAD d:/ac6/systemworkbench/plugins/fr.ac6.mcu.externaltools.arm-none.win32_1.17.0.201812190825/tools/compiler/bin/../lib/gcc/arm-none-eabi/7.3.1/thumb/v7e-m/fpv4-sp/hard\libgcc.a
LOAD d:/ac6/systemworkbench/plugins/fr.ac6.mcu.externaltools.arm-none.win32_1.17.0.201812190825/tools/compiler/bin/../lib/gcc/arm-none-eabi/7.3.1/../../../../arm-none-eabi/lib/thumb/v7e-m/fpv4-sp/hard\libc_nano.a
END GROUP
START GROUP
LOAD d:/ac6/systemworkbench/plugins/fr.ac6.mcu.externaltools.arm-none.win32_1.17.0.201812190825/tools/compiler/bin/../lib/gcc/arm-none-eabi/7.3.1/thumb/v7e-m/fpv4-sp/hard\libgcc.a
LOAD d:/ac6/systemworkbench/plugins/fr.ac6.mcu.externaltools.arm-none.win32_1.17.0.201812190825/tools/compiler/bin/../lib/gcc/arm-none-eabi/7.3.1/../../../../arm-none-eabi/lib/thumb/v7e-m/fpv4-sp/hard\libc_nano.a
LOAD d:/ac6/systemworkbench/plugins/fr.ac6.mcu.externaltools.arm-none.win32_1.17.0.201812190825/tools/compiler/bin/../lib/gcc/arm-none-eabi/7.3.1/../../../../arm-none-eabi/lib/thumb/v7e-m/fpv4-sp/hard\libnosys.a
END GROUP
START GROUP
LOAD d:/ac6/systemworkbench/plugins/fr.ac6.mcu.externaltools.arm-none.win32_1.17.0.201812190825/tools/compiler/bin/../lib/gcc/arm-none-eabi/7.3.1/thumb/v7e-m/fpv4-sp/hard\libgcc.a
LOAD d:/ac6/systemworkbench/plugins/fr.ac6.mcu.externaltools.arm-none.win32_1.17.0.201812190825/tools/compiler/bin/../lib/gcc/arm-none-eabi/7.3.1/../../../../arm-none-eabi/lib/thumb/v7e-m/fpv4-sp/hard\libc_nano.a
LOAD d:/ac6/systemworkbench/plugins/fr.ac6.mcu.externaltools.arm-none.win32_1.17.0.201812190825/tools/compiler/bin/../lib/gcc/arm-none-eabi/7.3.1/../../../../arm-none-eabi/lib/thumb/v7e-m/fpv4-sp/hard\libnosys.a
END GROUP
LOAD d:/ac6/systemworkbench/plugins/fr.ac6.mcu.externaltools.arm-none.win32_1.17.0.201812190825/tools/compiler/bin/../lib/gcc/arm-none-eabi/7.3.1/thumb/v7e-m/fpv4-sp/hard/crtend.o
LOAD d:/ac6/systemworkbench/plugins/fr.ac6.mcu.externaltools.arm-none.win32_1.17.0.201812190825/tools/compiler/bin/../lib/gcc/arm-none-eabi/7.3.1/thumb/v7e-m/fpv4-sp/hard/crtn.o
                0x20008000                _estack = 0x20008000
                0x00000200                _Min_Heap_Size = 0x200
                0x00000400                _Min_Stack_Size = 0x400

.isr_vector     0x08000000      0x1d8
                0x08000000                . = ALIGN (0x4)
 *(.isr_vector)
 .isr_vector    0x08000000      0x1d8 Application/SW4STM32/startup_stm32g431xx.o
                0x08000000                g_pfnVectors
                0x080001d8                . = ALIGN (0x4)

.text           0x080001d8     0x919c
                0x080001d8                . = ALIGN (0x4)
 *(.text)
 .text          0x080001d8       0x40 d:/ac6/systemworkbench/plugins/fr.ac6.mcu.externaltools.arm-none.win32_1.17.0.201812190825/tools/compiler/bin/../lib/gcc/arm-none-eabi/7.3.1/thumb/v7e-m/fpv4-sp/hard/crtbegin.o
 .text          0x08000218       0x30 d:/ac6/systemworkbench/plugins/fr.ac6.mcu.externaltools.arm-none.win32_1.17.0.201812190825/tools/compiler/bin/../lib/gcc/arm-none-eabi/7.3.1/thumb/v7e-m/fpv4-sp/hard\libgcc.a(_aeabi_uldivmod.o)
                0x08000218                __aeabi_uldivmod
 .text          0x08000248      0x2cc d:/ac6/systemworkbench/plugins/fr.ac6.mcu.externaltools.arm-none.win32_1.17.0.201812190825/tools/compiler/bin/../lib/gcc/arm-none-eabi/7.3.1/thumb/v7e-m/fpv4-sp/hard\libgcc.a(_udivmoddi4.o)
                0x08000248                __udivmoddi4
 .text          0x08000514        0x4 d:/ac6/systemworkbench/plugins/fr.ac6.mcu.externaltools.arm-none.win32_1.17.0.201812190825/tools/compiler/bin/../lib/gcc/arm-none-eabi/7.3.1/thumb/v7e-m/fpv4-sp/hard\libgcc.a(_dvmd_tls.o)
                0x08000514                __aeabi_idiv0
                0x08000514                __aeabi_ldiv0
 *(.text*)
 .text.Reset_Handler
                0x08000518       0x50 Application/SW4STM32/startup_stm32g431xx.o
                0x08000518                Reset_Handler
 .text.Default_Handler
                0x08000568        0x2 Application/SW4STM32/startup_stm32g431xx.o
                0x08000568                RTC_Alarm_IRQHandler
                0x08000568                EXTI2_IRQHandler
                0x08000568                TIM8_TRG_COM_IRQHandler
                0x08000568                TIM8_CC_IRQHandler
                0x08000568                DebugMon_Handler
                0x08000568                TIM1_CC_IRQHandler
                0x08000568                USB_HP_IRQHandler
                0x08000568                CORDIC_IRQHandler
                0x08000568                PendSV_Handler
                0x08000568                NMI_Handler
                0x08000568                EXTI3_IRQHandler
                0x08000568                I2C3_ER_IRQHandler
                0x08000568                EXTI0_IRQHandler
                0x08000568                I2C2_EV_IRQHandler
                0x08000568                FPU_IRQHandler
                0x08000568                FDCAN1_IT1_IRQHandler
                0x08000568                UsageFault_Handler
                0x08000568                SPI1_IRQHandler
                0x08000568                TIM6_DAC_IRQHandler
                0x08000568                TIM8_UP_IRQHandler
                0x08000568                DMA2_Channel2_IRQHandler
                0x08000568                DMA1_Channel4_IRQHandler
                0x08000568                USART3_IRQHandler
                0x08000568                DMA2_Channel1_IRQHandler
                0x08000568                I2C1_EV_IRQHandler
                0x08000568                DMA1_Channel6_IRQHandler
                0x08000568                UART4_IRQHandler
                0x08000568                DMA2_Channel4_IRQHandler
                0x08000568                TIM3_IRQHandler
                0x08000568                RCC_IRQHandler
                0x08000568                DMA1_Channel1_IRQHandler
                0x08000568                Default_Handler
                0x08000568                RTC_TAMP_LSECSS_IRQHandler
                0x08000568                FMAC_IRQHandler
                0x08000568                TIM7_IRQHandler
                0x08000568                UCPD1_IRQHandler
                0x08000568                I2C3_EV_IRQHandler
                0x08000568                EXTI9_5_IRQHandler
                0x08000568                RTC_WKUP_IRQHandler
                0x08000568                PVD_PVM_IRQHandler
                0x08000568                SPI2_IRQHandler
                0x08000568                MemManage_Handler
                0x08000568                SVC_Handler
                0x08000568                DMA2_Channel5_IRQHandler
                0x08000568                CRS_IRQHandler
                0x08000568                DMA1_Channel5_IRQHandler
                0x08000568                USB_LP_IRQHandler
                0x08000568                EXTI4_IRQHandler
                0x08000568                RNG_IRQHandler
                0x08000568                TIM1_TRG_COM_TIM17_IRQHandler
                0x08000568                DMA1_Channel3_IRQHandler
                0x08000568                WWDG_IRQHandler
                0x08000568                LPUART1_IRQHandler
                0x08000568                DMA2_Channel6_IRQHandler
                0x08000568                FDCAN1_IT0_IRQHandler
                0x08000568                TIM2_IRQHandler
                0x08000568                COMP1_2_3_IRQHandler
                0x08000568                EXTI1_IRQHandler
                0x08000568                I2C2_ER_IRQHandler
                0x08000568                DMA1_Channel2_IRQHandler
                0x08000568                TIM8_BRK_IRQHandler
                0x08000568                FLASH_IRQHandler
                0x08000568                BusFault_Handler
                0x08000568                USART1_IRQHandler
                0x08000568                SPI3_IRQHandler
                0x08000568                I2C1_ER_IRQHandler
                0x08000568                LPTIM1_IRQHandler
                0x08000568                DMAMUX_OVR_IRQHandler
                0x08000568                USBWakeUp_IRQHandler
                0x08000568                SAI1_IRQHandler
                0x08000568                DMA2_Channel3_IRQHandler
                0x08000568                COMP4_IRQHandler
 *fill*         0x0800056a        0x2 
 .text.DAC_Init
                0x0800056c       0x10 Application/User/dac_ui.o
                0x0800056c                DAC_Init
 .text.DAC_Exec
                0x0800057c       0x38 Application/User/dac_ui.o
                0x0800057c                DAC_Exec
 .text.SystemClock_Config
                0x080005b4       0x7c Application/User/main.o
                0x080005b4                SystemClock_Config
 .text.startup.main
                0x08000630      0x59c Application/User/main.o
                0x08000630                main
 .text.MC_StartMotor1
                0x08000bcc        0xc Application/User/mc_api.o
                0x08000bcc                MC_StartMotor1
 .text.MC_StopMotor1
                0x08000bd8        0xc Application/User/mc_api.o
                0x08000bd8                MC_StopMotor1
 .text.MC_GetSTMStateMotor1
                0x08000be4        0xc Application/User/mc_api.o
                0x08000be4                MC_GetSTMStateMotor1
 .text.MCI_Init
                0x08000bf0       0x1c Application/User/mc_interface.o
                0x08000bf0                MCI_Init
 .text.MCI_ExecSpeedRamp
                0x08000c0c       0x10 Application/User/mc_interface.o
                0x08000c0c                MCI_ExecSpeedRamp
 .text.MCI_ExecTorqueRamp
                0x08000c1c       0x18 Application/User/mc_interface.o
                0x08000c1c                MCI_ExecTorqueRamp
 .text.MCI_SetCurrentReferences
                0x08000c34       0x1c Application/User/mc_interface.o
                0x08000c34                MCI_SetCurrentReferences
 .text.MCI_StartMotor
                0x08000c50       0x14 Application/User/mc_interface.o
                0x08000c50                MCI_StartMotor
 .text.MCI_StopMotor
                0x08000c64        0x8 Application/User/mc_interface.o
                0x08000c64                MCI_StopMotor
 .text.MCI_FaultAcknowledged
                0x08000c6c        0x8 Application/User/mc_interface.o
                0x08000c6c                MCI_FaultAcknowledged
 .text.MCI_EncoderAlign
                0x08000c74        0x8 Application/User/mc_interface.o
                0x08000c74                MCI_EncoderAlign
 .text.MCI_ExecBufferedCommands
                0x08000c7c       0x74 Application/User/mc_interface.o
                0x08000c7c                MCI_ExecBufferedCommands
 .text.MCI_GetSTMState
                0x08000cf0        0x8 Application/User/mc_interface.o
                0x08000cf0                MCI_GetSTMState
 .text.MCI_GetControlMode
                0x08000cf8        0x4 Application/User/mc_interface.o
                0x08000cf8                MCI_GetControlMode
 .text.MCI_GetLastRampFinalSpeed
                0x08000cfc       0x10 Application/User/mc_interface.o
                0x08000cfc                MCI_GetLastRampFinalSpeed
 .text.MCI_StopRamp
                0x08000d0c        0x8 Application/User/mc_interface.o
                0x08000d0c                MCI_StopRamp
 .text.MCI_GetAvrgMecSpeedUnit
                0x08000d14       0x10 Application/User/mc_interface.o
                0x08000d14                MCI_GetAvrgMecSpeedUnit
 .text.MCI_GetMecSpeedRefUnit
                0x08000d24        0x8 Application/User/mc_interface.o
                0x08000d24                MCI_GetMecSpeedRefUnit
 .text.MCI_GetIab
                0x08000d2c       0x10 Application/User/mc_interface.o
                0x08000d2c                MCI_GetIab
 .text.MCI_GetIalphabeta
                0x08000d3c       0x10 Application/User/mc_interface.o
                0x08000d3c                MCI_GetIalphabeta
 .text.MCI_GetIqd
                0x08000d4c       0x10 Application/User/mc_interface.o
                0x08000d4c                MCI_GetIqd
 .text.MCI_GetIqdref
                0x08000d5c       0x10 Application/User/mc_interface.o
                0x08000d5c                MCI_GetIqdref
 .text.MCI_GetVqd
                0x08000d6c       0x14 Application/User/mc_interface.o
                0x08000d6c                MCI_GetVqd
 .text.MCI_GetValphabeta
                0x08000d80       0x14 Application/User/mc_interface.o
                0x08000d80                MCI_GetValphabeta
 .text.MCI_GetTeref
                0x08000d94        0x8 Application/User/mc_interface.o
                0x08000d94                MCI_GetTeref
 .text.MCI_SetIdref
                0x08000d9c        0x8 Application/User/mc_interface.o
                0x08000d9c                MCI_SetIdref
 .text.MCI_Clear_Iqdref
                0x08000da4       0x14 Application/User/mc_interface.o
                0x08000da4                MCI_Clear_Iqdref
 .text.MCM_Clarke
                0x08000db8       0x4c Application/User/mc_math.o
                0x08000db8                MCM_Clarke
 .text.MCM_Trig_Functions
                0x08000e04       0x30 Application/User/mc_math.o
                0x08000e04                MCM_Trig_Functions
 .text.MCM_Park
                0x08000e34       0x74 Application/User/mc_math.o
                0x08000e34                MCM_Park
 .text.MCM_Rev_Park
                0x08000ea8       0x3c Application/User/mc_math.o
                0x08000ea8                MCM_Rev_Park
 .text.FOC_Clear
                0x08000ee4       0x7c Application/User/mc_tasks.o
                0x08000ee4                FOC_Clear
 .text.MCboot   0x08000f60      0x1e0 Application/User/mc_tasks.o
                0x08000f60                MCboot
 .text.FOC_InitAdditionalMethods
                0x08001140        0x4 Application/User/mc_tasks.o
                0x08001140                FOC_InitAdditionalMethods
 .text.FOC_CalcCurrRef
                0x08001144       0x2c Application/User/mc_tasks.o
                0x08001144                FOC_CalcCurrRef
 .text.TSK_SetChargeBootCapDelayM1
                0x08001170        0xc Application/User/mc_tasks.o
                0x08001170                TSK_SetChargeBootCapDelayM1
 .text.TSK_ChargeBootCapDelayHasElapsedM1
                0x0800117c       0x14 Application/User/mc_tasks.o
                0x0800117c                TSK_ChargeBootCapDelayHasElapsedM1
 .text.TSK_SetStopPermanencyTimeM1
                0x08001190        0xc Application/User/mc_tasks.o
                0x08001190                TSK_SetStopPermanencyTimeM1
 .text.TSK_StopPermanencyTimeHasElapsedM1
                0x0800119c       0x14 Application/User/mc_tasks.o
                0x0800119c                TSK_StopPermanencyTimeHasElapsedM1
 .text.TSK_MediumFrequencyTaskM1
                0x080011b0      0x154 Application/User/mc_tasks.o
                0x080011b0                TSK_MediumFrequencyTaskM1
 .text.MC_Scheduler
                0x08001304       0x48 Application/User/mc_tasks.o
                0x08001304                MC_Scheduler
 .text.TSK_HighFrequencyTask
                0x0800134c       0xf8 Application/User/mc_tasks.o
                0x0800134c                TSK_HighFrequencyTask
 .text.TSK_SafetyTask_PWMOFF
                0x08001444       0x98 Application/User/mc_tasks.o
                0x08001444                TSK_SafetyTask_PWMOFF
 .text.TSK_SafetyTask
                0x080014dc       0x20 Application/User/mc_tasks.o
                0x080014dc                TSK_SafetyTask
 .text.MC_RunMotorControlTasks
                0x080014fc       0x20 Application/User/mc_tasks.o
                0x080014fc                MC_RunMotorControlTasks
 .text.TSK_HardwareFaultTask
                0x0800151c       0x20 Application/User/mc_tasks.o
                0x0800151c                TSK_HardwareFaultTask
 .text.mc_lock_pins
                0x0800153c      0x188 Application/User/mc_tasks.o
                0x0800153c                mc_lock_pins
 .text.MCP_ReceivedFrame
                0x080016c4      0x684 Application/User/motor_control_protocol.o
                0x080016c4                MCP_ReceivedFrame
 .text.MCP_WaitNextFrame
                0x08001d48       0x1c Application/User/motor_control_protocol.o
                0x08001d48                MCP_WaitNextFrame
 .text.MCP_Init
                0x08001d64       0x48 Application/User/motor_control_protocol.o
                0x08001d64                MCP_Init
 .text.MCP_OnTimeOut
                0x08001dac        0x8 Application/User/motor_control_protocol.o
                0x08001dac                MCP_OnTimeOut
 .text.MCP_SentFrame
                0x08001db4        0x8 Application/User/motor_control_protocol.o
                0x08001db4                MCP_SentFrame
 .text.MX_MotorControl_Init
                0x08001dbc       0x4c Application/User/motorcontrol.o
                0x08001dbc                MX_MotorControl_Init
 .text.RCM_RegisterRegConv
                0x08001e08      0x1a0 Application/User/regular_conversion_manager.o
                0x08001e08                RCM_RegisterRegConv
 .text.RCM_ExecRegularConv
                0x08001fa8      0x180 Application/User/regular_conversion_manager.o
                0x08001fa8                RCM_ExecRegularConv
 .text.RCM_ExecUserConv
                0x08002128      0x1c4 Application/User/regular_conversion_manager.o
                0x08002128                RCM_ExecUserConv
 .text.RCM_ExecNextConv
                0x080022ec       0x88 Application/User/regular_conversion_manager.o
                0x080022ec                RCM_ExecNextConv
 .text.RCM_ReadOngoingConv
                0x08002374       0x40 Application/User/regular_conversion_manager.o
                0x08002374                RCM_ReadOngoingConv
 .text.HAL_MspInit
                0x080023b4       0x48 Application/User/stm32g4xx_hal_msp.o
                0x080023b4                HAL_MspInit
 .text.HAL_ADC_MspInit
                0x080023fc       0xf0 Application/User/stm32g4xx_hal_msp.o
                0x080023fc                HAL_ADC_MspInit
 .text.HAL_COMP_MspInit
                0x080024ec       0xc8 Application/User/stm32g4xx_hal_msp.o
                0x080024ec                HAL_COMP_MspInit
 .text.HAL_CORDIC_MspInit
                0x080025b4       0x30 Application/User/stm32g4xx_hal_msp.o
                0x080025b4                HAL_CORDIC_MspInit
 .text.HAL_DAC_MspInit
                0x080025e4       0x64 Application/User/stm32g4xx_hal_msp.o
                0x080025e4                HAL_DAC_MspInit
 .text.HAL_OPAMP_MspInit
                0x08002648       0xc4 Application/User/stm32g4xx_hal_msp.o
                0x08002648                HAL_OPAMP_MspInit
 .text.HAL_TIM_Base_MspInit
                0x0800270c       0x90 Application/User/stm32g4xx_hal_msp.o
                0x0800270c                HAL_TIM_Base_MspInit
 .text.HAL_TIM_MspPostInit
                0x0800279c       0xb4 Application/User/stm32g4xx_hal_msp.o
                0x0800279c                HAL_TIM_MspPostInit
 .text.HAL_UART_MspInit
                0x08002850       0x68 Application/User/stm32g4xx_hal_msp.o
                0x08002850                HAL_UART_MspInit
 .text.ADC1_2_IRQHandler
                0x080028b8       0x18 Application/User/stm32g4xx_mc_it.o
                0x080028b8                ADC1_2_IRQHandler
 .text.TIM1_UP_TIM16_IRQHandler
                0x080028d0       0x18 Application/User/stm32g4xx_mc_it.o
                0x080028d0                TIM1_UP_TIM16_IRQHandler
 .text.TIM1_BRK_TIM15_IRQHandler
                0x080028e8       0x3c Application/User/stm32g4xx_mc_it.o
                0x080028e8                TIM1_BRK_TIM15_IRQHandler
 .text.TIM4_IRQHandler
                0x08002924       0x38 Application/User/stm32g4xx_mc_it.o
                0x08002924                TIM4_IRQHandler
 .text.USART2_IRQHandler
                0x0800295c       0x6c Application/User/stm32g4xx_mc_it.o
                0x0800295c                USART2_IRQHandler
 .text.HardFault_Handler
                0x080029c8       0x74 Application/User/stm32g4xx_mc_it.o
                0x080029c8                HardFault_Handler
 .text.SysTick_Handler
                0x08002a3c       0x30 Application/User/stm32g4xx_mc_it.o
                0x08002a3c                SysTick_Handler
 .text.EXTI15_10_IRQHandler
                0x08002a6c       0x18 Application/User/stm32g4xx_mc_it.o
                0x08002a6c                EXTI15_10_IRQHandler
 .text.UI_TaskInit
                0x08002a84       0xd4 Application/User/ui_task.o
                0x08002a84                UI_TaskInit
 .text.UI_Scheduler
                0x08002b58       0x38 Application/User/ui_task.o
                0x08002b58                UI_Scheduler
 .text.UI_DACUpdate
                0x08002b90       0x20 Application/User/ui_task.o
                0x08002b90                UI_DACUpdate
 .text.UI_SerialCommunicationTimeOutStop
                0x08002bb0        0xc Application/User/ui_task.o
                0x08002bb0                UI_SerialCommunicationTimeOutStop
 .text.UI_SerialCommunicationTimeOutStart
                0x08002bbc        0xc Application/User/ui_task.o
                0x08002bbc                UI_SerialCommunicationTimeOutStart
 .text.UI_HandleStartStopButton_cb
                0x08002bc8       0x18 Application/User/ui_task.o
                0x08002bc8                UI_HandleStartStopButton_cb
 .text.UI_Init  0x08002be0       0x18 Application/User/user_interface.o
                0x08002be0                UI_Init
 .text.UI_SelectMC
                0x08002bf8       0x10 Application/User/user_interface.o
                0x08002bf8                UI_SelectMC
 .text.UI_GetSelectedMC
                0x08002c08        0x8 Application/User/user_interface.o
                0x08002c08                UI_GetSelectedMC
 .text.UI_SetReg
                0x08002c10      0x18c Application/User/user_interface.o
                0x08002c10                UI_SetReg
 .text.UI_ExecCmd
                0x08002d9c       0x7c Application/User/user_interface.o
                0x08002d9c                UI_ExecCmd
 .text.UI_ExecSpeedRamp
                0x08002e18       0x24 Application/User/user_interface.o
                0x08002e18                UI_ExecSpeedRamp
 .text.UI_ExecTorqueRamp
                0x08002e3c       0x14 Application/User/user_interface.o
                0x08002e3c                UI_ExecTorqueRamp
 .text.UI_GetRevupData
                0x08002e50       0x3c Application/User/user_interface.o
                0x08002e50                UI_GetRevupData
 .text.UI_SetRevupData
                0x08002e8c       0x34 Application/User/user_interface.o
                0x08002e8c                UI_SetRevupData
 .text.UI_SetCurrentReferences
                0x08002ec0       0x1c Application/User/user_interface.o
                0x08002ec0                UI_SetCurrentReferences
 .text.UI_GetMPInfo
                0x08002edc        0x4 Application/User/user_interface.o
                0x08002edc                UI_GetMPInfo
 .text.UI_DACInit
                0x08002ee0        0x8 Application/User/user_interface.o
                0x08002ee0                UI_DACInit
 .text.UI_DACExec
                0x08002ee8        0x8 Application/User/user_interface.o
                0x08002ee8                UI_DACExec
 .text.UI_SetDAC
                0x08002ef0        0x8 Application/User/user_interface.o
                0x08002ef0                UI_SetDAC
 .text.UI_GetDAC
                0x08002ef8        0xc Application/User/user_interface.o
                0x08002ef8                UI_GetDAC
 .text.UI_GetReg
                0x08002f04      0x434 Application/User/user_interface.o
                0x08002f04                UI_GetReg
 .text.SystemInit
                0x08003338       0x1c Drivers/CMSIS/system_stm32g4xx.o
                0x08003338                SystemInit
 .text.HAL_InitTick
                0x08003354       0x48 Drivers/STM32G4xx_HAL_Driver/stm32g4xx_hal.o
                0x08003354                HAL_InitTick
 .text.HAL_Init
                0x0800339c       0x28 Drivers/STM32G4xx_HAL_Driver/stm32g4xx_hal.o
                0x0800339c                HAL_Init
 .text.HAL_IncTick
                0x080033c4       0x18 Drivers/STM32G4xx_HAL_Driver/stm32g4xx_hal.o
                0x080033c4                HAL_IncTick
 .text.HAL_GetTick
                0x080033dc        0xc Drivers/STM32G4xx_HAL_Driver/stm32g4xx_hal.o
                0x080033dc                HAL_GetTick
 .text.HAL_Delay
                0x080033e8       0x24 Drivers/STM32G4xx_HAL_Driver/stm32g4xx_hal.o
                0x080033e8                HAL_Delay
 .text.HAL_ADC_Init
                0x0800340c      0x21c Drivers/STM32G4xx_HAL_Driver/stm32g4xx_hal_adc.o
                0x0800340c                HAL_ADC_Init
 .text.HAL_ADC_ConfigChannel
                0x08003628      0x428 Drivers/STM32G4xx_HAL_Driver/stm32g4xx_hal_adc.o
                0x08003628                HAL_ADC_ConfigChannel
 .text.HAL_ADCEx_InjectedConfigChannel
                0x08003a50      0x544 Drivers/STM32G4xx_HAL_Driver/stm32g4xx_hal_adc_ex.o
                0x08003a50                HAL_ADCEx_InjectedConfigChannel
 .text.HAL_ADCEx_MultiModeConfigChannel
                0x08003f94       0xd4 Drivers/STM32G4xx_HAL_Driver/stm32g4xx_hal_adc_ex.o
                0x08003f94                HAL_ADCEx_MultiModeConfigChannel
 .text.HAL_COMP_Init
                0x08004068      0x148 Drivers/STM32G4xx_HAL_Driver/stm32g4xx_hal_comp.o
                0x08004068                HAL_COMP_Init
 .text.HAL_CORDIC_Init
                0x080041b0       0x34 Drivers/STM32G4xx_HAL_Driver/stm32g4xx_hal_cordic.o
                0x080041b0                HAL_CORDIC_Init
 .text.HAL_NVIC_SetPriorityGrouping
                0x080041e4       0x24 Drivers/STM32G4xx_HAL_Driver/stm32g4xx_hal_cortex.o
                0x080041e4                HAL_NVIC_SetPriorityGrouping
 .text.HAL_NVIC_SetPriority
                0x08004208       0x6c Drivers/STM32G4xx_HAL_Driver/stm32g4xx_hal_cortex.o
                0x08004208                HAL_NVIC_SetPriority
 .text.HAL_NVIC_EnableIRQ
                0x08004274       0x1c Drivers/STM32G4xx_HAL_Driver/stm32g4xx_hal_cortex.o
                0x08004274                HAL_NVIC_EnableIRQ
 .text.HAL_SYSTICK_Config
                0x08004290       0x34 Drivers/STM32G4xx_HAL_Driver/stm32g4xx_hal_cortex.o
                0x08004290                HAL_SYSTICK_Config
 .text.HAL_SYSTICK_Callback
                0x080042c4        0x4 Drivers/STM32G4xx_HAL_Driver/stm32g4xx_hal_cortex.o
                0x080042c4                HAL_SYSTICK_Callback
 .text.HAL_SYSTICK_IRQHandler
                0x080042c8        0x8 Drivers/STM32G4xx_HAL_Driver/stm32g4xx_hal_cortex.o
                0x080042c8                HAL_SYSTICK_IRQHandler
 .text.HAL_DAC_Init
                0x080042d0       0x2c Drivers/STM32G4xx_HAL_Driver/stm32g4xx_hal_dac.o
                0x080042d0                HAL_DAC_Init
 .text.HAL_DAC_ConfigChannel
                0x080042fc      0x1d0 Drivers/STM32G4xx_HAL_Driver/stm32g4xx_hal_dac.o
                0x080042fc                HAL_DAC_ConfigChannel
 .text.HAL_GPIO_Init
                0x080044cc      0x1cc Drivers/STM32G4xx_HAL_Driver/stm32g4xx_hal_gpio.o
                0x080044cc                HAL_GPIO_Init
 .text.HAL_OPAMP_Init
                0x08004698      0x108 Drivers/STM32G4xx_HAL_Driver/stm32g4xx_hal_opamp.o
                0x08004698                HAL_OPAMP_Init
 .text.HAL_PWREx_ControlVoltageScaling
                0x080047a0       0xfc Drivers/STM32G4xx_HAL_Driver/stm32g4xx_hal_pwr_ex.o
                0x080047a0                HAL_PWREx_ControlVoltageScaling
 .text.HAL_RCC_OscConfig
                0x0800489c      0x4a4 Drivers/STM32G4xx_HAL_Driver/stm32g4xx_hal_rcc.o
                0x0800489c                HAL_RCC_OscConfig
 .text.HAL_RCC_ClockConfig
                0x08004d40      0x2dc Drivers/STM32G4xx_HAL_Driver/stm32g4xx_hal_rcc.o
                0x08004d40                HAL_RCC_ClockConfig
 .text.HAL_RCC_GetSysClockFreq
                0x0800501c       0x70 Drivers/STM32G4xx_HAL_Driver/stm32g4xx_hal_rcc.o
                0x0800501c                HAL_RCC_GetSysClockFreq
 .text.HAL_RCC_GetHCLKFreq
                0x0800508c        0xc Drivers/STM32G4xx_HAL_Driver/stm32g4xx_hal_rcc.o
                0x0800508c                HAL_RCC_GetHCLKFreq
 .text.HAL_RCC_GetPCLK1Freq
                0x08005098       0x24 Drivers/STM32G4xx_HAL_Driver/stm32g4xx_hal_rcc.o
                0x08005098                HAL_RCC_GetPCLK1Freq
 .text.HAL_RCC_GetPCLK2Freq
                0x080050bc       0x24 Drivers/STM32G4xx_HAL_Driver/stm32g4xx_hal_rcc.o
                0x080050bc                HAL_RCC_GetPCLK2Freq
 .text.HAL_RCCEx_PeriphCLKConfig
                0x080050e0      0x298 Drivers/STM32G4xx_HAL_Driver/stm32g4xx_hal_rcc_ex.o
                0x080050e0                HAL_RCCEx_PeriphCLKConfig
 .text.HAL_TIM_Base_Init
                0x08005378      0x110 Drivers/STM32G4xx_HAL_Driver/stm32g4xx_hal_tim.o
                0x08005378                HAL_TIM_Base_Init
 .text.HAL_TIM_PWM_MspInit
                0x08005488        0x4 Drivers/STM32G4xx_HAL_Driver/stm32g4xx_hal_tim.o
                0x08005488                HAL_TIM_PWM_MspInit
 .text.HAL_TIM_PWM_Init
                0x0800548c      0x110 Drivers/STM32G4xx_HAL_Driver/stm32g4xx_hal_tim.o
                0x0800548c                HAL_TIM_PWM_Init
 .text.HAL_TIM_PWM_ConfigChannel
                0x0800559c      0x3bc Drivers/STM32G4xx_HAL_Driver/stm32g4xx_hal_tim.o
                0x0800559c                HAL_TIM_PWM_ConfigChannel
 .text.HAL_TIM_ConfigClockSource
                0x08005958      0x190 Drivers/STM32G4xx_HAL_Driver/stm32g4xx_hal_tim.o
                0x08005958                HAL_TIM_ConfigClockSource
 .text.HAL_TIM_SlaveConfigSynchro
                0x08005ae8      0x104 Drivers/STM32G4xx_HAL_Driver/stm32g4xx_hal_tim.o
                0x08005ae8                HAL_TIM_SlaveConfigSynchro
 .text.TIM_Base_SetConfig
                0x08005bec       0xe4 Drivers/STM32G4xx_HAL_Driver/stm32g4xx_hal_tim.o
                0x08005bec                TIM_Base_SetConfig
 .text.TIM_OC2_SetConfig
                0x08005cd0       0x80 Drivers/STM32G4xx_HAL_Driver/stm32g4xx_hal_tim.o
                0x08005cd0                TIM_OC2_SetConfig
 .text.TIM_TI1_SetConfig
                0x08005d50       0x68 Drivers/STM32G4xx_HAL_Driver/stm32g4xx_hal_tim.o
                0x08005d50                TIM_TI1_SetConfig
 .text.HAL_TIMEx_HallSensor_MspInit
                0x08005db8        0x4 Drivers/STM32G4xx_HAL_Driver/stm32g4xx_hal_tim_ex.o
                0x08005db8                HAL_TIMEx_HallSensor_MspInit
 .text.HAL_TIMEx_HallSensor_Init
                0x08005dbc       0xc0 Drivers/STM32G4xx_HAL_Driver/stm32g4xx_hal_tim_ex.o
                0x08005dbc                HAL_TIMEx_HallSensor_Init
 .text.HAL_TIMEx_MasterConfigSynchronization
                0x08005e7c       0x64 Drivers/STM32G4xx_HAL_Driver/stm32g4xx_hal_tim_ex.o
                0x08005e7c                HAL_TIMEx_MasterConfigSynchronization
 .text.HAL_TIMEx_ConfigBreakDeadTime
                0x08005ee0       0x9c Drivers/STM32G4xx_HAL_Driver/stm32g4xx_hal_tim_ex.o
                0x08005ee0                HAL_TIMEx_ConfigBreakDeadTime
 .text.HAL_TIMEx_ConfigBreakInput
                0x08005f7c       0xa4 Drivers/STM32G4xx_HAL_Driver/stm32g4xx_hal_tim_ex.o
                0x08005f7c                HAL_TIMEx_ConfigBreakInput
 .text.UART_AdvFeatureConfig
                0x08006020       0xb0 Drivers/STM32G4xx_HAL_Driver/stm32g4xx_hal_uart.o
                0x08006020                UART_AdvFeatureConfig
 .text.HAL_UART_Init
                0x080060d0      0xbc8 Drivers/STM32G4xx_HAL_Driver/stm32g4xx_hal_uart.o
                0x080060d0                HAL_UART_Init
 .text.HAL_UARTEx_DisableFifoMode
                0x08006c98       0x3c Drivers/STM32G4xx_HAL_Driver/stm32g4xx_hal_uart_ex.o
                0x08006c98                HAL_UARTEx_DisableFifoMode
 .text.HAL_UARTEx_SetTxFifoThreshold
                0x08006cd4       0xa4 Drivers/STM32G4xx_HAL_Driver/stm32g4xx_hal_uart_ex.o
                0x08006cd4                HAL_UARTEx_SetTxFifoThreshold
 .text.HAL_UARTEx_SetRxFifoThreshold
                0x08006d78       0xa4 Drivers/STM32G4xx_HAL_Driver/stm32g4xx_hal_uart_ex.o
                0x08006d78                HAL_UARTEx_SetRxFifoThreshold
 .text.VBS_GetAvBusVoltage_V
                0x08006e1c        0xc Middlewares/MotorControl/bus_voltage_sensor.o
                0x08006e1c                VBS_GetAvBusVoltage_V
 .text.Circle_Limitation
                0x08006e28       0x64 Middlewares/MotorControl/circle_limitation.o
                0x08006e28                Circle_Limitation
 .text.DAC_SetChannelConfig
                0x08006e8c        0x8 Middlewares/MotorControl/dac_common_ui.o
                0x08006e8c                DAC_SetChannelConfig
 .text.DAC_GetChannelConfig
                0x08006e94        0x8 Middlewares/MotorControl/dac_common_ui.o
                0x08006e94                DAC_GetChannelConfig
 .text.DAC_SetUserChannelValue
                0x08006e9c        0x8 Middlewares/MotorControl/dac_common_ui.o
                0x08006e9c                DAC_SetUserChannelValue
 .text.DAC_GetUserChannelValue
                0x08006ea4        0xc Middlewares/MotorControl/dac_common_ui.o
                0x08006ea4                DAC_GetUserChannelValue
 .text.FCP_Init
                0x08006eb0       0x1c Middlewares/MotorControl/frame_communication_protocol.o
                0x08006eb0                FCP_Init
 .text.FCP_SetClient
                0x08006ecc       0x10 Middlewares/MotorControl/frame_communication_protocol.o
                0x08006ecc                FCP_SetClient
 .text.FCP_CalcCRC
                0x08006edc       0x2c Middlewares/MotorControl/frame_communication_protocol.o
                0x08006edc                FCP_CalcCRC
 .text.HALL_Init
                0x08006f08      0x108 Middlewares/MotorControl/hall_speed_pos_fdbk.o
                0x08006f08                HALL_Init
 .text.HALL_Clear
                0x08007010      0x154 Middlewares/MotorControl/hall_speed_pos_fdbk.o
                0x08007010                HALL_Clear
 .text.HALL_CalcElAngle
                0x08007164       0x40 Middlewares/MotorControl/hall_speed_pos_fdbk.o
                0x08007164                HALL_CalcElAngle
 .text.HALL_CalcAvrgMecSpeedUnit
                0x080071a4       0x94 Middlewares/MotorControl/hall_speed_pos_fdbk.o
                0x080071a4                HALL_CalcAvrgMecSpeedUnit
 .text.HALL_TIMx_CC_IRQHandler
                0x08007238      0x358 Middlewares/MotorControl/hall_speed_pos_fdbk.o
                0x08007238                HALL_TIMx_CC_IRQHandler
 .text.HALL_TIMx_UP_IRQHandler
                0x08007590      0x164 Middlewares/MotorControl/hall_speed_pos_fdbk.o
                0x08007590                HALL_TIMx_UP_IRQHandler
 .text.MPM_Clear
                0x080076f4       0x14 Middlewares/MotorControl/motor_power_measurement.o
                0x080076f4                MPM_Clear
 .text.MPM_CalcElMotorPower
                0x08007708       0x40 Middlewares/MotorControl/motor_power_measurement.o
                0x08007708                MPM_CalcElMotorPower
 .text.MPM_GetAvrgElMotorPowerW
                0x08007748        0x8 Middlewares/MotorControl/motor_power_measurement.o
                0x08007748                MPM_GetAvrgElMotorPowerW
 .text.NTC_SetFaultState
                0x08007750       0x1c Middlewares/MotorControl/ntc_temperature_sensor.o
                0x08007750                NTC_SetFaultState
 .text.NTC_Clear
                0x0800776c        0x8 Middlewares/MotorControl/ntc_temperature_sensor.o
                0x0800776c                NTC_Clear
 .text.NTC_Init
                0x08007774       0x24 Middlewares/MotorControl/ntc_temperature_sensor.o
                0x08007774                NTC_Init
 .text.NTC_CalcAvTemp
                0x08007798       0x3c Middlewares/MotorControl/ntc_temperature_sensor.o
                0x08007798                NTC_CalcAvTemp
 .text.NTC_GetAvTemp_C
                0x080077d4       0x2c Middlewares/MotorControl/ntc_temperature_sensor.o
                0x080077d4                NTC_GetAvTemp_C
 .text.PID_HandleInit
                0x08007800       0x10 Middlewares/MotorControl/pid_regulator.o
                0x08007800                PID_HandleInit
 .text.PID_SetKP
                0x08007810        0x4 Middlewares/MotorControl/pid_regulator.o
                0x08007810                PID_SetKP
 .text.PID_SetKI
                0x08007814        0x4 Middlewares/MotorControl/pid_regulator.o
                0x08007814                PID_SetKI
 .text.PID_GetKP
                0x08007818        0x8 Middlewares/MotorControl/pid_regulator.o
                0x08007818                PID_GetKP
 .text.PID_GetKI
                0x08007820        0x8 Middlewares/MotorControl/pid_regulator.o
                0x08007820                PID_GetKI
 .text.PID_SetIntegralTerm
                0x08007828        0x4 Middlewares/MotorControl/pid_regulator.o
                0x08007828                PID_SetIntegralTerm
 .text.PID_GetKPDivisor
                0x0800782c        0x4 Middlewares/MotorControl/pid_regulator.o
                0x0800782c                PID_GetKPDivisor
 .text.PID_GetKIDivisor
                0x08007830        0x4 Middlewares/MotorControl/pid_regulator.o
                0x08007830                PID_GetKIDivisor
 .text.PID_SetKD
                0x08007834        0x4 Middlewares/MotorControl/pid_regulator.o
                0x08007834                PID_SetKD
 .text.PID_GetKD
                0x08007838        0x8 Middlewares/MotorControl/pid_regulator.o
                0x08007838                PID_GetKD
 .text.PI_Controller
                0x08007840       0x88 Middlewares/MotorControl/pid_regulator.o
                0x08007840                PI_Controller
 .text.PID_Controller
                0x080078c8       0x40 Middlewares/MotorControl/pid_regulator.o
                0x080078c8                PID_Controller
 .text.PQD_CalcElMotorPower
                0x08007908       0x6c Middlewares/MotorControl/pqd_motor_power_measurement.o
                0x08007908                PQD_CalcElMotorPower
 .text.startTimers
                0x08007974       0x70 Middlewares/MotorControl/pwm_common.o
                0x08007974                startTimers
 .text.waitForPolarizationEnd
                0x080079e4       0x40 Middlewares/MotorControl/pwm_common.o
                0x080079e4                waitForPolarizationEnd
 .text.PWMC_GetPhaseCurrents
                0x08007a24        0x4 Middlewares/MotorControl/pwm_curr_fdbk.o
                0x08007a24                PWMC_GetPhaseCurrents
 .text.PWMC_SetPhaseVoltage
                0x08007a28      0x228 Middlewares/MotorControl/pwm_curr_fdbk.o
                0x08007a28                PWMC_SetPhaseVoltage
 .text.PWMC_SwitchOffPWM
                0x08007c50        0x4 Middlewares/MotorControl/pwm_curr_fdbk.o
                0x08007c50                PWMC_SwitchOffPWM
 .text.PWMC_CurrentReadingCalibr
                0x08007c54       0x54 Middlewares/MotorControl/pwm_curr_fdbk.o
                0x08007c54                PWMC_CurrentReadingCalibr
 .text.PWMC_CheckOverCurrent
                0x08007ca8        0x4 Middlewares/MotorControl/pwm_curr_fdbk.o
                0x08007ca8                PWMC_CheckOverCurrent
 .text.R3_2_GetPhaseCurrents
                0x08007cac      0x18c Middlewares/MotorControl/r3_2_g4xx_pwm_curr_fdbk.o
                0x08007cac                R3_2_GetPhaseCurrents
 .text.R3_2_SetADCSampPointPolarization
                0x08007e38       0x3c Middlewares/MotorControl/r3_2_g4xx_pwm_curr_fdbk.o
                0x08007e38                R3_2_SetADCSampPointPolarization
 .text.R3_2_SetADCSampPointSectX
                0x08007e74       0x74 Middlewares/MotorControl/r3_2_g4xx_pwm_curr_fdbk.o
                0x08007e74                R3_2_SetADCSampPointSectX
 .text.R3_2_HFCurrentsPolarizationAB
                0x08007ee8       0x44 Middlewares/MotorControl/r3_2_g4xx_pwm_curr_fdbk.o
 .text.R3_2_HFCurrentsPolarizationC
                0x08007f2c       0x3c Middlewares/MotorControl/r3_2_g4xx_pwm_curr_fdbk.o
 .text.R3_2_TurnOnLowSides
                0x08007f68       0x50 Middlewares/MotorControl/r3_2_g4xx_pwm_curr_fdbk.o
                0x08007f68                R3_2_TurnOnLowSides
 .text.R3_2_SwitchOnPWM
                0x08007fb8       0x90 Middlewares/MotorControl/r3_2_g4xx_pwm_curr_fdbk.o
                0x08007fb8                R3_2_SwitchOnPWM
 .text.R3_2_SwitchOffPWM
                0x08008048       0x60 Middlewares/MotorControl/r3_2_g4xx_pwm_curr_fdbk.o
                0x08008048                R3_2_SwitchOffPWM
 .text.R3_2_RLGetPhaseCurrents
                0x080080a8       0x58 Middlewares/MotorControl/r3_2_g4xx_pwm_curr_fdbk.o
 .text.R3_2_RLTurnOnLowSides
                0x08008100       0x44 Middlewares/MotorControl/r3_2_g4xx_pwm_curr_fdbk.o
 .text.R3_2_RLSwitchOnPWM
                0x08008144       0xa4 Middlewares/MotorControl/r3_2_g4xx_pwm_curr_fdbk.o
 .text.R3_2_Init
                0x080081e8      0x4cc Middlewares/MotorControl/r3_2_g4xx_pwm_curr_fdbk.o
                0x080081e8                R3_2_Init
 .text.R3_2_CurrentReadingPolarization
                0x080086b4      0x134 Middlewares/MotorControl/r3_2_g4xx_pwm_curr_fdbk.o
                0x080086b4                R3_2_CurrentReadingPolarization
 .text.R3_2_TIMx_UP_IRQHandler
                0x080087e8       0x98 Middlewares/MotorControl/r3_2_g4xx_pwm_curr_fdbk.o
                0x080087e8                R3_2_TIMx_UP_IRQHandler
 .text.R3_2_BRK2_IRQHandler
                0x08008880       0x40 Middlewares/MotorControl/r3_2_g4xx_pwm_curr_fdbk.o
                0x08008880                R3_2_BRK2_IRQHandler
 .text.R3_2_BRK_IRQHandler
                0x080088c0       0x20 Middlewares/MotorControl/r3_2_g4xx_pwm_curr_fdbk.o
                0x080088c0                R3_2_BRK_IRQHandler
 .text.R3_2_IsOverCurrentOccurred
                0x080088e0       0x28 Middlewares/MotorControl/r3_2_g4xx_pwm_curr_fdbk.o
                0x080088e0                R3_2_IsOverCurrentOccurred
 .text.R3_2_RLDetectionModeEnable
                0x08008908       0xd0 Middlewares/MotorControl/r3_2_g4xx_pwm_curr_fdbk.o
                0x08008908                R3_2_RLDetectionModeEnable
 .text.R3_2_RLDetectionModeDisable
                0x080089d8      0x128 Middlewares/MotorControl/r3_2_g4xx_pwm_curr_fdbk.o
                0x080089d8                R3_2_RLDetectionModeDisable
 .text.R3_2_RLDetectionModeSetDuty
                0x08008b00       0x6c Middlewares/MotorControl/r3_2_g4xx_pwm_curr_fdbk.o
                0x08008b00                R3_2_RLDetectionModeSetDuty
 .text.RVBS_Clear
                0x08008b6c       0x3c Middlewares/MotorControl/r_divider_bus_voltage_sensor.o
                0x08008b6c                RVBS_Clear
 .text.RVBS_Init
                0x08008ba8       0x18 Middlewares/MotorControl/r_divider_bus_voltage_sensor.o
                0x08008ba8                RVBS_Init
 .text.RVBS_CheckFaultState
                0x08008bc0       0x18 Middlewares/MotorControl/r_divider_bus_voltage_sensor.o
                0x08008bc0                RVBS_CheckFaultState
 .text.RVBS_CalcAvVbus
                0x08008bd8       0x6c Middlewares/MotorControl/r_divider_bus_voltage_sensor.o
                0x08008bd8                RVBS_CalcAvVbus
 .text.REMNG_Init
                0x08008c44       0x10 Middlewares/MotorControl/ramp_ext_mngr.o
                0x08008c44                REMNG_Init
 .text.SPD_GetElAngle
                0x08008c54        0x8 Middlewares/MotorControl/speed_pos_fdbk.o
                0x08008c54                SPD_GetElAngle
 .text.SPD_GetAvrgMecSpeedUnit
                0x08008c5c        0x8 Middlewares/MotorControl/speed_pos_fdbk.o
                0x08008c5c                SPD_GetAvrgMecSpeedUnit
 .text.SPD_GetInstElSpeedDpp
                0x08008c64        0x8 Middlewares/MotorControl/speed_pos_fdbk.o
                0x08008c64                SPD_GetInstElSpeedDpp
 .text.SPD_IsMecSpeedReliable
                0x08008c6c       0x60 Middlewares/MotorControl/speed_pos_fdbk.o
                0x08008c6c                SPD_IsMecSpeedReliable
 .text.SPD_GetS16Speed
                0x08008ccc       0x14 Middlewares/MotorControl/speed_pos_fdbk.o
                0x08008ccc                SPD_GetS16Speed
 .text.STC_Init
                0x08008ce0       0x28 Middlewares/MotorControl/speed_torq_ctrl.o
                0x08008ce0                STC_Init
 .text.STC_GetSpeedSensor
                0x08008d08        0x4 Middlewares/MotorControl/speed_torq_ctrl.o
                0x08008d08                STC_GetSpeedSensor
 .text.STC_Clear
                0x08008d0c       0x10 Middlewares/MotorControl/speed_torq_ctrl.o
                0x08008d0c                STC_Clear
 .text.STC_GetMecSpeedRefUnit
                0x08008d1c       0x10 Middlewares/MotorControl/speed_torq_ctrl.o
                0x08008d1c                STC_GetMecSpeedRefUnit
 .text.STC_GetTorqueRef
                0x08008d2c       0x10 Middlewares/MotorControl/speed_torq_ctrl.o
                0x08008d2c                STC_GetTorqueRef
 .text.STC_SetControlMode
                0x08008d3c        0x8 Middlewares/MotorControl/speed_torq_ctrl.o
                0x08008d3c                STC_SetControlMode
 .text.STC_ExecRamp
                0x08008d44       0x94 Middlewares/MotorControl/speed_torq_ctrl.o
                0x08008d44                STC_ExecRamp
 .text.STC_StopRamp
                0x08008dd8        0x8 Middlewares/MotorControl/speed_torq_ctrl.o
                0x08008dd8                STC_StopRamp
 .text.STC_CalcTorqueReference
                0x08008de0       0xac Middlewares/MotorControl/speed_torq_ctrl.o
                0x08008de0                STC_CalcTorqueReference
 .text.STC_GetMecSpeedRefUnitDefault
                0x08008e8c        0x8 Middlewares/MotorControl/speed_torq_ctrl.o
                0x08008e8c                STC_GetMecSpeedRefUnitDefault
 .text.STC_GetMaxAppPositiveMecSpeedUnit
                0x08008e94        0x4 Middlewares/MotorControl/speed_torq_ctrl.o
                0x08008e94                STC_GetMaxAppPositiveMecSpeedUnit
 .text.STC_GetMinAppNegativeMecSpeedUnit
                0x08008e98        0x8 Middlewares/MotorControl/speed_torq_ctrl.o
                0x08008e98                STC_GetMinAppNegativeMecSpeedUnit
 .text.STC_GetDefaultIqdref
                0x08008ea0       0x18 Middlewares/MotorControl/speed_torq_ctrl.o
                0x08008ea0                STC_GetDefaultIqdref
 .text.STC_ForceSpeedReferenceToCurrentSpeed
                0x08008eb8       0x10 Middlewares/MotorControl/speed_torq_ctrl.o
                0x08008eb8                STC_ForceSpeedReferenceToCurrentSpeed
 .text.STM_Init
                0x08008ec8        0xc Middlewares/MotorControl/state_machine.o
                0x08008ec8                STM_Init
 .text.STM_FaultProcessing
                0x08008ed4       0x34 Middlewares/MotorControl/state_machine.o
                0x08008ed4                STM_FaultProcessing
 .text.STM_NextState
                0x08008f08       0xe8 Middlewares/MotorControl/state_machine.o
                0x08008f08                STM_NextState
 .text.STM_GetState
                0x08008ff0        0x4 Middlewares/MotorControl/state_machine.o
                0x08008ff0                STM_GetState
 .text.STM_FaultAcknowledged
                0x08008ff4       0x18 Middlewares/MotorControl/state_machine.o
                0x08008ff4                STM_FaultAcknowledged
 .text.STM_GetFaultState
                0x0800900c        0xc Middlewares/MotorControl/state_machine.o
                0x0800900c                STM_GetFaultState
 .text.UFCP_Init
                0x08009018        0x4 Middlewares/MotorControl/usart_frame_communication_protocol.o
                0x08009018                UFCP_Init
 .text.UFCP_TX_IRQ_Handler
                0x0800901c       0x60 Middlewares/MotorControl/usart_frame_communication_protocol.o
                0x0800901c                UFCP_TX_IRQ_Handler
 .text.UFCP_Receive
                0x0800907c       0x24 Middlewares/MotorControl/usart_frame_communication_protocol.o
                0x0800907c                UFCP_Receive
 .text.UFCP_Send
                0x080090a0      0x124 Middlewares/MotorControl/usart_frame_communication_protocol.o
                0x080090a0                UFCP_Send
 .text.UFCP_RX_IRQ_Handler
                0x080091c4       0xc4 Middlewares/MotorControl/usart_frame_communication_protocol.o
                0x080091c4                UFCP_RX_IRQ_Handler
 .text.UFCP_OVR_IRQ_Handler
                0x08009288       0x1c Middlewares/MotorControl/usart_frame_communication_protocol.o
                0x08009288                UFCP_OVR_IRQ_Handler
 .text.UFCP_AbortReceive
                0x080092a4        0x8 Middlewares/MotorControl/usart_frame_communication_protocol.o
                0x080092a4                UFCP_AbortReceive
 .text.RUC_SetPhaseDurationms
                0x080092ac        0xc D:\work\bastet\BldcBench-master\BG431MC\BG431MC\MCSDK_v5.4.4\MotorControl\lib/libmc-gcc_M4_NoCCMRAM.lib(revup_ctrl.o)
                0x080092ac                RUC_SetPhaseDurationms
 .text.RUC_SetPhaseFinalMecSpeedUnit
                0x080092b8        0xc D:\work\bastet\BldcBench-master\BG431MC\BG431MC\MCSDK_v5.4.4\MotorControl\lib/libmc-gcc_M4_NoCCMRAM.lib(revup_ctrl.o)
                0x080092b8                RUC_SetPhaseFinalMecSpeedUnit
 .text.RUC_SetPhaseFinalTorque
                0x080092c4        0xc D:\work\bastet\BldcBench-master\BG431MC\BG431MC\MCSDK_v5.4.4\MotorControl\lib/libmc-gcc_M4_NoCCMRAM.lib(revup_ctrl.o)
                0x080092c4                RUC_SetPhaseFinalTorque
 .text.RUC_GetPhaseDurationms
                0x080092d0        0xc D:\work\bastet\BldcBench-master\BG431MC\BG431MC\MCSDK_v5.4.4\MotorControl\lib/libmc-gcc_M4_NoCCMRAM.lib(revup_ctrl.o)
                0x080092d0                RUC_GetPhaseDurationms
 .text.RUC_GetPhaseFinalMecSpeedUnit
                0x080092dc       0x10 D:\work\bastet\BldcBench-master\BG431MC\BG431MC\MCSDK_v5.4.4\MotorControl\lib/libmc-gcc_M4_NoCCMRAM.lib(revup_ctrl.o)
                0x080092dc                RUC_GetPhaseFinalMecSpeedUnit
 .text.RUC_GetPhaseFinalTorque
                0x080092ec       0x10 D:\work\bastet\BldcBench-master\BG431MC\BG431MC\MCSDK_v5.4.4\MotorControl\lib/libmc-gcc_M4_NoCCMRAM.lib(revup_ctrl.o)
                0x080092ec                RUC_GetPhaseFinalTorque
 .text.RUC_GetNumberOfPhases
                0x080092fc        0x8 D:\work\bastet\BldcBench-master\BG431MC\BG431MC\MCSDK_v5.4.4\MotorControl\lib/libmc-gcc_M4_NoCCMRAM.lib(revup_ctrl.o)
                0x080092fc                RUC_GetNumberOfPhases
 .text.__libc_init_array
                0x08009304       0x48 d:/ac6/systemworkbench/plugins/fr.ac6.mcu.externaltools.arm-none.win32_1.17.0.201812190825/tools/compiler/bin/../lib/gcc/arm-none-eabi/7.3.1/../../../../arm-none-eabi/lib/thumb/v7e-m/fpv4-sp/hard\libc_nano.a(lib_a-init.o)
                0x08009304                __libc_init_array
 .text.memset   0x0800934c       0x10 d:/ac6/systemworkbench/plugins/fr.ac6.mcu.externaltools.arm-none.win32_1.17.0.201812190825/tools/compiler/bin/../lib/gcc/arm-none-eabi/7.3.1/../../../../arm-none-eabi/lib/thumb/v7e-m/fpv4-sp/hard\libc_nano.a(lib_a-memset.o)
                0x0800934c                memset
 *(.glue_7)
 .glue_7        0x0800935c        0x0 linker stubs
 *(.glue_7t)
 .glue_7t       0x0800935c        0x0 linker stubs
 *(.eh_frame)
 .eh_frame      0x0800935c        0x0 d:/ac6/systemworkbench/plugins/fr.ac6.mcu.externaltools.arm-none.win32_1.17.0.201812190825/tools/compiler/bin/../lib/gcc/arm-none-eabi/7.3.1/thumb/v7e-m/fpv4-sp/hard/crtbegin.o
 *(.init)
 .init          0x0800935c        0x4 d:/ac6/systemworkbench/plugins/fr.ac6.mcu.externaltools.arm-none.win32_1.17.0.201812190825/tools/compiler/bin/../lib/gcc/arm-none-eabi/7.3.1/thumb/v7e-m/fpv4-sp/hard/crti.o
                0x0800935c                _init
 .init          0x08009360        0x8 d:/ac6/systemworkbench/plugins/fr.ac6.mcu.externaltools.arm-none.win32_1.17.0.201812190825/tools/compiler/bin/../lib/gcc/arm-none-eabi/7.3.1/thumb/v7e-m/fpv4-sp/hard/crtn.o
 *(.fini)
 .fini          0x08009368        0x4 d:/ac6/systemworkbench/plugins/fr.ac6.mcu.externaltools.arm-none.win32_1.17.0.201812190825/tools/compiler/bin/../lib/gcc/arm-none-eabi/7.3.1/thumb/v7e-m/fpv4-sp/hard/crti.o
                0x08009368                _fini
 .fini          0x0800936c        0x8 d:/ac6/systemworkbench/plugins/fr.ac6.mcu.externaltools.arm-none.win32_1.17.0.201812190825/tools/compiler/bin/../lib/gcc/arm-none-eabi/7.3.1/thumb/v7e-m/fpv4-sp/hard/crtn.o
                0x08009374                . = ALIGN (0x4)
                0x08009374                _etext = .

.vfp11_veneer   0x08009374        0x0
 .vfp11_veneer  0x08009374        0x0 linker stubs

.v4_bx          0x08009374        0x0
 .v4_bx         0x08009374        0x0 linker stubs

.iplt           0x08009374        0x0
 .iplt          0x08009374        0x0 d:/ac6/systemworkbench/plugins/fr.ac6.mcu.externaltools.arm-none.win32_1.17.0.201812190825/tools/compiler/bin/../lib/gcc/arm-none-eabi/7.3.1/thumb/v7e-m/fpv4-sp/hard/crtbegin.o

.rodata         0x08009374      0x284
                0x08009374                . = ALIGN (0x4)
 *(.rodata)
 .rodata        0x08009374      0x130 Application/User/mc_parameters.o
                0x08009374                R3_2_ParamsM1
                0x08009438                R3_3_OPAMPParamsM1
 .rodata        0x080094a4       0x20 Application/User/motorcontrol.o
                0x080094a4                s_fwVer
 .rodata        0x080094c4       0x18 Drivers/CMSIS/system_stm32g4xx.o
                0x080094c4                AHBPrescTable
                0x080094d4                APBPrescTable
 .rodata        0x080094dc      0x100 Drivers/STM32G4xx_HAL_Driver/stm32g4xx_hal_tim_ex.o
 .rodata        0x080095dc       0x14 Drivers/STM32G4xx_HAL_Driver/stm32g4xx_hal_uart.o
 .rodata        0x080095f0        0x6 Middlewares/MotorControl/usart_frame_communication_protocol.o
 *(.rodata*)
                0x080095f8                . = ALIGN (0x4)
 *fill*         0x080095f6        0x2 

.ARM.extab
 *(.ARM.extab* .gnu.linkonce.armextab.*)

.ARM            0x080095f8        0x8
                0x080095f8                __exidx_start = .
 *(.ARM.exidx*)
 .ARM.exidx     0x080095f8        0x8 d:/ac6/systemworkbench/plugins/fr.ac6.mcu.externaltools.arm-none.win32_1.17.0.201812190825/tools/compiler/bin/../lib/gcc/arm-none-eabi/7.3.1/thumb/v7e-m/fpv4-sp/hard\libgcc.a(_udivmoddi4.o)
                0x08009600                __exidx_end = .

.rel.dyn        0x08009600        0x0
 .rel.iplt      0x08009600        0x0 d:/ac6/systemworkbench/plugins/fr.ac6.mcu.externaltools.arm-none.win32_1.17.0.201812190825/tools/compiler/bin/../lib/gcc/arm-none-eabi/7.3.1/thumb/v7e-m/fpv4-sp/hard/crtbegin.o

.preinit_array  0x08009600        0x0
                0x08009600                PROVIDE (__preinit_array_start = .)
 *(.preinit_array*)
                0x08009600                PROVIDE (__preinit_array_end = .)

.init_array     0x08009600        0x4
                0x08009600                PROVIDE (__init_array_start = .)
 *(SORT_BY_NAME(.init_array.*))
 *(.init_array*)
 .init_array    0x08009600        0x4 d:/ac6/systemworkbench/plugins/fr.ac6.mcu.externaltools.arm-none.win32_1.17.0.201812190825/tools/compiler/bin/../lib/gcc/arm-none-eabi/7.3.1/thumb/v7e-m/fpv4-sp/hard/crtbegin.o
                0x08009604                PROVIDE (__init_array_end = .)

.fini_array     0x08009604        0x4
                [!provide]                PROVIDE (__fini_array_start = .)
 *(SORT_BY_NAME(.fini_array.*))
 *(.fini_array*)
 .fini_array    0x08009604        0x4 d:/ac6/systemworkbench/plugins/fr.ac6.mcu.externaltools.arm-none.win32_1.17.0.201812190825/tools/compiler/bin/../lib/gcc/arm-none-eabi/7.3.1/thumb/v7e-m/fpv4-sp/hard/crtbegin.o
                [!provide]                PROVIDE (__fini_array_end = .)
                0x08009608                _sidata = LOADADDR (.data)

.data           0x20000000      0x5ec load address 0x08009608
                0x20000000                . = ALIGN (0x4)
                0x20000000                _sdata = .
 *(.data)
 .data          0x20000000      0x5d8 Application/User/mc_config.o
                0x20000000                pUSART
                0x2000013c                CircleLimitationM1
                0x200001f0                RampExtMngrHFParamsM1
                0x20000208                DAC_UI_Params
                0x20000244                UI_Params
                0x20000274                RealBusVoltageSensorParamsM1
                0x2000029c                TempSensorParamsM1
                0x200002c4                HALL_M1
                0x2000038c                PWM_Handle_M1
                0x20000408                SpeednTorqCtrlM1
                0x2000043c                PIDIdHandle_M1
                0x20000468                PIDIqHandle_M1
                0x20000494                PIDSpeedHandle_M1
                0x200004c0                pPQD_MotorPowMeasM1
                0x200004c4                PQD_MotorPowMeasM1
 .data          0x200005d8        0x4 Application/User/motorcontrol.o
                0x200005d8                wConfig
 .data          0x200005dc        0x1 Application/User/stm32g4xx_mc_it.o
 *fill*         0x200005dd        0x1 
 .data          0x200005de        0x2 Application/User/ui_task.o
 .data          0x200005e0        0x4 Drivers/CMSIS/system_stm32g4xx.o
                0x200005e0                SystemCoreClock
 .data          0x200005e4        0x8 Drivers/STM32G4xx_HAL_Driver/stm32g4xx_hal.o
                0x200005e4                uwTickFreq
                0x200005e8                uwTickPrio
 *(.data*)
                0x200005ec                . = ALIGN (0x4)
                0x200005ec                _edata = .

.igot.plt       0x200005ec        0x0 load address 0x08009bf4
 .igot.plt      0x200005ec        0x0 d:/ac6/systemworkbench/plugins/fr.ac6.mcu.externaltools.arm-none.win32_1.17.0.201812190825/tools/compiler/bin/../lib/gcc/arm-none-eabi/7.3.1/thumb/v7e-m/fpv4-sp/hard/crtbegin.o
                0x200005ec                . = ALIGN (0x4)

.bss            0x200005ec      0x594 load address 0x08009bf4
                0x200005ec                _sbss = .
                0x200005ec                __bss_start__ = _sbss
 *(.bss)
 .bss           0x200005ec       0x1c d:/ac6/systemworkbench/plugins/fr.ac6.mcu.externaltools.arm-none.win32_1.17.0.201812190825/tools/compiler/bin/../lib/gcc/arm-none-eabi/7.3.1/thumb/v7e-m/fpv4-sp/hard/crtbegin.o
 .bss           0x20000608        0x8 Application/User/mc_tasks.o
                0x20000608                bMCBootCompleted
 .bss           0x20000610        0x8 Application/User/motor_control_protocol.o
                0x20000610                MPInfo
 .bss           0x20000618        0x4 Application/User/stm32g4xx_hal_msp.o
 .bss           0x2000061c        0xc Application/User/ui_task.o
                0x2000061c                pDAC
                0x20000620                pMCP
 .bss           0x20000628        0x4 Middlewares/MotorControl/speed_torq_ctrl.o
 *(.bss*)
 *(COMMON)
 COMMON         0x2000062c      0x340 Application/User/main.o
                0x2000062c                hopamp2
                0x20000668                htim4
                0x200006a8                hdac1
                0x200006bc                hadc2
                0x20000728                hopamp3
                0x20000764                hcomp1
                0x20000788                hopamp1
                0x200007c4                hcomp4
                0x200007e8                hadc1
                0x20000854                hcordic
                0x2000087c                htim1
                0x200008bc                hcomp2
                0x200008e0                huart2
 COMMON         0x2000096c        0xc Application/User/mc_config.o
                0x2000096c                RealBusVoltageSensorFilterBufferM1
 COMMON         0x20000978       0xd4 Application/User/mc_tasks.o
                0x20000978                pOCPDisabling
                0x2000097c                pTemperatureSensor
                0x20000980                pwmcHandle
                0x20000984                pPIDSpeed
                0x20000988                pPIDIq
                0x2000098c                oMCInterface
                0x20000990                pR_Brake
                0x20000994                FOCVars
                0x200009bc                MCT
                0x20000a10                pCLM
                0x20000a14                pBusSensorM1
                0x20000a18                Mci
                0x20000a34                STM
                0x20000a3c                pREMNG
                0x20000a40                pMPM
                0x20000a44                pPIDId
                0x20000a48                pSTC
 COMMON         0x20000a4c        0x8 Application/User/motorcontrol.o
                0x20000a4c                pMCI
                0x20000a50                pMCT
 COMMON         0x20000a54       0x52 Application/User/regular_conversion_manager.o
                0x20000a54                RCM_currentHandle
                0x20000a55                RCM_UserConvHandle
                0x20000a58                RCM_NoInj_array
                0x20000a70                RCM_CB_array
                0x20000a90                RCM_UserConvState
                0x20000a94                RCM_handle_array
                0x20000aa4                RCM_UserConvValue
 *fill*         0x20000aa6        0x2 
 COMMON         0x20000aa8       0xcc Application/User/ui_task.o
                0x20000aa8                MCP_UI_Params
 COMMON         0x20000b74        0x4 Drivers/STM32G4xx_HAL_Driver/stm32g4xx_hal.o
                0x20000b74                uwTick
 COMMON         0x20000b78        0x8 Middlewares/MotorControl/speed_torq_ctrl.o
                0x20000b78                tempTorque
                0x20000b7a                tempSpeed
                0x20000b7c                tempMesSpeed
                0x20000b7e                der
                0x20000b80                . = ALIGN (0x4)
                0x20000b80                _ebss = .
                0x20000b80                __bss_end__ = _ebss

._user_heap_stack
                0x20000b80      0x600 load address 0x08009bf4
                0x20000b80                . = ALIGN (0x8)
                0x20000b80                PROVIDE (end = .)
                [!provide]                PROVIDE (_end = .)
                0x20000d80                . = (. + _Min_Heap_Size)
 *fill*         0x20000b80      0x200 
                0x20001180                . = (. + _Min_Stack_Size)
 *fill*         0x20000d80      0x400 
                0x20001180                . = ALIGN (0x8)

/DISCARD/
 libc.a(*)
 libm.a(*)
 libgcc.a(*)

.ARM.attributes
                0x00000000       0x30
 *(.ARM.attributes)
 .ARM.attributes
                0x00000000       0x22 d:/ac6/systemworkbench/plugins/fr.ac6.mcu.externaltools.arm-none.win32_1.17.0.201812190825/tools/compiler/bin/../lib/gcc/arm-none-eabi/7.3.1/thumb/v7e-m/fpv4-sp/hard/crti.o
 .ARM.attributes
                0x00000022       0x34 d:/ac6/systemworkbench/plugins/fr.ac6.mcu.externaltools.arm-none.win32_1.17.0.201812190825/tools/compiler/bin/../lib/gcc/arm-none-eabi/7.3.1/thumb/v7e-m/fpv4-sp/hard/crtbegin.o
 .ARM.attributes
                0x00000056       0x21 Application/SW4STM32/startup_stm32g431xx.o
 .ARM.attributes
                0x00000077       0x39 Application/User/dac_ui.o
 .ARM.attributes
                0x000000b0       0x39 Application/User/main.o
 .ARM.attributes
                0x000000e9       0x39 Application/User/mc_api.o
 .ARM.attributes
                0x00000122       0x39 Application/User/mc_config.o
 .ARM.attributes
                0x0000015b       0x39 Application/User/mc_interface.o
 .ARM.attributes
                0x00000194       0x39 Application/User/mc_math.o
 .ARM.attributes
                0x000001cd       0x39 Application/User/mc_parameters.o
 .ARM.attributes
                0x00000206       0x39 Application/User/mc_tasks.o
 .ARM.attributes
                0x0000023f       0x39 Application/User/motor_control_protocol.o
 .ARM.attributes
                0x00000278       0x39 Application/User/motorcontrol.o
 .ARM.attributes
                0x000002b1       0x39 Application/User/regular_conversion_manager.o
 .ARM.attributes
                0x000002ea       0x39 Application/User/stm32g4xx_hal_msp.o
 .ARM.attributes
                0x00000323       0x39 Application/User/stm32g4xx_mc_it.o
 .ARM.attributes
                0x0000035c       0x39 Application/User/ui_task.o
 .ARM.attributes
                0x00000395       0x39 Application/User/user_interface.o
 .ARM.attributes
                0x000003ce       0x39 Drivers/CMSIS/system_stm32g4xx.o
 .ARM.attributes
                0x00000407       0x39 Drivers/STM32G4xx_HAL_Driver/stm32g4xx_hal.o
 .ARM.attributes
                0x00000440       0x39 Drivers/STM32G4xx_HAL_Driver/stm32g4xx_hal_adc.o
 .ARM.attributes
                0x00000479       0x39 Drivers/STM32G4xx_HAL_Driver/stm32g4xx_hal_adc_ex.o
 .ARM.attributes
                0x000004b2       0x39 Drivers/STM32G4xx_HAL_Driver/stm32g4xx_hal_comp.o
 .ARM.attributes
                0x000004eb       0x39 Drivers/STM32G4xx_HAL_Driver/stm32g4xx_hal_cordic.o
 .ARM.attributes
                0x00000524       0x39 Drivers/STM32G4xx_HAL_Driver/stm32g4xx_hal_cortex.o
 .ARM.attributes
                0x0000055d       0x39 Drivers/STM32G4xx_HAL_Driver/stm32g4xx_hal_dac.o
 .ARM.attributes
                0x00000596       0x39 Drivers/STM32G4xx_HAL_Driver/stm32g4xx_hal_gpio.o
 .ARM.attributes
                0x000005cf       0x39 Drivers/STM32G4xx_HAL_Driver/stm32g4xx_hal_opamp.o
 .ARM.attributes
                0x00000608       0x39 Drivers/STM32G4xx_HAL_Driver/stm32g4xx_hal_pwr_ex.o
 .ARM.attributes
                0x00000641       0x39 Drivers/STM32G4xx_HAL_Driver/stm32g4xx_hal_rcc.o
 .ARM.attributes
                0x0000067a       0x39 Drivers/STM32G4xx_HAL_Driver/stm32g4xx_hal_rcc_ex.o
 .ARM.attributes
                0x000006b3       0x39 Drivers/STM32G4xx_HAL_Driver/stm32g4xx_hal_tim.o
 .ARM.attributes
                0x000006ec       0x39 Drivers/STM32G4xx_HAL_Driver/stm32g4xx_hal_tim_ex.o
 .ARM.attributes
                0x00000725       0x39 Drivers/STM32G4xx_HAL_Driver/stm32g4xx_hal_uart.o
 .ARM.attributes
                0x0000075e       0x39 Drivers/STM32G4xx_HAL_Driver/stm32g4xx_hal_uart_ex.o
 .ARM.attributes
                0x00000797       0x39 Middlewares/MotorControl/bus_voltage_sensor.o
 .ARM.attributes
                0x000007d0       0x39 Middlewares/MotorControl/circle_limitation.o
 .ARM.attributes
                0x00000809       0x39 Middlewares/MotorControl/dac_common_ui.o
 .ARM.attributes
                0x00000842       0x39 Middlewares/MotorControl/frame_communication_protocol.o
 .ARM.attributes
                0x0000087b       0x39 Middlewares/MotorControl/hall_speed_pos_fdbk.o
 .ARM.attributes
                0x000008b4       0x39 Middlewares/MotorControl/motor_power_measurement.o
 .ARM.attributes
                0x000008ed       0x39 Middlewares/MotorControl/ntc_temperature_sensor.o
 .ARM.attributes
                0x00000926       0x39 Middlewares/MotorControl/pid_regulator.o
 .ARM.attributes
                0x0000095f       0x39 Middlewares/MotorControl/pqd_motor_power_measurement.o
 .ARM.attributes
                0x00000998       0x39 Middlewares/MotorControl/pwm_common.o
 .ARM.attributes
                0x000009d1       0x39 Middlewares/MotorControl/pwm_curr_fdbk.o
 .ARM.attributes
                0x00000a0a       0x39 Middlewares/MotorControl/r3_2_g4xx_pwm_curr_fdbk.o
 .ARM.attributes
                0x00000a43       0x39 Middlewares/MotorControl/r_divider_bus_voltage_sensor.o
 .ARM.attributes
                0x00000a7c       0x39 Middlewares/MotorControl/ramp_ext_mngr.o
 .ARM.attributes
                0x00000ab5       0x39 Middlewares/MotorControl/speed_pos_fdbk.o
 .ARM.attributes
                0x00000aee       0x39 Middlewares/MotorControl/speed_torq_ctrl.o
 .ARM.attributes
                0x00000b27       0x39 Middlewares/MotorControl/state_machine.o
 .ARM.attributes
                0x00000b60       0x39 Middlewares/MotorControl/usart_frame_communication_protocol.o
 .ARM.attributes
                0x00000b99       0x35 D:\work\bastet\BldcBench-master\BG431MC\BG431MC\MCSDK_v5.4.4\MotorControl\lib/libmc-gcc_M4_NoCCMRAM.lib(revup_ctrl.o)
 .ARM.attributes
                0x00000bce       0x22 d:/ac6/systemworkbench/plugins/fr.ac6.mcu.externaltools.arm-none.win32_1.17.0.201812190825/tools/compiler/bin/../lib/gcc/arm-none-eabi/7.3.1/thumb/v7e-m/fpv4-sp/hard\libgcc.a(_aeabi_uldivmod.o)
 .ARM.attributes
                0x00000bf0       0x34 d:/ac6/systemworkbench/plugins/fr.ac6.mcu.externaltools.arm-none.win32_1.17.0.201812190825/tools/compiler/bin/../lib/gcc/arm-none-eabi/7.3.1/thumb/v7e-m/fpv4-sp/hard\libgcc.a(_udivmoddi4.o)
 .ARM.attributes
                0x00000c24       0x22 d:/ac6/systemworkbench/plugins/fr.ac6.mcu.externaltools.arm-none.win32_1.17.0.201812190825/tools/compiler/bin/../lib/gcc/arm-none-eabi/7.3.1/thumb/v7e-m/fpv4-sp/hard\libgcc.a(_dvmd_tls.o)
 .ARM.attributes
                0x00000c46       0x34 d:/ac6/systemworkbench/plugins/fr.ac6.mcu.externaltools.arm-none.win32_1.17.0.201812190825/tools/compiler/bin/../lib/gcc/arm-none-eabi/7.3.1/../../../../arm-none-eabi/lib/thumb/v7e-m/fpv4-sp/hard\libc_nano.a(lib_a-init.o)
 .ARM.attributes
                0x00000c7a       0x34 d:/ac6/systemworkbench/plugins/fr.ac6.mcu.externaltools.arm-none.win32_1.17.0.201812190825/tools/compiler/bin/../lib/gcc/arm-none-eabi/7.3.1/../../../../arm-none-eabi/lib/thumb/v7e-m/fpv4-sp/hard\libc_nano.a(lib_a-memset.o)
 .ARM.attributes
                0x00000cae       0x22 d:/ac6/systemworkbench/plugins/fr.ac6.mcu.externaltools.arm-none.win32_1.17.0.201812190825/tools/compiler/bin/../lib/gcc/arm-none-eabi/7.3.1/thumb/v7e-m/fpv4-sp/hard/crtn.o
OUTPUT(BG431MC.elf elf32-littlearm)

.debug_info     0x00000000    0x64dd3
 .debug_info    0x00000000     0x3954 Application/User/dac_ui.o
 .debug_info    0x00003954     0x672f Application/User/main.o
 .debug_info    0x0000a083     0x4874 Application/User/mc_api.o
 .debug_info    0x0000e8f7     0x4365 Application/User/mc_config.o
 .debug_info    0x00012c5c     0x1a84 Application/User/mc_interface.o
 .debug_info    0x000146e0      0x84f Application/User/mc_math.o
 .debug_info    0x00014f2f      0xc9e Application/User/mc_parameters.o
 .debug_info    0x00015bcd     0x54aa Application/User/mc_tasks.o
 .debug_info    0x0001b077     0x44d3 Application/User/motor_control_protocol.o
 .debug_info    0x0001f54a     0x43ae Application/User/motorcontrol.o
 .debug_info    0x000238f8     0x4de7 Application/User/regular_conversion_manager.o
 .debug_info    0x000286df     0x2470 Application/User/stm32g4xx_hal_msp.o
 .debug_info    0x0002ab4f     0x4a5b Application/User/stm32g4xx_mc_it.o
 .debug_info    0x0002f5aa     0x4676 Application/User/ui_task.o
 .debug_info    0x00033c20     0x50f7 Application/User/user_interface.o
 .debug_info    0x00038d17      0x6b4 Drivers/CMSIS/system_stm32g4xx.o
 .debug_info    0x000393cb      0xc97 Drivers/STM32G4xx_HAL_Driver/stm32g4xx_hal.o
 .debug_info    0x0003a062     0x36b5 Drivers/STM32G4xx_HAL_Driver/stm32g4xx_hal_adc.o
 .debug_info    0x0003d717     0x275d Drivers/STM32G4xx_HAL_Driver/stm32g4xx_hal_adc_ex.o
 .debug_info    0x0003fe74      0x991 Drivers/STM32G4xx_HAL_Driver/stm32g4xx_hal_comp.o
 .debug_info    0x00040805      0xe37 Drivers/STM32G4xx_HAL_Driver/stm32g4xx_hal_cordic.o
 .debug_info    0x0004163c     0x1019 Drivers/STM32G4xx_HAL_Driver/stm32g4xx_hal_cortex.o
 .debug_info    0x00042655      0xea5 Drivers/STM32G4xx_HAL_Driver/stm32g4xx_hal_dac.o
 .debug_info    0x000434fa      0x977 Drivers/STM32G4xx_HAL_Driver/stm32g4xx_hal_gpio.o
 .debug_info    0x00043e71      0x9bb Drivers/STM32G4xx_HAL_Driver/stm32g4xx_hal_opamp.o
 .debug_info    0x0004482c      0xad0 Drivers/STM32G4xx_HAL_Driver/stm32g4xx_hal_pwr_ex.o
 .debug_info    0x000452fc      0xfdc Drivers/STM32G4xx_HAL_Driver/stm32g4xx_hal_rcc.o
 .debug_info    0x000462d8      0xebb Drivers/STM32G4xx_HAL_Driver/stm32g4xx_hal_rcc_ex.o
 .debug_info    0x00047193     0x451d Drivers/STM32G4xx_HAL_Driver/stm32g4xx_hal_tim.o
 .debug_info    0x0004b6b0     0x1e99 Drivers/STM32G4xx_HAL_Driver/stm32g4xx_hal_tim_ex.o
 .debug_info    0x0004d549     0x2b7a Drivers/STM32G4xx_HAL_Driver/stm32g4xx_hal_uart.o
 .debug_info    0x000500c3      0xe44 Drivers/STM32G4xx_HAL_Driver/stm32g4xx_hal_uart_ex.o
 .debug_info    0x00050f07      0x4a8 Middlewares/MotorControl/bus_voltage_sensor.o
 .debug_info    0x000513af      0x483 Middlewares/MotorControl/circle_limitation.o
 .debug_info    0x00051832     0x3786 Middlewares/MotorControl/dac_common_ui.o
 .debug_info    0x00054fb8     0x3a2a Middlewares/MotorControl/frame_communication_protocol.o
 .debug_info    0x000589e2     0x13f7 Middlewares/MotorControl/hall_speed_pos_fdbk.o
 .debug_info    0x00059dd9      0x4ea Middlewares/MotorControl/motor_power_measurement.o
 .debug_info    0x0005a2c3      0x850 Middlewares/MotorControl/ntc_temperature_sensor.o
 .debug_info    0x0005ab13      0x9b6 Middlewares/MotorControl/pid_regulator.o
 .debug_info    0x0005b4c9      0x6a0 Middlewares/MotorControl/pqd_motor_power_measurement.o
 .debug_info    0x0005bb69      0xa32 Middlewares/MotorControl/pwm_common.o
 .debug_info    0x0005c59b      0xc6c Middlewares/MotorControl/pwm_curr_fdbk.o
 .debug_info    0x0005d207     0x3f97 Middlewares/MotorControl/r3_2_g4xx_pwm_curr_fdbk.o
 .debug_info    0x0006119e      0x941 Middlewares/MotorControl/r_divider_bus_voltage_sensor.o
 .debug_info    0x00061adf      0x636 Middlewares/MotorControl/ramp_ext_mngr.o
 .debug_info    0x00062115      0x6a7 Middlewares/MotorControl/speed_pos_fdbk.o
 .debug_info    0x000627bc     0x1428 Middlewares/MotorControl/speed_torq_ctrl.o
 .debug_info    0x00063be4      0x5e0 Middlewares/MotorControl/state_machine.o
 .debug_info    0x000641c4      0xc0f Middlewares/MotorControl/usart_frame_communication_protocol.o

.debug_abbrev   0x00000000     0x82f5
 .debug_abbrev  0x00000000      0x301 Application/User/dac_ui.o
 .debug_abbrev  0x00000301      0x3dd Application/User/main.o
 .debug_abbrev  0x000006de      0x2f9 Application/User/mc_api.o
 .debug_abbrev  0x000009d7      0x25b Application/User/mc_config.o
 .debug_abbrev  0x00000c32      0x33d Application/User/mc_interface.o
 .debug_abbrev  0x00000f6f      0x272 Application/User/mc_math.o
 .debug_abbrev  0x000011e1      0x149 Application/User/mc_parameters.o
 .debug_abbrev  0x0000132a      0x453 Application/User/mc_tasks.o
 .debug_abbrev  0x0000177d      0x3ac Application/User/motor_control_protocol.o
 .debug_abbrev  0x00001b29      0x2bd Application/User/motorcontrol.o
 .debug_abbrev  0x00001de6      0x469 Application/User/regular_conversion_manager.o
 .debug_abbrev  0x0000224f      0x278 Application/User/stm32g4xx_hal_msp.o
 .debug_abbrev  0x000024c7      0x39a Application/User/stm32g4xx_mc_it.o
 .debug_abbrev  0x00002861      0x358 Application/User/ui_task.o
 .debug_abbrev  0x00002bb9      0x3d2 Application/User/user_interface.o
 .debug_abbrev  0x00002f8b      0x147 Drivers/CMSIS/system_stm32g4xx.o
 .debug_abbrev  0x000030d2      0x291 Drivers/STM32G4xx_HAL_Driver/stm32g4xx_hal.o
 .debug_abbrev  0x00003363      0x303 Drivers/STM32G4xx_HAL_Driver/stm32g4xx_hal_adc.o
 .debug_abbrev  0x00003666      0x343 Drivers/STM32G4xx_HAL_Driver/stm32g4xx_hal_adc_ex.o
 .debug_abbrev  0x000039a9      0x27d Drivers/STM32G4xx_HAL_Driver/stm32g4xx_hal_comp.o
 .debug_abbrev  0x00003c26      0x28e Drivers/STM32G4xx_HAL_Driver/stm32g4xx_hal_cordic.o
 .debug_abbrev  0x00003eb4      0x315 Drivers/STM32G4xx_HAL_Driver/stm32g4xx_hal_cortex.o
 .debug_abbrev  0x000041c9      0x236 Drivers/STM32G4xx_HAL_Driver/stm32g4xx_hal_dac.o
 .debug_abbrev  0x000043ff      0x1fa Drivers/STM32G4xx_HAL_Driver/stm32g4xx_hal_gpio.o
 .debug_abbrev  0x000045f9      0x1e4 Drivers/STM32G4xx_HAL_Driver/stm32g4xx_hal_opamp.o
 .debug_abbrev  0x000047dd      0x240 Drivers/STM32G4xx_HAL_Driver/stm32g4xx_hal_pwr_ex.o
 .debug_abbrev  0x00004a1d      0x2c8 Drivers/STM32G4xx_HAL_Driver/stm32g4xx_hal_rcc.o
 .debug_abbrev  0x00004ce5      0x27b Drivers/STM32G4xx_HAL_Driver/stm32g4xx_hal_rcc_ex.o
 .debug_abbrev  0x00004f60      0x365 Drivers/STM32G4xx_HAL_Driver/stm32g4xx_hal_tim.o
 .debug_abbrev  0x000052c5      0x31e Drivers/STM32G4xx_HAL_Driver/stm32g4xx_hal_tim_ex.o
 .debug_abbrev  0x000055e3      0x37b Drivers/STM32G4xx_HAL_Driver/stm32g4xx_hal_uart.o
 .debug_abbrev  0x0000595e      0x2a7 Drivers/STM32G4xx_HAL_Driver/stm32g4xx_hal_uart_ex.o
 .debug_abbrev  0x00005c05      0x11e Middlewares/MotorControl/bus_voltage_sensor.o
 .debug_abbrev  0x00005d23      0x122 Middlewares/MotorControl/circle_limitation.o
 .debug_abbrev  0x00005e45      0x2b8 Middlewares/MotorControl/dac_common_ui.o
 .debug_abbrev  0x000060fd      0x2e2 Middlewares/MotorControl/frame_communication_protocol.o
 .debug_abbrev  0x000063df      0x30d Middlewares/MotorControl/hall_speed_pos_fdbk.o
 .debug_abbrev  0x000066ec      0x191 Middlewares/MotorControl/motor_power_measurement.o
 .debug_abbrev  0x0000687d      0x17c Middlewares/MotorControl/ntc_temperature_sensor.o
 .debug_abbrev  0x000069f9      0x1e6 Middlewares/MotorControl/pid_regulator.o
 .debug_abbrev  0x00006bdf      0x172 Middlewares/MotorControl/pqd_motor_power_measurement.o
 .debug_abbrev  0x00006d51      0x246 Middlewares/MotorControl/pwm_common.o
 .debug_abbrev  0x00006f97      0x25f Middlewares/MotorControl/pwm_curr_fdbk.o
 .debug_abbrev  0x000071f6      0x3ea Middlewares/MotorControl/r3_2_g4xx_pwm_curr_fdbk.o
 .debug_abbrev  0x000075e0      0x20d Middlewares/MotorControl/r_divider_bus_voltage_sensor.o
 .debug_abbrev  0x000077ed      0x1b3 Middlewares/MotorControl/ramp_ext_mngr.o
 .debug_abbrev  0x000079a0      0x156 Middlewares/MotorControl/speed_pos_fdbk.o
 .debug_abbrev  0x00007af6      0x350 Middlewares/MotorControl/speed_torq_ctrl.o
 .debug_abbrev  0x00007e46      0x194 Middlewares/MotorControl/state_machine.o
 .debug_abbrev  0x00007fda      0x31b Middlewares/MotorControl/usart_frame_communication_protocol.o

.debug_loc      0x00000000    0x1e5bb
 .debug_loc     0x00000000      0x123 Application/User/dac_ui.o
 .debug_loc     0x00000123       0xa5 Application/User/mc_api.o
 .debug_loc     0x000001c8      0x6d6 Application/User/mc_interface.o
 .debug_loc     0x0000089e      0x4f9 Application/User/mc_math.o
 .debug_loc     0x00000d97      0x617 Application/User/mc_tasks.o
 .debug_loc     0x000013ae      0xb07 Application/User/motor_control_protocol.o
 .debug_loc     0x00001eb5      0xaed Application/User/regular_conversion_manager.o
 .debug_loc     0x000029a2      0x2cb Application/User/stm32g4xx_hal_msp.o
 .debug_loc     0x00002c6d      0x173 Application/User/stm32g4xx_mc_it.o
 .debug_loc     0x00002de0      0x1fb Application/User/ui_task.o
 .debug_loc     0x00002fdb     0x1b59 Application/User/user_interface.o
 .debug_loc     0x00004b34       0xad Drivers/CMSIS/system_stm32g4xx.o
 .debug_loc     0x00004be1      0x231 Drivers/STM32G4xx_HAL_Driver/stm32g4xx_hal.o
 .debug_loc     0x00004e12     0x293e Drivers/STM32G4xx_HAL_Driver/stm32g4xx_hal_adc.o
 .debug_loc     0x00007750     0x1c53 Drivers/STM32G4xx_HAL_Driver/stm32g4xx_hal_adc_ex.o
 .debug_loc     0x000093a3      0x47b Drivers/STM32G4xx_HAL_Driver/stm32g4xx_hal_comp.o
 .debug_loc     0x0000981e      0xbd0 Drivers/STM32G4xx_HAL_Driver/stm32g4xx_hal_cordic.o
 .debug_loc     0x0000a3ee      0x5b5 Drivers/STM32G4xx_HAL_Driver/stm32g4xx_hal_cortex.o
 .debug_loc     0x0000a9a3      0x7f6 Drivers/STM32G4xx_HAL_Driver/stm32g4xx_hal_dac.o
 .debug_loc     0x0000b199      0x355 Drivers/STM32G4xx_HAL_Driver/stm32g4xx_hal_gpio.o
 .debug_loc     0x0000b4ee      0x4b5 Drivers/STM32G4xx_HAL_Driver/stm32g4xx_hal_opamp.o
 .debug_loc     0x0000b9a3      0x819 Drivers/STM32G4xx_HAL_Driver/stm32g4xx_hal_pwr_ex.o
 .debug_loc     0x0000c1bc      0x73f Drivers/STM32G4xx_HAL_Driver/stm32g4xx_hal_rcc.o
 .debug_loc     0x0000c8fb      0xa52 Drivers/STM32G4xx_HAL_Driver/stm32g4xx_hal_rcc_ex.o
 .debug_loc     0x0000d34d     0x6ac8 Drivers/STM32G4xx_HAL_Driver/stm32g4xx_hal_tim.o
 .debug_loc     0x00013e15     0x1b9d Drivers/STM32G4xx_HAL_Driver/stm32g4xx_hal_tim_ex.o
 .debug_loc     0x000159b2     0x2517 Drivers/STM32G4xx_HAL_Driver/stm32g4xx_hal_uart.o
 .debug_loc     0x00017ec9      0x5cb Drivers/STM32G4xx_HAL_Driver/stm32g4xx_hal_uart_ex.o
 .debug_loc     0x00018494       0xb1 Middlewares/MotorControl/bus_voltage_sensor.o
 .debug_loc     0x00018545      0x1e1 Middlewares/MotorControl/circle_limitation.o
 .debug_loc     0x00018726      0x108 Middlewares/MotorControl/dac_common_ui.o
 .debug_loc     0x0001882e      0x10c Middlewares/MotorControl/frame_communication_protocol.o
 .debug_loc     0x0001893a      0xd82 Middlewares/MotorControl/hall_speed_pos_fdbk.o
 .debug_loc     0x000196bc       0xc7 Middlewares/MotorControl/motor_power_measurement.o
 .debug_loc     0x00019783      0x1e8 Middlewares/MotorControl/ntc_temperature_sensor.o
 .debug_loc     0x0001996b      0x4ce Middlewares/MotorControl/pid_regulator.o
 .debug_loc     0x00019e39       0xc1 Middlewares/MotorControl/pqd_motor_power_measurement.o
 .debug_loc     0x00019efa      0x18c Middlewares/MotorControl/pwm_common.o
 .debug_loc     0x0001a086      0x641 Middlewares/MotorControl/pwm_curr_fdbk.o
 .debug_loc     0x0001a6c7     0x234c Middlewares/MotorControl/r3_2_g4xx_pwm_curr_fdbk.o
 .debug_loc     0x0001ca13      0x2b1 Middlewares/MotorControl/r_divider_bus_voltage_sensor.o
 .debug_loc     0x0001ccc4      0x44f Middlewares/MotorControl/ramp_ext_mngr.o
 .debug_loc     0x0001d113      0x5cc Middlewares/MotorControl/speed_pos_fdbk.o
 .debug_loc     0x0001d6df      0x496 Middlewares/MotorControl/speed_torq_ctrl.o
 .debug_loc     0x0001db75      0x2e3 Middlewares/MotorControl/state_machine.o
 .debug_loc     0x0001de58      0x763 Middlewares/MotorControl/usart_frame_communication_protocol.o

.debug_aranges  0x00000000     0x1bd0
 .debug_aranges
                0x00000000       0x28 Application/User/dac_ui.o
 .debug_aranges
                0x00000028       0x30 Application/User/main.o
 .debug_aranges
                0x00000058      0x110 Application/User/mc_api.o
 .debug_aranges
                0x00000168       0x18 Application/User/mc_config.o
 .debug_aranges
                0x00000180      0x130 Application/User/mc_interface.o
 .debug_aranges
                0x000002b0       0x50 Application/User/mc_math.o
 .debug_aranges
                0x00000300       0x18 Application/User/mc_parameters.o
 .debug_aranges
                0x00000318       0xa8 Application/User/mc_tasks.o
 .debug_aranges
                0x000003c0       0x60 Application/User/motor_control_protocol.o
 .debug_aranges
                0x00000420       0x20 Application/User/motorcontrol.o
 .debug_aranges
                0x00000440       0x68 Application/User/regular_conversion_manager.o
 .debug_aranges
                0x000004a8       0x98 Application/User/stm32g4xx_hal_msp.o
 .debug_aranges
                0x00000540       0x58 Application/User/stm32g4xx_mc_it.o
 .debug_aranges
                0x00000598       0x88 Application/User/ui_task.o
 .debug_aranges
                0x00000620       0xa8 Application/User/user_interface.o
 .debug_aranges
                0x000006c8       0x28 Drivers/CMSIS/system_stm32g4xx.o
 .debug_aranges
                0x000006f0      0x128 Drivers/STM32G4xx_HAL_Driver/stm32g4xx_hal.o
 .debug_aranges
                0x00000818       0xe0 Drivers/STM32G4xx_HAL_Driver/stm32g4xx_hal_adc.o
 .debug_aranges
                0x000008f8       0xd0 Drivers/STM32G4xx_HAL_Driver/stm32g4xx_hal_adc_ex.o
 .debug_aranges
                0x000009c8       0x68 Drivers/STM32G4xx_HAL_Driver/stm32g4xx_hal_comp.o
 .debug_aranges
                0x00000a30       0x88 Drivers/STM32G4xx_HAL_Driver/stm32g4xx_hal_cordic.o
 .debug_aranges
                0x00000ab8       0xa8 Drivers/STM32G4xx_HAL_Driver/stm32g4xx_hal_cortex.o
 .debug_aranges
                0x00000b60       0x98 Drivers/STM32G4xx_HAL_Driver/stm32g4xx_hal_dac.o
 .debug_aranges
                0x00000bf8       0x58 Drivers/STM32G4xx_HAL_Driver/stm32g4xx_hal_gpio.o
 .debug_aranges
                0x00000c50       0x68 Drivers/STM32G4xx_HAL_Driver/stm32g4xx_hal_opamp.o
 .debug_aranges
                0x00000cb8      0x128 Drivers/STM32G4xx_HAL_Driver/stm32g4xx_hal_pwr_ex.o
 .debug_aranges
                0x00000de0       0x90 Drivers/STM32G4xx_HAL_Driver/stm32g4xx_hal_rcc.o
 .debug_aranges
                0x00000e70       0x98 Drivers/STM32G4xx_HAL_Driver/stm32g4xx_hal_rcc_ex.o
 .debug_aranges
                0x00000f08      0x268 Drivers/STM32G4xx_HAL_Driver/stm32g4xx_hal_tim.o
 .debug_aranges
                0x00001170      0x1a0 Drivers/STM32G4xx_HAL_Driver/stm32g4xx_hal_tim_ex.o
 .debug_aranges
                0x00001310      0x1b8 Drivers/STM32G4xx_HAL_Driver/stm32g4xx_hal_uart.o
 .debug_aranges
                0x000014c8       0x68 Drivers/STM32G4xx_HAL_Driver/stm32g4xx_hal_uart_ex.o
 .debug_aranges
                0x00001530       0x38 Middlewares/MotorControl/bus_voltage_sensor.o
 .debug_aranges
                0x00001568       0x20 Middlewares/MotorControl/circle_limitation.o
 .debug_aranges
                0x00001588       0x38 Middlewares/MotorControl/dac_common_ui.o
 .debug_aranges
                0x000015c0       0x40 Middlewares/MotorControl/frame_communication_protocol.o
 .debug_aranges
                0x00001600       0x50 Middlewares/MotorControl/hall_speed_pos_fdbk.o
 .debug_aranges
                0x00001650       0x38 Middlewares/MotorControl/motor_power_measurement.o
 .debug_aranges
                0x00001688       0x50 Middlewares/MotorControl/ntc_temperature_sensor.o
 .debug_aranges
                0x000016d8       0xd0 Middlewares/MotorControl/pid_regulator.o
 .debug_aranges
                0x000017a8       0x20 Middlewares/MotorControl/pqd_motor_power_measurement.o
 .debug_aranges
                0x000017c8       0x28 Middlewares/MotorControl/pwm_common.o
 .debug_aranges
                0x000017f0       0xd8 Middlewares/MotorControl/pwm_curr_fdbk.o
 .debug_aranges
                0x000018c8       0xc0 Middlewares/MotorControl/r3_2_g4xx_pwm_curr_fdbk.o
 .debug_aranges
                0x00001988       0x40 Middlewares/MotorControl/r_divider_bus_voltage_sensor.o
 .debug_aranges
                0x000019c8       0x50 Middlewares/MotorControl/ramp_ext_mngr.o
 .debug_aranges
                0x00001a18       0x68 Middlewares/MotorControl/speed_pos_fdbk.o
 .debug_aranges
                0x00001a80       0xb0 Middlewares/MotorControl/speed_torq_ctrl.o
 .debug_aranges
                0x00001b30       0x48 Middlewares/MotorControl/state_machine.o
 .debug_aranges
                0x00001b78       0x58 Middlewares/MotorControl/usart_frame_communication_protocol.o

.debug_ranges   0x00000000     0x47c8
 .debug_ranges  0x00000000       0x58 Application/User/dac_ui.o
 .debug_ranges  0x00000058      0x150 Application/User/main.o
 .debug_ranges  0x000001a8      0x100 Application/User/mc_api.o
 .debug_ranges  0x000002a8      0x148 Application/User/mc_interface.o
 .debug_ranges  0x000003f0       0x40 Application/User/mc_math.o
 .debug_ranges  0x00000430      0x1f0 Application/User/mc_tasks.o
 .debug_ranges  0x00000620       0xc0 Application/User/motor_control_protocol.o
 .debug_ranges  0x000006e0       0x10 Application/User/motorcontrol.o
 .debug_ranges  0x000006f0      0x270 Application/User/regular_conversion_manager.o
 .debug_ranges  0x00000960      0x280 Application/User/stm32g4xx_hal_msp.o
 .debug_ranges  0x00000be0       0xc0 Application/User/stm32g4xx_mc_it.o
 .debug_ranges  0x00000ca0       0x78 Application/User/ui_task.o
 .debug_ranges  0x00000d18       0xc8 Application/User/user_interface.o
 .debug_ranges  0x00000de0       0x18 Drivers/CMSIS/system_stm32g4xx.o
 .debug_ranges  0x00000df8      0x118 Drivers/STM32G4xx_HAL_Driver/stm32g4xx_hal.o
 .debug_ranges  0x00000f10      0xa90 Drivers/STM32G4xx_HAL_Driver/stm32g4xx_hal_adc.o
 .debug_ranges  0x000019a0      0x4b8 Drivers/STM32G4xx_HAL_Driver/stm32g4xx_hal_adc_ex.o
 .debug_ranges  0x00001e58       0xb8 Drivers/STM32G4xx_HAL_Driver/stm32g4xx_hal_comp.o
 .debug_ranges  0x00001f10      0x138 Drivers/STM32G4xx_HAL_Driver/stm32g4xx_hal_cordic.o
 .debug_ranges  0x00002048      0x138 Drivers/STM32G4xx_HAL_Driver/stm32g4xx_hal_cortex.o
 .debug_ranges  0x00002180       0x88 Drivers/STM32G4xx_HAL_Driver/stm32g4xx_hal_dac.o
 .debug_ranges  0x00002208       0x60 Drivers/STM32G4xx_HAL_Driver/stm32g4xx_hal_gpio.o
 .debug_ranges  0x00002268       0x78 Drivers/STM32G4xx_HAL_Driver/stm32g4xx_hal_opamp.o
 .debug_ranges  0x000022e0      0x118 Drivers/STM32G4xx_HAL_Driver/stm32g4xx_hal_pwr_ex.o
 .debug_ranges  0x000023f8      0x148 Drivers/STM32G4xx_HAL_Driver/stm32g4xx_hal_rcc.o
 .debug_ranges  0x00002540       0xd0 Drivers/STM32G4xx_HAL_Driver/stm32g4xx_hal_rcc_ex.o
 .debug_ranges  0x00002610      0x7c8 Drivers/STM32G4xx_HAL_Driver/stm32g4xx_hal_tim.o
 .debug_ranges  0x00002dd8      0x1a8 Drivers/STM32G4xx_HAL_Driver/stm32g4xx_hal_tim_ex.o
 .debug_ranges  0x00002f80      0x680 Drivers/STM32G4xx_HAL_Driver/stm32g4xx_hal_uart.o