20:16:22 **** Incremental Build of configuration Debug for project BG431MC ****
make all 
Building file: C:/STM32_Files/BldcBench/BG431MC/BG431MC/Src/main.c
Invoking: MCU GCC Compiler
C:\STM32_Files\BldcBench\BG431MC\BG431MC\SW4STM32\BG431MC\Debug
arm-none-eabi-gcc -mcpu=cortex-m4 -mthumb -mfloat-abi=hard -mfpu=fpv4-sp-d16 -DARM_MATH_CM4 -DUSE_HAL_DRIVER -DSTM32G431xx -I"C:/STM32_Files/BldcBench/BG431MC/BG431MC/Inc" -I"C:/STM32_Files/BldcBench/BG431MC/BG431MC/Drivers/STM32G4xx_HAL_Driver/Inc" -I"C:/STM32_Files/BldcBench/BG431MC/BG431MC/Drivers/STM32G4xx_HAL_Driver/Inc/Legacy" -I"C:/STM32_Files/BldcBench/BG431MC/BG431MC/MCSDK_v5.4.4/MotorControl/MCSDK/MCLib/Any/Inc" -I"C:/STM32_Files/BldcBench/BG431MC/BG431MC/MCSDK_v5.4.4/MotorControl/MCSDK/MCLib/G4xx/Inc" -I"C:/STM32_Files/BldcBench/BG431MC/BG431MC/MCSDK_v5.4.4/MotorControl/MCSDK/UILibrary/Inc" -I"C:/STM32_Files/BldcBench/BG431MC/BG431MC/MCSDK_v5.4.4/MotorControl/MCSDK/SystemDriveParams" -I"C:/STM32_Files/BldcBench/BG431MC/BG431MC/Drivers/CMSIS/Device/ST/STM32G4xx/Include" -I"C:/STM32_Files/BldcBench/BG431MC/BG431MC/Drivers/CMSIS/Include" -I"C:/STM32_Files/BldcBench/BG431MC/BG431MC/Drivers/CMSIS/DSP/Include"  -O3 -g3 -Wall -fmessage-length=0 -ffunction-sections -c -fmessage-length=0 -MMD -MP -MF"Application/User/main.d" -MT"Application/User/main.o" -o "Application/User/main.o" "C:/STM32_Files/BldcBench/BG431MC/BG431MC/Src/main.c"
Finished building: C:/STM32_Files/BldcBench/BG431MC/BG431MC/Src/main.c
 
Building file: C:/STM32_Files/BldcBench/BG431MC/BG431MC/Src/mc_config.c
Invoking: MCU GCC Compiler
C:\STM32_Files\BldcBench\BG431MC\BG431MC\SW4STM32\BG431MC\Debug
arm-none-eabi-gcc -mcpu=cortex-m4 -mthumb -mfloat-abi=hard -mfpu=fpv4-sp-d16 -DARM_MATH_CM4 -DUSE_HAL_DRIVER -DSTM32G431xx -I"C:/STM32_Files/BldcBench/BG431MC/BG431MC/Inc" -I"C:/STM32_Files/BldcBench/BG431MC/BG431MC/Drivers/STM32G4xx_HAL_Driver/Inc" -I"C:/STM32_Files/BldcBench/BG431MC/BG431MC/Drivers/STM32G4xx_HAL_Driver/Inc/Legacy" -I"C:/STM32_Files/BldcBench/BG431MC/BG431MC/MCSDK_v5.4.4/MotorControl/MCSDK/MCLib/Any/Inc" -I"C:/STM32_Files/BldcBench/BG431MC/BG431MC/MCSDK_v5.4.4/MotorControl/MCSDK/MCLib/G4xx/Inc" -I"C:/STM32_Files/BldcBench/BG431MC/BG431MC/MCSDK_v5.4.4/MotorControl/MCSDK/UILibrary/Inc" -I"C:/STM32_Files/BldcBench/BG431MC/BG431MC/MCSDK_v5.4.4/MotorControl/MCSDK/SystemDriveParams" -I"C:/STM32_Files/BldcBench/BG431MC/BG431MC/Drivers/CMSIS/Device/ST/STM32G4xx/Include" -I"C:/STM32_Files/BldcBench/BG431MC/BG431MC/Drivers/CMSIS/Include" -I"C:/STM32_Files/BldcBench/BG431MC/BG431MC/Drivers/CMSIS/DSP/Include"  -O3 -g3 -Wall -fmessage-length=0 -ffunction-sections -c -fmessage-length=0 -MMD -MP -MF"Application/User/mc_config.d" -MT"Application/User/mc_config.o" -o "Application/User/mc_config.o" "C:/STM32_Files/BldcBench/BG431MC/BG431MC/Src/mc_config.c"
Finished building: C:/STM32_Files/BldcBench/BG431MC/BG431MC/Src/mc_config.c
 
Building file: C:/STM32_Files/BldcBench/BG431MC/BG431MC/Src/mc_parameters.c
Invoking: MCU GCC Compiler
C:\STM32_Files\BldcBench\BG431MC\BG431MC\SW4STM32\BG431MC\Debug
arm-none-eabi-gcc -mcpu=cortex-m4 -mthumb -mfloat-abi=hard -mfpu=fpv4-sp-d16 -DARM_MATH_CM4 -DUSE_HAL_DRIVER -DSTM32G431xx -I"C:/STM32_Files/BldcBench/BG431MC/BG431MC/Inc" -I"C:/STM32_Files/BldcBench/BG431MC/BG431MC/Drivers/STM32G4xx_HAL_Driver/Inc" -I"C:/STM32_Files/BldcBench/BG431MC/BG431MC/Drivers/STM32G4xx_HAL_Driver/Inc/Legacy" -I"C:/STM32_Files/BldcBench/BG431MC/BG431MC/MCSDK_v5.4.4/MotorControl/MCSDK/MCLib/Any/Inc" -I"C:/STM32_Files/BldcBench/BG431MC/BG431MC/MCSDK_v5.4.4/MotorControl/MCSDK/MCLib/G4xx/Inc" -I"C:/STM32_Files/BldcBench/BG431MC/BG431MC/MCSDK_v5.4.4/MotorControl/MCSDK/UILibrary/Inc" -I"C:/STM32_Files/BldcBench/BG431MC/BG431MC/MCSDK_v5.4.4/MotorControl/MCSDK/SystemDriveParams" -I"C:/STM32_Files/BldcBench/BG431MC/BG431MC/Drivers/CMSIS/Device/ST/STM32G4xx/Include" -I"C:/STM32_Files/BldcBench/BG431MC/BG431MC/Drivers/CMSIS/Include" -I"C:/STM32_Files/BldcBench/BG431MC/BG431MC/Drivers/CMSIS/DSP/Include"  -O3 -g3 -Wall -fmessage-length=0 -ffunction-sections -c -fmessage-length=0 -MMD -MP -MF"Application/User/mc_parameters.d" -MT"Application/User/mc_parameters.o" -o "Application/User/mc_parameters.o" "C:/STM32_Files/BldcBench/BG431MC/BG431MC/Src/mc_parameters.c"
Finished building: C:/STM32_Files/BldcBench/BG431MC/BG431MC/Src/mc_parameters.c
 
Building file: C:/STM32_Files/BldcBench/BG431MC/BG431MC/Src/mc_tasks.c
Invoking: MCU GCC Compiler
C:\STM32_Files\BldcBench\BG431MC\BG431MC\SW4STM32\BG431MC\Debug
arm-none-eabi-gcc -mcpu=cortex-m4 -mthumb -mfloat-abi=hard -mfpu=fpv4-sp-d16 -DARM_MATH_CM4 -DUSE_HAL_DRIVER -DSTM32G431xx -I"C:/STM32_Files/BldcBench/BG431MC/BG431MC/Inc" -I"C:/STM32_Files/BldcBench/BG431MC/BG431MC/Drivers/STM32G4xx_HAL_Driver/Inc" -I"C:/STM32_Files/BldcBench/BG431MC/BG431MC/Drivers/STM32G4xx_HAL_Driver/Inc/Legacy" -I"C:/STM32_Files/BldcBench/BG431MC/BG431MC/MCSDK_v5.4.4/MotorControl/MCSDK/MCLib/Any/Inc" -I"C:/STM32_Files/BldcBench/BG431MC/BG431MC/MCSDK_v5.4.4/MotorControl/MCSDK/MCLib/G4xx/Inc" -I"C:/STM32_Files/BldcBench/BG431MC/BG431MC/MCSDK_v5.4.4/MotorControl/MCSDK/UILibrary/Inc" -I"C:/STM32_Files/BldcBench/BG431MC/BG431MC/MCSDK_v5.4.4/MotorControl/MCSDK/SystemDriveParams" -I"C:/STM32_Files/BldcBench/BG431MC/BG431MC/Drivers/CMSIS/Device/ST/STM32G4xx/Include" -I"C:/STM32_Files/BldcBench/BG431MC/BG431MC/Drivers/CMSIS/Include" -I"C:/STM32_Files/BldcBench/BG431MC/BG431MC/Drivers/CMSIS/DSP/Include"  -O3 -g3 -Wall -fmessage-length=0 -ffunction-sections -c -fmessage-length=0 -MMD -MP -MF"Application/User/mc_tasks.d" -MT"Application/User/mc_tasks.o" -o "Application/User/mc_tasks.o" "C:/STM32_Files/BldcBench/BG431MC/BG431MC/Src/mc_tasks.c"
Finished building: C:/STM32_Files/BldcBench/BG431MC/BG431MC/Src/mc_tasks.c
 
Building file: C:/STM32_Files/BldcBench/BG431MC/BG431MC/Src/motorcontrol.c
Invoking: MCU GCC Compiler
C:\STM32_Files\BldcBench\BG431MC\BG431MC\SW4STM32\BG431MC\Debug
arm-none-eabi-gcc -mcpu=cortex-m4 -mthumb -mfloat-abi=hard -mfpu=fpv4-sp-d16 -DARM_MATH_CM4 -DUSE_HAL_DRIVER -DSTM32G431xx -I"C:/STM32_Files/BldcBench/BG431MC/BG431MC/Inc" -I"C:/STM32_Files/BldcBench/BG431MC/BG431MC/Drivers/STM32G4xx_HAL_Driver/Inc" -I"C:/STM32_Files/BldcBench/BG431MC/BG431MC/Drivers/STM32G4xx_HAL_Driver/Inc/Legacy" -I"C:/STM32_Files/BldcBench/BG431MC/BG431MC/MCSDK_v5.4.4/MotorControl/MCSDK/MCLib/Any/Inc" -I"C:/STM32_Files/BldcBench/BG431MC/BG431MC/MCSDK_v5.4.4/MotorControl/MCSDK/MCLib/G4xx/Inc" -I"C:/STM32_Files/BldcBench/BG431MC/BG431MC/MCSDK_v5.4.4/MotorControl/MCSDK/UILibrary/Inc" -I"C:/STM32_Files/BldcBench/BG431MC/BG431MC/MCSDK_v5.4.4/MotorControl/MCSDK/SystemDriveParams" -I"C:/STM32_Files/BldcBench/BG431MC/BG431MC/Drivers/CMSIS/Device/ST/STM32G4xx/Include" -I"C:/STM32_Files/BldcBench/BG431MC/BG431MC/Drivers/CMSIS/Include" -I"C:/STM32_Files/BldcBench/BG431MC/BG431MC/Drivers/CMSIS/DSP/Include"  -O3 -g3 -Wall -fmessage-length=0 -ffunction-sections -c -fmessage-length=0 -MMD -MP -MF"Application/User/motorcontrol.d" -MT"Application/User/motorcontrol.o" -o "Application/User/motorcontrol.o" "C:/STM32_Files/BldcBench/BG431MC/BG431MC/Src/motorcontrol.c"
Finished building: C:/STM32_Files/BldcBench/BG431MC/BG431MC/Src/motorcontrol.c
 
Building file: C:/STM32_Files/BldcBench/BG431MC/BG431MC/Src/stm32g4xx_mc_it.c
Invoking: MCU GCC Compiler
C:\STM32_Files\BldcBench\BG431MC\BG431MC\SW4STM32\BG431MC\Debug
arm-none-eabi-gcc -mcpu=cortex-m4 -mthumb -mfloat-abi=hard -mfpu=fpv4-sp-d16 -DARM_MATH_CM4 -DUSE_HAL_DRIVER -DSTM32G431xx -I"C:/STM32_Files/BldcBench/BG431MC/BG431MC/Inc" -I"C:/STM32_Files/BldcBench/BG431MC/BG431MC/Drivers/STM32G4xx_HAL_Driver/Inc" -I"C:/STM32_Files/BldcBench/BG431MC/BG431MC/Drivers/STM32G4xx_HAL_Driver/Inc/Legacy" -I"C:/STM32_Files/BldcBench/BG431MC/BG431MC/MCSDK_v5.4.4/MotorControl/MCSDK/MCLib/Any/Inc" -I"C:/STM32_Files/BldcBench/BG431MC/BG431MC/MCSDK_v5.4.4/MotorControl/MCSDK/MCLib/G4xx/Inc" -I"C:/STM32_Files/BldcBench/BG431MC/BG431MC/MCSDK_v5.4.4/MotorControl/MCSDK/UILibrary/Inc" -I"C:/STM32_Files/BldcBench/BG431MC/BG431MC/MCSDK_v5.4.4/MotorControl/MCSDK/SystemDriveParams" -I"C:/STM32_Files/BldcBench/BG431MC/BG431MC/Drivers/CMSIS/Device/ST/STM32G4xx/Include" -I"C:/STM32_Files/BldcBench/BG431MC/BG431MC/Drivers/CMSIS/Include" -I"C:/STM32_Files/BldcBench/BG431MC/BG431MC/Drivers/CMSIS/DSP/Include"  -O3 -g3 -Wall -fmessage-length=0 -ffunction-sections -c -fmessage-length=0 -MMD -MP -MF"Application/User/stm32g4xx_mc_it.d" -MT"Application/User/stm32g4xx_mc_it.o" -o "Application/User/stm32g4xx_mc_it.o" "C:/STM32_Files/BldcBench/BG431MC/BG431MC/Src/stm32g4xx_mc_it.c"
Finished building: C:/STM32_Files/BldcBench/BG431MC/BG431MC/Src/stm32g4xx_mc_it.c
 
Building file: C:/STM32_Files/BldcBench/BG431MC/BG431MC/Src/ui_task.c
Invoking: MCU GCC Compiler
C:\STM32_Files\BldcBench\BG431MC\BG431MC\SW4STM32\BG431MC\Debug
arm-none-eabi-gcc -mcpu=cortex-m4 -mthumb -mfloat-abi=hard -mfpu=fpv4-sp-d16 -DARM_MATH_CM4 -DUSE_HAL_DRIVER -DSTM32G431xx -I"C:/STM32_Files/BldcBench/BG431MC/BG431MC/Inc" -I"C:/STM32_Files/BldcBench/BG431MC/BG431MC/Drivers/STM32G4xx_HAL_Driver/Inc" -I"C:/STM32_Files/BldcBench/BG431MC/BG431MC/Drivers/STM32G4xx_HAL_Driver/Inc/Legacy" -I"C:/STM32_Files/BldcBench/BG431MC/BG431MC/MCSDK_v5.4.4/MotorControl/MCSDK/MCLib/Any/Inc" -I"C:/STM32_Files/BldcBench/BG431MC/BG431MC/MCSDK_v5.4.4/MotorControl/MCSDK/MCLib/G4xx/Inc" -I"C:/STM32_Files/BldcBench/BG431MC/BG431MC/MCSDK_v5.4.4/MotorControl/MCSDK/UILibrary/Inc" -I"C:/STM32_Files/BldcBench/BG431MC/BG431MC/MCSDK_v5.4.4/MotorControl/MCSDK/SystemDriveParams" -I"C:/STM32_Files/BldcBench/BG431MC/BG431MC/Drivers/CMSIS/Device/ST/STM32G4xx/Include" -I"C:/STM32_Files/BldcBench/BG431MC/BG431MC/Drivers/CMSIS/Include" -I"C:/STM32_Files/BldcBench/BG431MC/BG431MC/Drivers/CMSIS/DSP/Include"  -O3 -g3 -Wall -fmessage-length=0 -ffunction-sections -c -fmessage-length=0 -MMD -MP -MF"Application/User/ui_task.d" -MT"Application/User/ui_task.o" -o "Application/User/ui_task.o" "C:/STM32_Files/BldcBench/BG431MC/BG431MC/Src/ui_task.c"
Finished building: C:/STM32_Files/BldcBench/BG431MC/BG431MC/Src/ui_task.c
 
Building target: BG431MC.elf
Invoking: MCU GCC Linker
arm-none-eabi-gcc -mcpu=cortex-m4 -mthumb -mfloat-abi=hard -mfpu=fpv4-sp-d16 -L"C:\STM32_Files\BldcBench\BG431MC\BG431MC\MCSDK_v5.4.4\MotorControl\lib"  -specs=nosys.specs -specs=nano.specs -T"../STM32G431CBUx_FLASH.ld" -Wl,-Map=output.map -Wl,--gc-sections -o "BG431MC.elf" @"objects.list"  -l:libmc-gcc_M4_NoCCMRAM.lib -lm
Finished building target: BG431MC.elf
 
make --no-print-directory post-build
Generating hex and Printing size information:
arm-none-eabi-objcopy -O ihex "BG431MC.elf" "BG431MC.hex"
arm-none-eabi-size "BG431MC.elf"
   text	   data	    bss	    dec	    hex	filename
  38268	   1524	   2956	  42748	   a6fc	BG431MC.elf
 
20:16:39 **** Incremental Build of configuration Debug for project BG431MC ****
make all 
make: Nothing to be done for 'all'.
