<html>
<body>
<pre>
<h1>µVision Build Log</h1>
<h2>Tool Versions:</h2>
IDE-Version: µVision V5.31.0.0
Copyright (C) 2020 ARM Ltd and ARM Germany GmbH. All rights reserved.
License Information: jj kkk, kkk, LIC=----
 
Tool Versions:
Toolchain:       MDK-Lite  Version: 5.31.0.0
Toolchain Path:  D:\Program Files\keil_5\ARM\ARMCC\Bin
C Compiler:      Armcc.exe V5.06 update 6 (build 750)
Assembler:       Armasm.exe V5.06 update 6 (build 750)
Linker/Locator:  ArmLink.exe V5.06 update 6 (build 750)
Library Manager: ArmAr.exe V5.06 update 6 (build 750)
Hex Converter:   FromElf.exe V5.06 update 6 (build 750)
CPU DLL:         SARMCM3.DLL V5.31.0.0
Dialog DLL:      DCM.DLL V1.17.3.0
Target DLL:      STLink\ST-LINKIII-KEIL_SWO.dll V3.0.7.0
Dialog DLL:      TCM.DLL V1.46.0.0
 
<h2>Project:</h2>
D:\work\bastet\BldcBench-master\BldcBench\BldcBench.uvprojx
Project File Date:  03/04/2021

<h2>Output:</h2>
*** Using Compiler 'V5.06 update 6 (build 750)', folder: 'D:\Program Files\keil_5\ARM\ARMCC\Bin'
Build target 'BldcBench'
compiling main.c...
.\Lib\inc\encoder.h(11): warning:  #1-D: last line of file ends without a newline
  #endif
.\Lib\inc\rcc.h(9): warning:  #1-D: last line of file ends without a newline
  #endif
.\Lib\inc\bsp.h(21): warning:  #1-D: last line of file ends without a newline
  #endif
.\Lib\inc\bsp.h(21): warning:  #1-D: last line of file ends without a newline
  #endif
.\Code\inc\main.h(30): warning:  #1-D: last line of file ends without a newline
  #endif
Code\src\main.c(33): warning:  #550-D: variable "err"  was set but never used
  	mcpErrorCode err;
Code\src\main.c(68): warning:  #177-D: variable "command"  was declared but never referenced
  	controlCommand_t command;
Code\src\main.c(122): warning:  #188-D: enumerated type mixed with another type
  				command.command=USART2->DR;
Code\src\main.c: 8 warnings, 0 errors
linking...
Program Size: Code=12928 RO-data=472 RW-data=176 ZI-data=18096  
".\Objects\BldcBench.axf" - 0 Error(s), 8 Warning(s).

<h2>Software Packages used:</h2>

Package Vendor: ARM
                http://www.keil.com/pack/ARM.CMSIS.5.7.0.pack
                ARM.CMSIS.5.7.0
                CMSIS (Cortex Microcontroller Software Interface Standard)
   * Component: CORE Version: 5.4.0

Package Vendor: ARM
                http://www.keil.com/pack/ARM.CMSIS-FreeRTOS.10.3.1.pack
                ARM.CMSIS-FreeRTOS.10.3.1
                Bundle of FreeRTOS for Cortex-M and Cortex-A
   * Component: Config Variant: FreeRTOS Version: 10.3.1
   * Component: Core Variant: Cortex-M Version: 10.3.1
   * Component: Event Groups Version: 10.3.1
   * Component: Heap Variant: Heap_4 Version: 10.3.1
   * Component: Message Buffer Version: 10.3.1

Package Vendor: Keil
                http://www.keil.com/pack/Keil.STM32F4xx_DFP.2.15.0.pack
                Keil.STM32F4xx_DFP.2.15.0
                STMicroelectronics STM32F4 Series Device Support, Drivers and Examples
   * Component: Startup Version: 2.6.3

<h2>Collection of Component include folders:</h2>
  .\RTE\RTOS
  .\RTE\_BldcBench
  C:\Users\aligtr\AppData\Local\Arm\Packs\ARM\CMSIS-FreeRTOS\10.3.1\CMSIS\RTOS2\FreeRTOS\Include
  C:\Users\aligtr\AppData\Local\Arm\Packs\ARM\CMSIS-FreeRTOS\10.3.1\Source\include
  C:\Users\aligtr\AppData\Local\Arm\Packs\ARM\CMSIS-FreeRTOS\10.3.1\Source\portable\RVDS\ARM_CM4F
  C:\Users\aligtr\AppData\Local\Arm\Packs\ARM\CMSIS\5.7.0\CMSIS\Core\Include
  C:\Users\aligtr\AppData\Local\Arm\Packs\Keil\STM32F4xx_DFP\2.15.0\Drivers\CMSIS\Device\ST\STM32F4xx\Include

<h2>Collection of Component Files used:</h2>

   * Component: ARM.FreeRTOS::RTOS:Config:FreeRTOS:10.3.1
      Include file:  Config\ARMCM\FreeRTOSConfig.h

   * Component: ARM.FreeRTOS::RTOS:Core:Cortex-M:10.3.1
      Source file:   Source\portable\RVDS\ARM_CM4F\port.c
      Include file:  Source\include\task.h
      Source file:   Source\tasks.c
      Include file:  Source\include\FreeRTOS.h
      Source file:   Source\queue.c
      Include file:  Source\include\semphr.h
      Include file:  Source\include\queue.h
      Source file:   Source\list.c
      Source file:   CMSIS\RTOS2\FreeRTOS\Source\freertos_evr.c

   * Component: ARM.FreeRTOS::RTOS:Event Groups:10.3.1
      Source file:   Source\event_groups.c
      Include file:  Source\include\event_groups.h

   * Component: ARM.FreeRTOS::RTOS:Heap:Heap_4:10.3.1
      Source file:   Source\portable\MemMang\heap_4.c

   * Component: ARM.FreeRTOS::RTOS:Message Buffer:10.3.1
      Include file:  Source\include\message_buffer.h
      Source file:   Source\stream_buffer.c

   * Component: ARM::CMSIS:CORE:5.4.0

   * Component: Keil::Device:Startup:2.6.3
      Source file:   MDK\Device\Source\ARM\STM32F411xx_OPT.s
      Source file:   MDK\Device\Source\ARM\STM32F4xx_OTP.s
      Source file:   Drivers\CMSIS\Device\ST\STM32F4xx\Source\Templates\arm\startup_stm32f411xe.s
      Include file:  Drivers\CMSIS\Device\ST\STM32F4xx\Include\stm32f4xx.h
      Source file:   Drivers\CMSIS\Device\ST\STM32F4xx\Source\Templates\system_stm32f4xx.c
Build Time Elapsed:  00:00:00
</pre>
</body>
</html>
