Component: ARM Compiler 5.06 update 6 (build 750) Tool: armlink [4d35ed]

==============================================================================

Section Cross References

    startup_stm32f031x6.o(RESET) refers to startup_stm32f031x6.o(STACK) for __initial_sp
    startup_stm32f031x6.o(RESET) refers to startup_stm32f031x6.o(.text) for Reset_Handler
    startup_stm32f031x6.o(RESET) refers to stm32f0xx_mc_it.o(i.HardFault_Handler) for HardFault_Handler
    startup_stm32f031x6.o(RESET) refers to stm32f0xx_mc_it.o(i.SysTick_Handler) for SysTick_Handler
    startup_stm32f031x6.o(RESET) refers to stm32f0xx_mc_it.o(i.EXTI0_1_IRQHandler) for EXTI0_1_IRQHandler
    startup_stm32f031x6.o(RESET) refers to stm32f0xx_mc_it.o(i.DMA1_Channel1_IRQHandler) for DMA1_Channel1_IRQHandler
    startup_stm32f031x6.o(RESET) refers to stm32f0xx_mc_it.o(i.DMA1_Channel4_5_IRQHandler) for DMA1_Channel4_5_IRQHandler
    startup_stm32f031x6.o(RESET) refers to stm32f0xx_mc_it.o(i.TIM1_BRK_UP_TRG_COM_IRQHandler) for TIM1_BRK_UP_TRG_COM_IRQHandler
    startup_stm32f031x6.o(RESET) refers to stm32f0xx_mc_it.o(i.TIM2_IRQHandler) for TIM2_IRQHandler
    startup_stm32f031x6.o(RESET) refers to stm32f0xx_mc_it.o(i.USART1_IRQHandler) for USART1_IRQHandler
    startup_stm32f031x6.o(.text) refers to system_stm32f0xx.o(i.SystemInit) for SystemInit
    startup_stm32f031x6.o(.text) refers to entry.o(.ARM.Collect$$$$00000000) for __main
    main.o(i.SystemClock_Config) refers to stm32f0xx_hal_rcc.o(i.HAL_RCC_OscConfig) for HAL_RCC_OscConfig
    main.o(i.SystemClock_Config) refers to stm32f0xx_hal_rcc.o(i.HAL_RCC_ClockConfig) for HAL_RCC_ClockConfig
    main.o(i.SystemClock_Config) refers to stm32f0xx_hal_rcc_ex.o(i.HAL_RCCEx_PeriphCLKConfig) for HAL_RCCEx_PeriphCLKConfig
    main.o(i.SystemClock_Config) refers to stm32f0xx_hal_rcc.o(i.HAL_RCC_EnableCSS) for HAL_RCC_EnableCSS
    main.o(i.main) refers to stm32f0xx_hal.o(i.HAL_Init) for HAL_Init
    main.o(i.main) refers to stm32f0xx_hal_rcc.o(i.HAL_RCC_OscConfig) for HAL_RCC_OscConfig
    main.o(i.main) refers to stm32f0xx_hal_rcc.o(i.HAL_RCC_ClockConfig) for HAL_RCC_ClockConfig
    main.o(i.main) refers to stm32f0xx_hal_rcc_ex.o(i.HAL_RCCEx_PeriphCLKConfig) for HAL_RCCEx_PeriphCLKConfig
    main.o(i.main) refers to stm32f0xx_hal_rcc.o(i.HAL_RCC_EnableCSS) for HAL_RCC_EnableCSS
    main.o(i.main) refers to stm32f0xx_hal_gpio.o(i.HAL_GPIO_WritePin) for HAL_GPIO_WritePin
    main.o(i.main) refers to stm32f0xx_hal_gpio.o(i.HAL_GPIO_Init) for HAL_GPIO_Init
    main.o(i.main) refers to stm32f0xx_hal_adc.o(i.HAL_ADC_Init) for HAL_ADC_Init
    main.o(i.main) refers to stm32f0xx_hal_adc.o(i.HAL_ADC_ConfigChannel) for HAL_ADC_ConfigChannel
    main.o(i.main) refers to stm32f0xx_hal_tim.o(i.HAL_TIM_PWM_Init) for HAL_TIM_PWM_Init
    main.o(i.main) refers to stm32f0xx_hal_tim_ex.o(i.HAL_TIMEx_MasterConfigSynchronization) for HAL_TIMEx_MasterConfigSynchronization
    main.o(i.main) refers to stm32f0xx_hal_tim.o(i.HAL_TIM_PWM_ConfigChannel) for HAL_TIM_PWM_ConfigChannel
    main.o(i.main) refers to stm32f0xx_hal_tim_ex.o(i.HAL_TIMEx_ConfigBreakDeadTime) for HAL_TIMEx_ConfigBreakDeadTime
    main.o(i.main) refers to stm32f0xx_hal_msp.o(i.HAL_TIM_MspPostInit) for HAL_TIM_MspPostInit
    main.o(i.main) refers to stm32f0xx_hal_tim.o(i.HAL_TIM_Base_Init) for HAL_TIM_Base_Init
    main.o(i.main) refers to stm32f0xx_hal_tim.o(i.HAL_TIM_ConfigClockSource) for HAL_TIM_ConfigClockSource
    main.o(i.main) refers to stm32f0xx_hal_tim_ex.o(i.HAL_TIMEx_HallSensor_Init) for HAL_TIMEx_HallSensor_Init
    main.o(i.main) refers to stm32f0xx_hal_uart.o(i.HAL_UART_Init) for HAL_UART_Init
    main.o(i.main) refers to motorcontrol.o(i.MX_MotorControl_Init) for MX_MotorControl_Init
    main.o(i.main) refers to stm32f0xx_hal_cortex.o(i.HAL_NVIC_SetPriority) for HAL_NVIC_SetPriority
    main.o(i.main) refers to stm32f0xx_hal_cortex.o(i.HAL_NVIC_EnableIRQ) for HAL_NVIC_EnableIRQ
    main.o(i.main) refers to main.o(.bss) for .bss
    motorcontrol.o(i.MX_MotorControl_Init) refers to stm32f0xx_hal_rcc.o(i.HAL_RCC_GetHCLKFreq) for HAL_RCC_GetHCLKFreq
    motorcontrol.o(i.MX_MotorControl_Init) refers to uidiv.o(.text) for __aeabi_uidivmod
    motorcontrol.o(i.MX_MotorControl_Init) refers to stm32f0xx_hal_cortex.o(i.HAL_SYSTICK_Config) for HAL_SYSTICK_Config
    motorcontrol.o(i.MX_MotorControl_Init) refers to mc_tasks.o(i.MCboot) for MCboot
    motorcontrol.o(i.MX_MotorControl_Init) refers to mc_tasks.o(i.mc_lock_pins) for mc_lock_pins
    motorcontrol.o(i.MX_MotorControl_Init) refers to ui_task.o(i.UI_TaskInit) for UI_TaskInit
    motorcontrol.o(i.MX_MotorControl_Init) refers to motorcontrol.o(.data) for .data
    motorcontrol.o(i.MX_MotorControl_Init) refers to motorcontrol.o(.constdata) for .constdata
    mc_api.o(i.MC_AcknowledgeFaultMotor1) refers to mc_interface.o(i.MCI_FaultAcknowledged) for MCI_FaultAcknowledged
    mc_api.o(i.MC_AcknowledgeFaultMotor1) refers to motorcontrol.o(.data) for pMCI
[...]
    i.TSK_SetStopPermanencyTimeM1            0x08004bf0   Section        0  mc_tasks.o(i.TSK_SetStopPermanencyTimeM1)
    i.TSK_StopPermanencyTimeHasElapsedM1     0x08004bfc   Section        0  mc_tasks.o(i.TSK_StopPermanencyTimeHasElapsedM1)
    i.UART_AdvFeatureConfig                  0x08004c10   Section        0  stm32f0xx_hal_uart.o(i.UART_AdvFeatureConfig)
    i.UART_CheckIdleState                    0x08004cdc   Section        0  stm32f0xx_hal_uart.o(i.UART_CheckIdleState)
    i.UART_SetConfig                         0x08004d44   Section        0  stm32f0xx_hal_uart.o(i.UART_SetConfig)
    i.UART_WaitOnFlagUntilTimeout            0x08004ea0   Section        0  stm32f0xx_hal_uart.o(i.UART_WaitOnFlagUntilTimeout)
    i.UFCP_AbortReceive                      0x08004f18   Section        0  usart_frame_communication_protocol.o(i.UFCP_AbortReceive)
    i.UFCP_Init                              0x08004f22   Section        0  usart_frame_communication_protocol.o(i.UFCP_Init)
    i.UFCP_OVR_IRQ_Handler                   0x08004f2a   Section        0  usart_frame_communication_protocol.o(i.UFCP_OVR_IRQ_Handler)
    i.UFCP_RX_IRQ_Handler                    0x08004f3c   Section        0  usart_frame_communication_protocol.o(i.UFCP_RX_IRQ_Handler)
    i.UFCP_Receive                           0x08004fe0   Section        0  usart_frame_communication_protocol.o(i.UFCP_Receive)
    i.UFCP_Send                              0x08005004   Section        0  usart_frame_communication_protocol.o(i.UFCP_Send)
    i.UFCP_TX_IRQ_Handler                    0x0800505c   Section        0  usart_frame_communication_protocol.o(i.UFCP_TX_IRQ_Handler)
    i.UI_ExecCmd                             0x080050be   Section        0  user_interface.o(i.UI_ExecCmd)
    i.UI_ExecSpeedRamp                       0x08005132   Section        0  user_interface.o(i.UI_ExecSpeedRamp)
    i.UI_ExecTorqueRamp                      0x08005158   Section        0  user_interface.o(i.UI_ExecTorqueRamp)
    i.UI_GetMPInfo                           0x0800516a   Section        0  user_interface.o(i.UI_GetMPInfo)
    i.UI_GetReg                              0x08005170   Section        0  user_interface.o(i.UI_GetReg)
    i.UI_GetRevupData                        0x0800542c   Section        0  user_interface.o(i.UI_GetRevupData)
    i.UI_GetSelectedMC                       0x0800546e   Section        0  user_interface.o(i.UI_GetSelectedMC)
    i.UI_HandleStartStopButton_cb            0x08005472   Section        0  ui_task.o(i.UI_HandleStartStopButton_cb)
    i.UI_Init                                0x08005488   Section        0  user_interface.o(i.UI_Init)
    i.UI_Scheduler                           0x0800549c   Section        0  ui_task.o(i.UI_Scheduler)
    i.UI_SelectMC                            0x080054c8   Section        0  user_interface.o(i.UI_SelectMC)
    i.UI_SerialCommunicationTimeOutStart     0x080054dc   Section        0  ui_task.o(i.UI_SerialCommunicationTimeOutStart)
    i.UI_SerialCommunicationTimeOutStop      0x080054e8   Section        0  ui_task.o(i.UI_SerialCommunicationTimeOutStop)
    i.UI_SetCurrentReferences                0x080054f4   Section        0  user_interface.o(i.UI_SetCurrentReferences)
    i.UI_SetReg                              0x0800550a   Section        0  user_interface.o(i.UI_SetReg)
    i.UI_SetRevupData                        0x0800564a   Section        0  user_interface.o(i.UI_SetRevupData)
    i.UI_TaskInit                            0x0800567c   Section        0  ui_task.o(i.UI_TaskInit)
    i.USART1_IRQHandler                      0x080056e0   Section        0  stm32f0xx_mc_it.o(i.USART1_IRQHandler)
    i.VBS_GetAvBusVoltage_V                  0x08005744   Section        0  bus_voltage_sensor.o(i.VBS_GetAvBusVoltage_V)
    i.VSS_Clear                              0x0800574e   Section        0  virtual_speed_sensor.o(i.VSS_Clear)
    i.VSS_SetCopyObserver                    0x08005794   Section        0  virtual_speed_sensor.o(i.VSS_SetCopyObserver)
    i.VSS_SetMecAcceleration                 0x0800579c   Section        0  virtual_speed_sensor.o(i.VSS_SetMecAcceleration)
    i.VSS_SetMecAngle                        0x0800581c   Section        0  virtual_speed_sensor.o(i.VSS_SetMecAngle)
    i.__scatterload_copy                     0x08005832   Section       14  handlers.o(i.__scatterload_copy)
    i.__scatterload_null                     0x08005840   Section        2  handlers.o(i.__scatterload_null)
    i.__scatterload_zeroinit                 0x08005842   Section       14  handlers.o(i.__scatterload_zeroinit)
    i.__set_errno                            0x08005850   Section        0  errno.o(i.__set_errno)
    i.defuzzifier                            0x0800585c   Section        0  fuzzy_toolbox.o(i.defuzzifier)
    i.fuzzifier                              0x080059a0   Section        0  fuzzy_toolbox.o(i.fuzzifier)
    i.fuzzyAnd                               0x08005ab0   Section        0  fuzzy_toolbox.o(i.fuzzyAnd)
    i.fuzzyController                        0x08005ab8   Section        0  fuzzy.o(i.fuzzyController)
    i.fuzzyOr                                0x08006060   Section        0  fuzzy_toolbox.o(i.fuzzyOr)
    i.main                                   0x08006068   Section        0  main.o(i.main)
    i.mc_lock_pins                           0x080063a8   Section        0  mc_tasks.o(i.mc_lock_pins)
    i.sqrtf                                  0x08006498   Section        0  sqrtf.o(i.sqrtf)
    i.waitForPolarizationEnd                 0x080064c4   Section        0  pwm_common.o(i.waitForPolarizationEnd)
    .constdata                               0x08006518   Section       32  motorcontrol.o(.constdata)
    .constdata                               0x08006538   Section        2  mc_tasks.o(.constdata)
    .constdata                               0x0800653a   Section      512  mc_math.o(.constdata)
    .constdata                               0x0800673c   Section      116  mc_parameters.o(.constdata)
    .constdata                               0x080067b0   Section       16  system_stm32f0xx.o(.constdata)
    .constdata                               0x080067c0   Section        8  system_stm32f0xx.o(.constdata)
    .constdata                               0x080067c8   Section       14  hall_speed_pos_fdbk.o(.constdata)
    OFFSET_TAB_CCMRx                         0x080067c8   Data           7  hall_speed_pos_fdbk.o(.constdata)
    SHIFT_TAB_ICxx                           0x080067cf   Data           7  hall_speed_pos_fdbk.o(.constdata)
    .constdata                               0x080067d6   Section       19  r3_f0xx_pwm_curr_fdbk.o(.constdata)
    CHANNEL_OFFSET_TAB                       0x080067d6   Data           5  r3_f0xx_pwm_curr_fdbk.o(.constdata)
    OFFSET_TAB_CCMRx                         0x080067db   Data           7  r3_f0xx_pwm_curr_fdbk.o(.constdata)
    SHIFT_TAB_OCxx                           0x080067e2   Data           7  r3_f0xx_pwm_curr_fdbk.o(.constdata)
    .constdata                               0x080067ea   Section        6  usart_frame_communication_protocol.o(.constdata)
    UFCP_Usart_Timeout_none                  0x080067ea   Data           2  usart_frame_communication_protocol.o(.constdata)
    UFCP_Usart_Timeout_start                 0x080067ec   Data           2  usart_frame_communication_protocol.o(.constdata)
    UFCP_Usart_Timeout_stop                  0x080067ee   Data           2  usart_frame_communication_protocol.o(.constdata)
    .data                                    0x20000000   Section       12  motorcontrol.o(.data)
    .data                                    0x2000000c   Section        8  motor_control_protocol.o(.data)
    .data                                    0x20000014   Section      276  mc_config.o(.data)
    .data                                    0x20000128   Section       44  mc_config.o(.data)
    .data                                    0x20000154   Section       44  mc_config.o(.data)
    .data                                    0x20000180   Section       44  mc_config.o(.data)
    .data                                    0x200001ac   Section       52  mc_config.o(.data)
    .data                                    0x200001e0   Section      124  mc_config.o(.data)
    .data                                    0x2000025c   Section      200  mc_config.o(.data)
    .data                                    0x20000324   Section       40  mc_config.o(.data)
    .data                                    0x2000034c   Section       40  mc_config.o(.data)
    .data                                    0x20000374   Section       88  mc_config.o(.data)
    .data                                    0x200003cc   Section      180  mc_config.o(.data)
    .data                                    0x20000480   Section      316  mc_config.o(.data)
    .data                                    0x200005bc   Section       58  mc_tasks.o(.data)
    hMFTaskCounterM1                         0x200005be   Data           2  mc_tasks.o(.data)
    hBootCapDelayCounterM1                   0x200005c0   Data           2  mc_tasks.o(.data)
    hStopPermanencyCounterM1                 0x200005c2   Data           2  mc_tasks.o(.data)
    .data                                    0x200005f6   Section        6  regular_conversion_manager.o(.data)
    .data                                    0x200005fc   Section        1  stm32f0xx_mc_it.o(.data)
    SystickDividerCounter                    0x200005fc   Data           1  stm32f0xx_mc_it.o(.data)
    .data                                    0x20000600   Section       12  ui_task.o(.data)
    bCOMATRTimeCounter                       0x20000600   Data           2  ui_task.o(.data)
    bUITaskCounter                           0x20000602   Data           2  ui_task.o(.data)
    bCOMTimeoutCounter                       0x20000604   Data           2  ui_task.o(.data)
    .data                                    0x2000060c   Section        4  system_stm32f0xx.o(.data)
    .data                                    0x20000610   Section       14  speed_torq_ctrl.o(.data)
    hTorqueReference                         0x20000610   Data           2  speed_torq_ctrl.o(.data)
    hErrorPrev                               0x20000612   Data           2  speed_torq_ctrl.o(.data)
    .data                                    0x20000620   Section        4  stm32f0xx_hal.o(.data)
    .data                                    0x20000624   Section        4  errno.o(.data)
    _errno                                   0x20000624   Data           4  errno.o(.data)
    .bss                                     0x20000628   Section      316  main.o(.bss)
    .bss                                     0x20000764   Section       68  main.o(.bss)
    .bss                                     0x200007a8   Section       24  mc_config.o(.bss)
    .bss                                     0x200007c0   Section       20  mc_config.o(.bss)
    .bss                                     0x200007d4   Section      152  mc_tasks.o(.bss)
    .bss                                     0x2000086c   Section       72  regular_conversion_manager.o(.bss)
    .bss                                     0x200008b4   Section      176  ui_task.o(.bss)
    STACK                                    0x20000968   Section     1024  startup_stm32f031x6.o(STACK)

    Global Symbols

    Symbol Name                              Value     Ov Type        Size  Object(Section)

    BuildAttributes$$THM_ISAv3M$S$PE$A:L22$X:L11$S22$IEEE1$IW$USESV6$~STKCKD$USESV7$~SHL$OTIME$ROPI$IEEEJ$EBA8$MICROLIB$REQ8$PRES8$EABIv2 0x00000000   Number         0  anon$$obj.o ABSOLUTE
    __ARM_use_no_argv                        0x00000000   Number         0  main.o ABSOLUTE
    __cpp_initialize__aeabi_                  - Undefined Weak Reference
    __cxa_finalize                            - Undefined Weak Reference
    _clock_init                               - Undefined Weak Reference
    _microlib_exit                            - Undefined Weak Reference
    __Vectors_Size                           0x000000b0   Number         0  startup_stm32f031x6.o ABSOLUTE
    __Vectors                                0x08000000   Data           4  startup_stm32f031x6.o(RESET)
    __Vectors_End                            0x080000b0   Data           0  startup_stm32f031x6.o(RESET)
    __main                                   0x080000b1   Thumb Code     0  entry.o(.ARM.Collect$$$$00000000)
    _main_stk                                0x080000b1   Thumb Code     0  entry2.o(.ARM.Collect$$$$00000001)
    _main_scatterload                        0x080000b5   Thumb Code     0  entry5.o(.ARM.Collect$$$$00000004)
    __main_after_scatterload                 0x080000b9   Thumb Code     0  entry5.o(.ARM.Collect$$$$00000004)
    _main_clock                              0x080000b9   Thumb Code     0  entry7b.o(.ARM.Collect$$$$00000008)
    _main_cpp_init                           0x080000b9   Thumb Code     0  entry8b.o(.ARM.Collect$$$$0000000A)
    _main_init                               0x080000b9   Thumb Code     0  entry9a.o(.ARM.Collect$$$$0000000B)
    __rt_final_cpp                           0x080000c1   Thumb Code     0  entry10a.o(.ARM.Collect$$$$0000000D)
    __rt_final_exit                          0x080000c1   Thumb Code     0  entry11a.o(.ARM.Collect$$$$0000000F)
    Reset_Handler                            0x080000c5   Thumb Code     8  startup_stm32f031x6.o(.text)
    NMI_Handler                              0x080000cd   Thumb Code     2  startup_stm32f031x6.o(.text)
    SVC_Handler                              0x080000d1   Thumb Code     2  startup_stm32f031x6.o(.text)
    PendSV_Handler                           0x080000d3   Thumb Code     2  startup_stm32f031x6.o(.text)
    ADC1_IRQHandler                          0x080000d7   Thumb Code     0  startup_stm32f031x6.o(.text)
    DMA1_Channel2_3_IRQHandler               0x080000d7   Thumb Code     0  startup_stm32f031x6.o(.text)
    EXTI2_3_IRQHandler                       0x080000d7   Thumb Code     0  startup_stm32f031x6.o(.text)
    EXTI4_15_IRQHandler                      0x080000d7   Thumb Code     0  startup_stm32f031x6.o(.text)
    FLASH_IRQHandler                         0x080000d7   Thumb Code     0  startup_stm32f031x6.o(.text)
    I2C1_IRQHandler                          0x080000d7   Thumb Code     0  startup_stm32f031x6.o(.text)
    PVD_IRQHandler                           0x080000d7   Thumb Code     0  startup_stm32f031x6.o(.text)
    RCC_IRQHandler                           0x080000d7   Thumb Code     0  startup_stm32f031x6.o(.text)
    RTC_IRQHandler                           0x080000d7   Thumb Code     0  startup_stm32f031x6.o(.text)
    SPI1_IRQHandler                          0x080000d7   Thumb Code     0  startup_stm32f031x6.o(.text)
    TIM14_IRQHandler                         0x080000d7   Thumb Code     0  startup_stm32f031x6.o(.text)
    TIM16_IRQHandler                         0x080000d7   Thumb Code     0  startup_stm32f031x6.o(.text)
    TIM17_IRQHandler                         0x080000d7   Thumb Code     0  startup_stm32f031x6.o(.text)
    TIM1_CC_IRQHandler                       0x080000d7   Thumb Code     0  startup_stm32f031x6.o(.text)
    TIM3_IRQHandler                          0x080000d7   Thumb Code     0  startup_stm32f031x6.o(.text)
    WWDG_IRQHandler                          0x080000d7   Thumb Code     0  startup_stm32f031x6.o(.text)
    RUC_Init                                 0x080000e1   Thumb Code    72  revup_ctrl.o(.text)
    RUC_Clear                                0x08000129   Thumb Code   130  revup_ctrl.o(.text)
    RUC_OTF_Exec                             0x080001ab   Thumb Code   472  revup_ctrl.o(.text)
    RUC_Exec                                 0x08000383   Thumb Code   102  revup_ctrl.o(.text)
    RUC_Completed                            0x080003e9   Thumb Code    14  revup_ctrl.o(.text)
    RUC_Stop                                 0x080003f7   Thumb Code    28  revup_ctrl.o(.text)
    RUC_FirstAccelerationStageReached        0x08000413   Thumb Code    18  revup_ctrl.o(.text)
    RUC_SetPhaseDurationms                   0x08000425   Thumb Code    10  revup_ctrl.o(.text)
    RUC_SetPhaseFinalMecSpeedUnit            0x0800042f   Thumb Code    10  revup_ctrl.o(.text)
    RUC_SetPhaseFinalTorque                  0x08000439   Thumb Code    10  revup_ctrl.o(.text)
    RUC_GetPhaseDurationms                   0x08000443   Thumb Code    10  revup_ctrl.o(.text)
    RUC_GetPhaseFinalMecSpeedUnit            0x0800044d   Thumb Code    12  revup_ctrl.o(.text)
    RUC_GetPhaseFinalTorque                  0x08000459   Thumb Code    12  revup_ctrl.o(.text)
    RUC_GetNumberOfPhases                    0x08000465   Thumb Code     6  revup_ctrl.o(.text)
    RUC_Get_SCLowsideOTF_Status              0x0800046b   Thumb Code     6  revup_ctrl.o(.text)
    FD_Init                                  0x08000471   Thumb Code    28  fast_div.o(.text)
    FD_FastDiv                               0x0800048d   Thumb Code   290  fast_div.o(.text)
    __aeabi_uidiv                            0x080005af   Thumb Code     0  uidiv.o(.text)
    __aeabi_uidivmod                         0x080005af   Thumb Code    44  uidiv.o(.text)
    __aeabi_idiv                             0x080005db   Thumb Code     0  idiv.o(.text)
    __aeabi_idivmod                          0x080005db   Thumb Code    40  idiv.o(.text)
    __aeabi_fadd                             0x08000603   Thumb Code   162  fadd.o(.text)
    __aeabi_fsub                             0x080006a5   Thumb Code     8  fadd.o(.text)
    __aeabi_frsub                            0x080006ad   Thumb Code     8  fadd.o(.text)
    __aeabi_i2f                              0x080006b5   Thumb Code    22  fflti.o(.text)
    __aeabi_f2iz                             0x080006cb   Thumb Code    50  ffixi.o(.text)
    __I$use$fp                               0x080006fd   Thumb Code     0  iusefp.o(.text)
    _float_round                             0x080006fd   Thumb Code    16  fepilogue.o(.text)
    _float_epilogue                          0x0800070d   Thumb Code   114  fepilogue.o(.text)
    _fsqrt                                   0x0800077f   Thumb Code    88  fsqrt.o(.text)
    __scatterload                            0x080007d9   Thumb Code    28  init.o(.text)
    __scatterload_rt2                        0x080007d9   Thumb Code     0  init.o(.text)
    __decompress                             0x080007fd   Thumb Code     0  __dczerorl2.o(.text)
    __decompress1                            0x080007fd   Thumb Code    86  __dczerorl2.o(.text)
    Circle_Limitation                        0x08000853   Thumb Code    76  circle_limitation.o(i.Circle_Limitation)
    DMA1_Channel1_IRQHandler                 0x080008a1   Thumb Code    14  stm32f0xx_mc_it.o(i.DMA1_Channel1_IRQHandler)
    DMA1_Channel4_5_IRQHandler               0x080008b5   Thumb Code    18  stm32f0xx_mc_it.o(i.DMA1_Channel4_5_IRQHandler)
    EXTI0_1_IRQHandler                       0x080008cd   Thumb Code    24  stm32f0xx_mc_it.o(i.EXTI0_1_IRQHandler)
    Error_Handler                            0x080008e9   Thumb Code     2  main.o(i.Error_Handler)
    F0XX_BRK_IRQHandler                      0x080008eb   Thumb Code    42  r3_f0xx_pwm_curr_fdbk.o(i.F0XX_BRK_IRQHandler)
    FCP_CalcCRC                              0x08000915   Thumb Code    48  frame_communication_protocol.o(i.FCP_CalcCRC)
    FCP_Init                                 0x08000945   Thumb Code    34  frame_communication_protocol.o(i.FCP_Init)
    FCP_SetClient                            0x08000967   Thumb Code    16  frame_communication_protocol.o(i.FCP_SetClient)
    FOC_CalcCurrRef                          0x08000979   Thumb Code    34  mc_tasks.o(i.FOC_CalcCurrRef)
    FOC_Clear                                0x080009a5   Thumb Code    78  mc_tasks.o(i.FOC_Clear)
    FOC_InitAdditionalMethods                0x08000a09   Thumb Code     2  mc_tasks.o(i.FOC_InitAdditionalMethods)
    HALL_CalcAvrgMecSpeedUnit                0x08000a0d   Thumb Code   140  hall_speed_pos_fdbk.o(i.HALL_CalcAvrgMecSpeedUnit)
    HALL_CalcElAngle                         0x08000a9d   Thumb Code    54  hall_speed_pos_fdbk.o(i.HALL_CalcElAngle)
    HALL_Clear                               0x08000ad9   Thumb Code    70  hall_speed_pos_fdbk.o(i.HALL_Clear)
    HALL_Init                                0x08000b21   Thumb Code   280  hall_speed_pos_fdbk.o(i.HALL_Init)
    HALL_TIMx_CC_IRQHandler                  0x08000d41   Thumb Code   764  hall_speed_pos_fdbk.o(i.HALL_TIMx_CC_IRQHandler)
    HALL_TIMx_UP_IRQHandler                  0x08001051   Thumb Code   122  hall_speed_pos_fdbk.o(i.HALL_TIMx_UP_IRQHandler)
    HAL_ADC_ConfigChannel                    0x080010cd   Thumb Code   348  stm32f0xx_hal_adc.o(i.HAL_ADC_ConfigChannel)
    HAL_ADC_Init                             0x0800123d   Thumb Code   364  stm32f0xx_hal_adc.o(i.HAL_ADC_Init)
    HAL_ADC_MspInit                          0x080013b1   Thumb Code   156  stm32f0xx_hal_msp.o(i.HAL_ADC_MspInit)
    HAL_DMA_Init                             0x08001461   Thumb Code   100  stm32f0xx_hal_dma.o(i.HAL_DMA_Init)
    HAL_GPIO_Init                            0x080014d1   Thumb Code   310  stm32f0xx_hal_gpio.o(i.HAL_GPIO_Init)
    HAL_GPIO_WritePin                        0x0800161d   Thumb Code    12  stm32f0xx_hal_gpio.o(i.HAL_GPIO_WritePin)
    HAL_GetTick                              0x08001629   Thumb Code     6  stm32f0xx_hal.o(i.HAL_GetTick)
    HAL_IncTick                              0x08001635   Thumb Code    10  stm32f0xx_hal.o(i.HAL_IncTick)
    HAL_Init                                 0x08001645   Thumb Code    26  stm32f0xx_hal.o(i.HAL_Init)
    HAL_InitTick                             0x08001665   Thumb Code    34  stm32f0xx_hal.o(i.HAL_InitTick)
    HAL_MspInit                              0x08001689   Thumb Code    36  stm32f0xx_hal_msp.o(i.HAL_MspInit)
    HAL_NVIC_EnableIRQ                       0x080016b1   Thumb Code    18  stm32f0xx_hal_cortex.o(i.HAL_NVIC_EnableIRQ)
    HAL_NVIC_SetPriority                     0x080016c9   Thumb Code    60  stm32f0xx_hal_cortex.o(i.HAL_NVIC_SetPriority)
    HAL_RCCEx_PeriphCLKConfig                0x0800170d   Thumb Code   238  stm32f0xx_hal_rcc_ex.o(i.HAL_RCCEx_PeriphCLKConfig)
    HAL_RCC_ClockConfig                      0x08001809   Thumb Code   396  stm32f0xx_hal_rcc.o(i.HAL_RCC_ClockConfig)
    HAL_RCC_EnableCSS                        0x080019b9   Thumb Code    14  stm32f0xx_hal_rcc.o(i.HAL_RCC_EnableCSS)
    HAL_RCC_GetHCLKFreq                      0x080019cd   Thumb Code     6  stm32f0xx_hal_rcc.o(i.HAL_RCC_GetHCLKFreq)
    HAL_RCC_GetPCLK1Freq                     0x080019d9   Thumb Code    20  stm32f0xx_hal_rcc.o(i.HAL_RCC_GetPCLK1Freq)
    HAL_RCC_GetSysClockFreq                  0x080019f9   Thumb Code    78  stm32f0xx_hal_rcc.o(i.HAL_RCC_GetSysClockFreq)
    HAL_RCC_OscConfig                        0x08001a75   Thumb Code   910  stm32f0xx_hal_rcc.o(i.HAL_RCC_OscConfig)
    HAL_SYSTICK_Callback                     0x08001e11   Thumb Code     2  stm32f0xx_hal_cortex.o(i.HAL_SYSTICK_Callback)
    HAL_SYSTICK_Config                       0x08001e15   Thumb Code    46  stm32f0xx_hal_cortex.o(i.HAL_SYSTICK_Config)
    HAL_SYSTICK_IRQHandler                   0x08001e51   Thumb Code     8  stm32f0xx_hal_cortex.o(i.HAL_SYSTICK_IRQHandler)
    HAL_TIMEx_ConfigBreakDeadTime            0x08001e59   Thumb Code    96  stm32f0xx_hal_tim_ex.o(i.HAL_TIMEx_ConfigBreakDeadTime)
    HAL_TIMEx_HallSensor_Init                0x08001eb9   Thumb Code   182  stm32f0xx_hal_tim_ex.o(i.HAL_TIMEx_HallSensor_Init)
    HAL_TIMEx_HallSensor_MspInit             0x08001f6f   Thumb Code     2  stm32f0xx_hal_tim_ex.o(i.HAL_TIMEx_HallSensor_MspInit)
    HAL_TIMEx_MasterConfigSynchronization    0x08001f71   Thumb Code    74  stm32f0xx_hal_tim_ex.o(i.HAL_TIMEx_MasterConfigSynchronization)
    HAL_TIM_Base_Init                        0x08001fbb   Thumb Code    50  stm32f0xx_hal_tim.o(i.HAL_TIM_Base_Init)
    HAL_TIM_Base_MspInit                     0x08001fed   Thumb Code    86  stm32f0xx_hal_msp.o(i.HAL_TIM_Base_MspInit)
    HAL_TIM_ConfigClockSource                0x08002049   Thumb Code   438  stm32f0xx_hal_tim.o(i.HAL_TIM_ConfigClockSource)
    HAL_TIM_MspPostInit                      0x08002201   Thumb Code   110  stm32f0xx_hal_msp.o(i.HAL_TIM_MspPostInit)
    HAL_TIM_PWM_ConfigChannel                0x0800227d   Thumb Code   392  stm32f0xx_hal_tim.o(i.HAL_TIM_PWM_ConfigChannel)
    HAL_TIM_PWM_Init                         0x08002411   Thumb Code    50  stm32f0xx_hal_tim.o(i.HAL_TIM_PWM_Init)
    HAL_TIM_PWM_MspInit                      0x08002445   Thumb Code    78  stm32f0xx_hal_msp.o(i.HAL_TIM_PWM_MspInit)
    HAL_UART_Init                            0x080024a1   Thumb Code   106  stm32f0xx_hal_uart.o(i.HAL_UART_Init)
    HAL_UART_MspInit                         0x0800250d   Thumb Code    76  stm32f0xx_hal_msp.o(i.HAL_UART_MspInit)
    HardFault_Handler                        0x08002565   Thumb Code    90  stm32f0xx_mc_it.o(i.HardFault_Handler)
    MCI_Clear_Iqdref                         0x080025c9   Thumb Code    20  mc_interface.o(i.MCI_Clear_Iqdref)
    MCI_EncoderAlign                         0x080025dd   Thumb Code    12  mc_interface.o(i.MCI_EncoderAlign)
    MCI_ExecBufferedCommands                 0x080025e9   Thumb Code   122  mc_interface.o(i.MCI_ExecBufferedCommands)
    MCI_ExecSpeedRamp                        0x08002663   Thumb Code    14  mc_interface.o(i.MCI_ExecSpeedRamp)
    MCI_ExecTorqueRamp                       0x08002671   Thumb Code    18  mc_interface.o(i.MCI_ExecTorqueRamp)
    MCI_FaultAcknowledged                    0x08002683   Thumb Code    10  mc_interface.o(i.MCI_FaultAcknowledged)
    MCI_GetAvrgMecSpeedUnit                  0x0800268d   Thumb Code    14  mc_interface.o(i.MCI_GetAvrgMecSpeedUnit)
    MCI_GetControlMode                       0x0800269b   Thumb Code     4  mc_interface.o(i.MCI_GetControlMode)
    MCI_GetIab                               0x0800269f   Thumb Code    16  mc_interface.o(i.MCI_GetIab)
    MCI_GetIalphabeta                        0x080026af   Thumb Code    16  mc_interface.o(i.MCI_GetIalphabeta)
    MCI_GetIqd                               0x080026bf   Thumb Code    16  mc_interface.o(i.MCI_GetIqd)
    MCI_GetIqdref                            0x080026cf   Thumb Code    16  mc_interface.o(i.MCI_GetIqdref)
    MCI_GetLastRampFinalSpeed                0x080026df   Thumb Code    16  mc_interface.o(i.MCI_GetLastRampFinalSpeed)
    MCI_GetMecSpeedRefUnit                   0x080026ef   Thumb Code    10  mc_interface.o(i.MCI_GetMecSpeedRefUnit)
    MCI_GetSTMState                          0x080026f9   Thumb Code    10  mc_interface.o(i.MCI_GetSTMState)
    MCI_GetTeref                             0x08002703   Thumb Code     8  mc_interface.o(i.MCI_GetTeref)
    MCI_GetValphabeta                        0x0800270b   Thumb Code    16  mc_interface.o(i.MCI_GetValphabeta)
    MCI_GetVqd                               0x0800271b   Thumb Code    16  mc_interface.o(i.MCI_GetVqd)
    MCI_Init                                 0x0800272b   Thumb Code    20  mc_interface.o(i.MCI_Init)
    MCI_SetCurrentReferences                 0x0800273f   Thumb Code    20  mc_interface.o(i.MCI_SetCurrentReferences)
    MCI_SetIdref                             0x08002753   Thumb Code    10  mc_interface.o(i.MCI_SetIdref)
    MCI_StartMotor                           0x0800275d   Thumb Code    22  mc_interface.o(i.MCI_StartMotor)
    MCI_StopMotor                            0x08002773   Thumb Code    12  mc_interface.o(i.MCI_StopMotor)
    MCI_StopRamp                             0x0800277f   Thumb Code    10  mc_interface.o(i.MCI_StopRamp)
    MCM_Clarke                               0x08002789   Thumb Code    62  mc_math.o(i.MCM_Clarke)
    MCM_Park                                 0x080027d5   Thumb Code   112  mc_math.o(i.MCM_Park)
    MCM_Rev_Park                             0x08002855   Thumb Code    48  mc_math.o(i.MCM_Rev_Park)
    MCM_Trig_Functions                       0x08002885   Thumb Code   156  mc_math.o(i.MCM_Trig_Functions)
    MCP_Init                                 0x08002925   Thumb Code    54  motor_control_protocol.o(i.MCP_Init)
    MCP_OnTimeOut                            0x08002969   Thumb Code     8  motor_control_protocol.o(i.MCP_OnTimeOut)
    MCP_ReceivedFrame                        0x08002971   Thumb Code  1660  motor_control_protocol.o(i.MCP_ReceivedFrame)
    MCP_SentFrame                            0x08002ff5   Thumb Code     8  motor_control_protocol.o(i.MCP_SentFrame)
    MCP_WaitNextFrame                        0x08002ffd   Thumb Code    24  motor_control_protocol.o(i.MCP_WaitNextFrame)
    MC_GetSTMStateMotor1                     0x08003015   Thumb Code    12  mc_api.o(i.MC_GetSTMStateMotor1)
    MC_RunMotorControlTasks                  0x08003025   Thumb Code    26  mc_tasks.o(i.MC_RunMotorControlTasks)
    MC_Scheduler                             0x08003045   Thumb Code    56  mc_tasks.o(i.MC_Scheduler)
    MC_StartMotor1                           0x08003081   Thumb Code    12  mc_api.o(i.MC_StartMotor1)
    MC_StopMotor1                            0x08003091   Thumb Code    12  mc_api.o(i.MC_StopMotor1)
    MCboot                                   0x080030a1   Thumb Code   304  mc_tasks.o(i.MCboot)
    MPM_CalcElMotorPower                     0x0800323d   Thumb Code    64  motor_power_measurement.o(i.MPM_CalcElMotorPower)
    MPM_Clear                                0x0800327d   Thumb Code    26  motor_power_measurement.o(i.MPM_Clear)
    MPM_GetAvrgElMotorPowerW                 0x08003297   Thumb Code     8  motor_power_measurement.o(i.MPM_GetAvrgElMotorPowerW)
    MX_MotorControl_Init                     0x080032a1   Thumb Code    48  motorcontrol.o(i.MX_MotorControl_Init)
    Mamdany_Singlton                         0x080032e1   Thumb Code   174  fuzzy_toolbox.o(i.Mamdany_Singlton)
    NTC_CalcAvTemp                           0x08003391   Thumb Code    60  ntc_temperature_sensor.o(i.NTC_CalcAvTemp)
    NTC_Clear                                0x080033d1   Thumb Code     6  ntc_temperature_sensor.o(i.NTC_Clear)
    NTC_GetAvTemp_C                          0x080033d7   Thumb Code    38  ntc_temperature_sensor.o(i.NTC_GetAvTemp_C)
    NTC_Init                                 0x080033fd   Thumb Code    38  ntc_temperature_sensor.o(i.NTC_Init)
    NTC_SetFaultState                        0x08003423   Thumb Code    26  ntc_temperature_sensor.o(i.NTC_SetFaultState)
    PID_GetKD                                0x0800343d   Thumb Code     8  pid_regulator.o(i.PID_GetKD)
    PID_GetKI                                0x08003445   Thumb Code     8  pid_regulator.o(i.PID_GetKI)
    PID_GetKIDivisor                         0x0800344d   Thumb Code     4  pid_regulator.o(i.PID_GetKIDivisor)
    PID_GetKP                                0x08003451   Thumb Code     8  pid_regulator.o(i.PID_GetKP)
    PID_GetKPDivisor                         0x08003459   Thumb Code     4  pid_regulator.o(i.PID_GetKPDivisor)
    PID_HandleInit                           0x0800345d   Thumb Code    20  pid_regulator.o(i.PID_HandleInit)
    PID_SetIntegralTerm                      0x08003471   Thumb Code     4  pid_regulator.o(i.PID_SetIntegralTerm)
    PID_SetKD                                0x08003475   Thumb Code     4  pid_regulator.o(i.PID_SetKD)
    PID_SetKI                                0x08003479   Thumb Code     4  pid_regulator.o(i.PID_SetKI)
    PID_SetKP                                0x0800347d   Thumb Code     4  pid_regulator.o(i.PID_SetKP)
    PI_Controller                            0x08003481   Thumb Code   122  pid_regulator.o(i.PI_Controller)
    PQD_CalcElMotorPower                     0x08003505   Thumb Code   104  pqd_motor_power_measurement.o(i.PQD_CalcElMotorPower)
    PWMC_CheckOverCurrent                    0x0800356d   Thumb Code     4  pwm_curr_fdbk.o(i.PWMC_CheckOverCurrent)
    PWMC_CurrentReadingCalibr                0x08003571   Thumb Code    68  pwm_curr_fdbk.o(i.PWMC_CurrentReadingCalibr)
    PWMC_GetPhaseCurrents                    0x080035b5   Thumb Code     4  pwm_curr_fdbk.o(i.PWMC_GetPhaseCurrents)
    PWMC_SetPhaseVoltage                     0x080035b9   Thumb Code   398  pwm_curr_fdbk.o(i.PWMC_SetPhaseVoltage)
    PWMC_SwitchOffPWM                        0x08003747   Thumb Code     4  pwm_curr_fdbk.o(i.PWMC_SwitchOffPWM)
    PWMC_SwitchOnPWM                         0x0800374b   Thumb Code     4  pwm_curr_fdbk.o(i.PWMC_SwitchOnPWM)
    PWMC_TurnOnLowSides                      0x0800374f   Thumb Code     4  pwm_curr_fdbk.o(i.PWMC_TurnOnLowSides)
    R3_1_CurrentReadingCalibration           0x08003755   Thumb Code   290  r3_f0xx_pwm_curr_fdbk.o(i.R3_1_CurrentReadingCalibration)
    R3_1_GetPhaseCurrents                    0x080038a1   Thumb Code   234  r3_f0xx_pwm_curr_fdbk.o(i.R3_1_GetPhaseCurrents)
    R3_1_HFCurrentsCalibrationAB             0x08003999   Thumb Code    72  r3_f0xx_pwm_curr_fdbk.o(i.R3_1_HFCurrentsCalibrationAB)
    R3_1_HFCurrentsCalibrationC              0x080039e5   Thumb Code    60  r3_f0xx_pwm_curr_fdbk.o(i.R3_1_HFCurrentsCalibrationC)
    R3_1_Init                                0x08003a25   Thumb Code   240  r3_f0xx_pwm_curr_fdbk.o(i.R3_1_Init)
    R3_1_IsOverCurrentOccurred               0x08003b41   Thumb Code    32  r3_f0xx_pwm_curr_fdbk.o(i.R3_1_IsOverCurrentOccurred)
    R3_1_SetADCSampPointCalibration          0x08003b61   Thumb Code    30  r3_f0xx_pwm_curr_fdbk.o(i.R3_1_SetADCSampPointCalibration)
    R3_1_SetADCSampPointSectX                0x08003b7f   Thumb Code    86  r3_f0xx_pwm_curr_fdbk.o(i.R3_1_SetADCSampPointSectX)
    R3_1_SwitchOffPWM                        0x08003bd5   Thumb Code   140  r3_f0xx_pwm_curr_fdbk.o(i.R3_1_SwitchOffPWM)
    R3_1_SwitchOnPWM                         0x08003c75   Thumb Code   234  r3_f0xx_pwm_curr_fdbk.o(i.R3_1_SwitchOnPWM)
    R3_1_TIMx_UP_IRQHandler                  0x08003d75   Thumb Code   118  r3_f0xx_pwm_curr_fdbk.o(i.R3_1_TIMx_UP_IRQHandler)
    R3_1_TurnOnLowSides                      0x08003df9   Thumb Code    72  r3_f0xx_pwm_curr_fdbk.o(i.R3_1_TurnOnLowSides)
    R3_1_WriteTIMRegisters                   0x08003e45   Thumb Code    44  r3_f0xx_pwm_curr_fdbk.o(i.R3_1_WriteTIMRegisters)
    RCM_ExecNextConv                         0x08003e71   Thumb Code   120  regular_conversion_manager.o(i.RCM_ExecNextConv)
    RCM_ExecRegularConv                      0x08003efd   Thumb Code   282  regular_conversion_manager.o(i.RCM_ExecRegularConv)
    RCM_ExecUserConv                         0x0800402d   Thumb Code    50  regular_conversion_manager.o(i.RCM_ExecUserConv)
    RCM_ReadOngoingConv                      0x08004069   Thumb Code    58  regular_conversion_manager.o(i.RCM_ReadOngoingConv)
    RCM_RegisterRegConv                      0x080040b1   Thumb Code   128  regular_conversion_manager.o(i.RCM_RegisterRegConv)
    REMNG_Init                               0x08004141   Thumb Code    24  ramp_ext_mngr.o(i.REMNG_Init)
    RVBS_CalcAvVbus                          0x08004159   Thumb Code    94  r_divider_bus_voltage_sensor.o(i.RVBS_CalcAvVbus)
    RVBS_CheckFaultState                     0x080041bd   Thumb Code    26  r_divider_bus_voltage_sensor.o(i.RVBS_CheckFaultState)
    RVBS_Clear                               0x080041d7   Thumb Code    48  r_divider_bus_voltage_sensor.o(i.RVBS_Clear)
    RVBS_Init                                0x08004207   Thumb Code    22  r_divider_bus_voltage_sensor.o(i.RVBS_Init)
    SPD_GetAvrgMecSpeedUnit                  0x0800421d   Thumb Code     8  speed_pos_fdbk.o(i.SPD_GetAvrgMecSpeedUnit)
    SPD_GetElAngle                           0x08004225   Thumb Code     8  speed_pos_fdbk.o(i.SPD_GetElAngle)
    SPD_GetInstElSpeedDpp                    0x0800422d   Thumb Code     8  speed_pos_fdbk.o(i.SPD_GetInstElSpeedDpp)
    SPD_GetS16Speed                          0x08004235   Thumb Code    24  speed_pos_fdbk.o(i.SPD_GetS16Speed)
    SPD_IsMecSpeedReliable                   0x0800424d   Thumb Code    96  speed_pos_fdbk.o(i.SPD_IsMecSpeedReliable)
    STC_CalcTorqueReference                  0x080042ad   Thumb Code   136  speed_torq_ctrl.o(i.STC_CalcTorqueReference)
    STC_Clear                                0x0800433d   Thumb Code    20  speed_torq_ctrl.o(i.STC_Clear)
    STC_ExecRamp                             0x08004351   Thumb Code   158  speed_torq_ctrl.o(i.STC_ExecRamp)
    STC_ForceSpeedReferenceToCurrentSpeed    0x080043ef   Thumb Code    16  speed_torq_ctrl.o(i.STC_ForceSpeedReferenceToCurrentSpeed)
    STC_GetDefaultIqdref                     0x080043ff   Thumb Code    14  speed_torq_ctrl.o(i.STC_GetDefaultIqdref)
    STC_GetMaxAppPositiveMecSpeedUnit        0x0800440d   Thumb Code     4  speed_torq_ctrl.o(i.STC_GetMaxAppPositiveMecSpeedUnit)
    STC_GetMecSpeedRefUnit                   0x08004411   Thumb Code    12  speed_torq_ctrl.o(i.STC_GetMecSpeedRefUnit)
    STC_GetMecSpeedRefUnitDefault            0x0800441d   Thumb Code     8  speed_torq_ctrl.o(i.STC_GetMecSpeedRefUnitDefault)
    STC_GetMinAppNegativeMecSpeedUnit        0x08004425   Thumb Code     8  speed_torq_ctrl.o(i.STC_GetMinAppNegativeMecSpeedUnit)
    STC_GetSpeedSensor                       0x0800442d   Thumb Code     4  speed_torq_ctrl.o(i.STC_GetSpeedSensor)
    STC_GetTorqueRef                         0x08004431   Thumb Code    12  speed_torq_ctrl.o(i.STC_GetTorqueRef)
    STC_Init                                 0x0800443d   Thumb Code    32  speed_torq_ctrl.o(i.STC_Init)
    STC_SetControlMode                       0x0800445d   Thumb Code     8  speed_torq_ctrl.o(i.STC_SetControlMode)
    STC_StopRamp                             0x08004465   Thumb Code     8  speed_torq_ctrl.o(i.STC_StopRamp)
    STM_FaultAcknowledged                    0x0800446d   Thumb Code    22  state_machine.o(i.STM_FaultAcknowledged)
    STM_FaultProcessing                      0x08004483   Thumb Code    50  state_machine.o(i.STM_FaultProcessing)
    STM_GetFaultState                        0x080044b5   Thumb Code    10  state_machine.o(i.STM_GetFaultState)
    STM_GetState                             0x080044bf   Thumb Code     4  state_machine.o(i.STM_GetState)
    STM_Init                                 0x080044c3   Thumb Code    10  state_machine.o(i.STM_Init)
    STM_NextState                            0x080044cd   Thumb Code   272  state_machine.o(i.STM_NextState)
    SysTick_Handler                          0x080045dd   Thumb Code    34  stm32f0xx_mc_it.o(i.SysTick_Handler)
    SystemInit                               0x08004605   Thumb Code    78  system_stm32f0xx.o(i.SystemInit)
    TIM1_BRK_UP_TRG_COM_IRQHandler           0x08004661   Thumb Code    68  stm32f0xx_mc_it.o(i.TIM1_BRK_UP_TRG_COM_IRQHandler)
    TIM2_IRQHandler                          0x080046a9   Thumb Code    48  stm32f0xx_mc_it.o(i.TIM2_IRQHandler)
    TIM_Base_SetConfig                       0x080046dd   Thumb Code   114  stm32f0xx_hal_tim.o(i.TIM_Base_SetConfig)
    TIM_OC2_SetConfig                        0x080047e1   Thumb Code   106  stm32f0xx_hal_tim.o(i.TIM_OC2_SetConfig)
    TIM_TI1_SetConfig                        0x08004859   Thumb Code    70  stm32f0xx_hal_tim.o(i.TIM_TI1_SetConfig)
    TSK_ChargeBootCapDelayHasElapsedM1       0x080048a9   Thumb Code    14  mc_tasks.o(i.TSK_ChargeBootCapDelayHasElapsedM1)
    TSK_HardwareFaultTask                    0x080048bd   Thumb Code    22  mc_tasks.o(i.TSK_HardwareFaultTask)
    TSK_HighFrequencyTask                    0x080048dd   Thumb Code   214  mc_tasks.o(i.TSK_HighFrequencyTask)
    TSK_MediumFrequencyTaskM1                0x080049d5   Thumb Code   318  mc_tasks.o(i.TSK_MediumFrequencyTaskM1)
    TSK_SafetyTask                           0x08004b2d   Thumb Code    24  mc_tasks.o(i.TSK_SafetyTask)
    TSK_SafetyTask_PWMOFF                    0x08004b49   Thumb Code   130  mc_tasks.o(i.TSK_SafetyTask_PWMOFF)
    TSK_SetChargeBootCapDelayM1              0x08004be5   Thumb Code     6  mc_tasks.o(i.TSK_SetChargeBootCapDelayM1)
    TSK_SetStopPermanencyTimeM1              0x08004bf1   Thumb Code     6  mc_tasks.o(i.TSK_SetStopPermanencyTimeM1)
    TSK_StopPermanencyTimeHasElapsedM1       0x08004bfd   Thumb Code    14  mc_tasks.o(i.TSK_StopPermanencyTimeHasElapsedM1)
    UART_AdvFeatureConfig                    0x08004c11   Thumb Code   204  stm32f0xx_hal_uart.o(i.UART_AdvFeatureConfig)
    UART_CheckIdleState                      0x08004cdd   Thumb Code    96  stm32f0xx_hal_uart.o(i.UART_CheckIdleState)
    UART_SetConfig                           0x08004d45   Thumb Code   332  stm32f0xx_hal_uart.o(i.UART_SetConfig)
    UART_WaitOnFlagUntilTimeout              0x08004ea1   Thumb Code   120  stm32f0xx_hal_uart.o(i.UART_WaitOnFlagUntilTimeout)
    UFCP_AbortReceive                        0x08004f19   Thumb Code    10  usart_frame_communication_protocol.o(i.UFCP_AbortReceive)
    UFCP_Init                                0x08004f23   Thumb Code     8  usart_frame_communication_protocol.o(i.UFCP_Init)
    UFCP_OVR_IRQ_Handler                     0x08004f2b   Thumb Code    18  usart_frame_communication_protocol.o(i.UFCP_OVR_IRQ_Handler)
    UFCP_RX_IRQ_Handler                      0x08004f3d   Thumb Code   152  usart_frame_communication_protocol.o(i.UFCP_RX_IRQ_Handler)
    UFCP_Receive                             0x08004fe1   Thumb Code    36  usart_frame_communication_protocol.o(i.UFCP_Receive)
    UFCP_Send                                0x08005005   Thumb Code    88  usart_frame_communication_protocol.o(i.UFCP_Send)
    UFCP_TX_IRQ_Handler                      0x0800505d   Thumb Code    98  usart_frame_communication_protocol.o(i.UFCP_TX_IRQ_Handler)
    UI_ExecCmd                               0x080050bf   Thumb Code   116  user_interface.o(i.UI_ExecCmd)
    UI_ExecSpeedRamp                         0x08005133   Thumb Code    38  user_interface.o(i.UI_ExecSpeedRamp)
    UI_ExecTorqueRamp                        0x08005159   Thumb Code    18  user_interface.o(i.UI_ExecTorqueRamp)
    UI_GetMPInfo                             0x0800516b   Thumb Code     4  user_interface.o(i.UI_GetMPInfo)
    UI_GetReg                                0x08005171   Thumb Code   690  user_interface.o(i.UI_GetReg)
    UI_GetRevupData                          0x0800542d   Thumb Code    66  user_interface.o(i.UI_GetRevupData)
    UI_GetSelectedMC                         0x0800546f   Thumb Code     4  user_interface.o(i.UI_GetSelectedMC)
    UI_HandleStartStopButton_cb              0x08005473   Thumb Code    22  ui_task.o(i.UI_HandleStartStopButton_cb)
    UI_Init                                  0x08005489   Thumb Code    20  user_interface.o(i.UI_Init)
    UI_Scheduler                             0x0800549d   Thumb Code    40  ui_task.o(i.UI_Scheduler)
    UI_SelectMC                              0x080054c9   Thumb Code    18  user_interface.o(i.UI_SelectMC)
    UI_SerialCommunicationTimeOutStart       0x080054dd   Thumb Code     8  ui_task.o(i.UI_SerialCommunicationTimeOutStart)
    UI_SerialCommunicationTimeOutStop        0x080054e9   Thumb Code     8  ui_task.o(i.UI_SerialCommunicationTimeOutStop)
    UI_SetCurrentReferences                  0x080054f5   Thumb Code    22  user_interface.o(i.UI_SetCurrentReferences)
    UI_SetReg                                0x0800550b   Thumb Code   320  user_interface.o(i.UI_SetReg)
    UI_SetRevupData                          0x0800564b   Thumb Code    50  user_interface.o(i.UI_SetRevupData)
    UI_TaskInit                              0x0800567d   Thumb Code    70  ui_task.o(i.UI_TaskInit)
    USART1_IRQHandler                        0x080056e1   Thumb Code    90  stm32f0xx_mc_it.o(i.USART1_IRQHandler)
    VBS_GetAvBusVoltage_V                    0x08005745   Thumb Code    10  bus_voltage_sensor.o(i.VBS_GetAvBusVoltage_V)
    VSS_Clear                                0x0800574f   Thumb Code    70  virtual_speed_sensor.o(i.VSS_Clear)
    VSS_SetCopyObserver                      0x08005795   Thumb Code     8  virtual_speed_sensor.o(i.VSS_SetCopyObserver)
    VSS_SetMecAcceleration                   0x0800579d   Thumb Code   128  virtual_speed_sensor.o(i.VSS_SetMecAcceleration)
    VSS_SetMecAngle                          0x0800581d   Thumb Code    22  virtual_speed_sensor.o(i.VSS_SetMecAngle)
    __scatterload_copy                       0x08005833   Thumb Code    14  handlers.o(i.__scatterload_copy)
    __scatterload_null                       0x08005841   Thumb Code     2  handlers.o(i.__scatterload_null)
    __scatterload_zeroinit                   0x08005843   Thumb Code    14  handlers.o(i.__scatterload_zeroinit)
    __set_errno                              0x08005851   Thumb Code     6  errno.o(i.__set_errno)
    defuzzifier                              0x0800585d   Thumb Code   320  fuzzy_toolbox.o(i.defuzzifier)
    fuzzifier                                0x080059a1   Thumb Code   262  fuzzy_toolbox.o(i.fuzzifier)
    fuzzyAnd                                 0x08005ab1   Thumb Code     8  fuzzy_toolbox.o(i.fuzzyAnd)
    fuzzyController                          0x08005ab9   Thumb Code  1448  fuzzy.o(i.fuzzyController)
    fuzzyOr                                  0x08006061   Thumb Code     8  fuzzy_toolbox.o(i.fuzzyOr)
    main                                     0x08006069   Thumb Code   780  main.o(i.main)
    mc_lock_pins                             0x080063a9   Thumb Code   216  mc_tasks.o(i.mc_lock_pins)
    sqrtf                                    0x08006499   Thumb Code    44  sqrtf.o(i.sqrtf)
    waitForPolarizationEnd                   0x080064c5   Thumb Code    84  pwm_common.o(i.waitForPolarizationEnd)
    s_fwVer                                  0x08006518   Data          32  motorcontrol.o(.constdata)
    hSin_Cos_Table                           0x0800653a   Data         512  mc_math.o(.constdata)
    R3_1_Params                              0x0800673c   Data         116  mc_parameters.o(.constdata)
    AHBPrescTable                            0x080067b0   Data          16  system_stm32f0xx.o(.constdata)
    APBPrescTable                            0x080067c0   Data           8  system_stm32f0xx.o(.constdata)
    Region$$Table$$Base                      0x080067f0   Number         0  anon$$obj.o(Region$$Table)
    Region$$Table$$Limit                     0x08006810   Number         0  anon$$obj.o(Region$$Table)
    wConfig                                  0x20000000   Data           4  motorcontrol.o(.data)
    pMCI                                     0x20000004   Data           4  motorcontrol.o(.data)
    pMCT                                     0x20000008   Data           4  motorcontrol.o(.data)
    MPInfo                                   0x2000000c   Data           8  motor_control_protocol.o(.data)
    PQD_MotorPowMeasM1                       0x20000014   Data         276  mc_config.o(.data)
    PIDSpeedHandle_M1                        0x20000128   Data          44  mc_config.o(.data)
    PIDIqHandle_M1                           0x20000154   Data          44  mc_config.o(.data)
    PIDIdHandle_M1                           0x20000180   Data          44  mc_config.o(.data)
    SpeednTorqCtrlM1                         0x200001ac   Data          52  mc_config.o(.data)
    PWM_Handle_M1                            0x200001e0   Data         124  mc_config.o(.data)
    HALL_M1                                  0x2000025c   Data         200  mc_config.o(.data)
    TempSensorParamsM1                       0x20000324   Data          40  mc_config.o(.data)
    RealBusVoltageSensorParamsM1             0x2000034c   Data          40  mc_config.o(.data)
    RampExtMngrHFParamsM1                    0x20000374   Data          88  mc_config.o(.data)
    CircleLimitationM1                       0x200003cc   Data         180  mc_config.o(.data)
    pUSART                                   0x20000480   Data         316  mc_config.o(.data)
    bMCBootCompleted                         0x200005bc   Data           1  mc_tasks.o(.data)
    oMCInterface                             0x200005c4   Data           4  mc_tasks.o(.data)
    pSTC                                     0x200005c8   Data           4  mc_tasks.o(.data)
    pPIDSpeed                                0x200005cc   Data           4  mc_tasks.o(.data)
    pPIDIq                                   0x200005d0   Data           4  mc_tasks.o(.data)
    pPIDId                                   0x200005d4   Data           4  mc_tasks.o(.data)
    pBusSensorM1                             0x200005d8   Data           4  mc_tasks.o(.data)
    pTemperatureSensor                       0x200005dc   Data           4  mc_tasks.o(.data)
    pwmcHandle                               0x200005e0   Data           4  mc_tasks.o(.data)
    pMPM                                     0x200005e4   Data           4  mc_tasks.o(.data)
    pCLM                                     0x200005e8   Data           4  mc_tasks.o(.data)
    pREMNG                                   0x200005ec   Data           4  mc_tasks.o(.data)
    STM                                      0x200005f0   Data           6  mc_tasks.o(.data)
    RCM_currentHandle                        0x200005f6   Data           1  regular_conversion_manager.o(.data)
    RCM_UserConvHandle                       0x200005f7   Data           1  regular_conversion_manager.o(.data)
    RCM_UserConvState                        0x200005f8   Data           1  regular_conversion_manager.o(.data)
    RCM_UserConvValue                        0x200005fa   Data           2  regular_conversion_manager.o(.data)
    pMCP                                     0x20000608   Data           4  ui_task.o(.data)
    SystemCoreClock                          0x2000060c   Data           4  system_stm32f0xx.o(.data)
    derivMoment                              0x20000614   Data           2  speed_torq_ctrl.o(.data)
    tempSpeed                                0x20000616   Data           2  speed_torq_ctrl.o(.data)
    tempMesSpeed                             0x20000618   Data           2  speed_torq_ctrl.o(.data)
    tempTorque                               0x2000061a   Data           2  speed_torq_ctrl.o(.data)
    der                                      0x2000061c   Data           2  speed_torq_ctrl.o(.data)
    uwTick                                   0x20000620   Data           4  stm32f0xx_hal.o(.data)
    hadc                                     0x20000628   Data          76  main.o(.bss)
    htim1                                    0x20000674   Data          64  main.o(.bss)
    htim2                                    0x200006b4   Data          64  main.o(.bss)
    huart1                                   0x200006f4   Data         112  main.o(.bss)
    hdma_adc                                 0x20000764   Data          68  main.o(.bss)
    UI_Params                                0x200007a8   Data          24  mc_config.o(.bss)
    RealBusVoltageSensorFilterBufferM1       0x200007c0   Data          20  mc_config.o(.bss)
    FOCVars                                  0x200007d4   Data          38  mc_tasks.o(.bss)
    Mci                                      0x200007fc   Data          28  mc_tasks.o(.bss)
    MCT                                      0x20000818   Data          84  mc_tasks.o(.bss)
    RCM_handle_array                         0x2000086c   Data          16  regular_conversion_manager.o(.bss)
    RCM_CB_array                             0x2000087c   Data          32  regular_conversion_manager.o(.bss)
    RCM_NoInj_array                          0x2000089c   Data          24  regular_conversion_manager.o(.bss)
    MCP_UI_Params                            0x200008b4   Data         176  ui_task.o(.bss)
    __initial_sp                             0x20000d68   Data           0  startup_stm32f031x6.o(STACK)



==============================================================================

Memory Map of the image

  Image Entry point : 0x080000b1

  Load Region LR_IROM1 (Base: 0x08000000, Size: 0x00006e38, Max: 0x00008000, ABSOLUTE, COMPRESSED[0x00006984])

    Execution Region ER_IROM1 (Exec base: 0x08000000, Load base: 0x08000000, Size: 0x00006810, Max: 0x00008000, ABSOLUTE)

    Exec Addr    Load Addr    Size         Type   Attr      Idx    E Section Name        Object

    0x08000000   0x08000000   0x000000b0   Data   RO            3    RESET               startup_stm32f031x6.o
    0x080000b0   0x080000b0   0x00000000   Code   RO         6001  * .ARM.Collect$$$$00000000  mc_p.l(entry.o)
    0x080000b0   0x080000b0   0x00000004   Code   RO         6016    .ARM.Collect$$$$00000001  mc_p.l(entry2.o)
    0x080000b4   0x080000b4   0x00000004   Code   RO         6019    .ARM.Collect$$$$00000004  mc_p.l(entry5.o)
    0x080000b8   0x080000b8   0x00000000   Code   RO         6021    .ARM.Collect$$$$00000008  mc_p.l(entry7b.o)
    0x080000b8   0x080000b8   0x00000000   Code   RO         6023    .ARM.Collect$$$$0000000A  mc_p.l(entry8b.o)
    0x080000b8   0x080000b8   0x00000008   Code   RO         6024    .ARM.Collect$$$$0000000B  mc_p.l(entry9a.o)
    0x080000c0   0x080000c0   0x00000000   Code   RO         6026    .ARM.Collect$$$$0000000D  mc_p.l(entry10a.o)
    0x080000c0   0x080000c0   0x00000000   Code   RO         6028    .ARM.Collect$$$$0000000F  mc_p.l(entry11a.o)
    0x080000c0   0x080000c0   0x00000004   Code   RO         6017    .ARM.Collect$$$$00002712  mc_p.l(entry2.o)
    0x080000c4   0x080000c4   0x0000001c   Code   RO            4    .text               startup_stm32f031x6.o
    0x080000e0   0x080000e0   0x00000390   Code   RO         5983    .text               libmc-keil_M0.lib(revup_ctrl.o)
    0x08000470   0x08000470   0x0000013e   Code   RO         5989    .text               libmc-keil_M0.lib(fast_div.o)
    0x080005ae   0x080005ae   0x0000002c   Code   RO         6004    .text               mc_p.l(uidiv.o)
    0x080005da   0x080005da   0x00000028   Code   RO         6006    .text               mc_p.l(idiv.o)
    0x08000602   0x08000602   0x000000b2   Code   RO         6010    .text               mf_p.l(fadd.o)
    0x080006b4   0x080006b4   0x00000016   Code   RO         6012    .text               mf_p.l(fflti.o)
    0x080006ca   0x080006ca   0x00000032   Code   RO         6014    .text               mf_p.l(ffixi.o)
    0x080006fc   0x080006fc   0x00000000   Code   RO         6037    .text               mc_p.l(iusefp.o)
    0x080006fc   0x080006fc   0x00000082   Code   RO         6038    .text               mf_p.l(fepilogue.o)
    0x0800077e   0x0800077e   0x00000058   Code   RO         6040    .text               mf_p.l(fsqrt.o)
    0x080007d6   0x080007d6   0x00000002   PAD
    0x080007d8   0x080007d8   0x00000024   Code   RO         6042    .text               mc_p.l(init.o)
    0x080007fc   0x080007fc   0x00000056   Code   RO         6052    .text               mc_p.l(__dczerorl2.o)
    0x08000852   0x08000852   0x0000004c   Code   RO         1958    i.Circle_Limitation  circle_limitation.o
    0x0800089e   0x0800089e   0x00000002   PAD
    0x080008a0   0x080008a0   0x00000014   Code   RO         1409    i.DMA1_Channel1_IRQHandler  stm32f0xx_mc_it.o
    0x080008b4   0x080008b4   0x00000018   Code   RO         1410    i.DMA1_Channel4_5_IRQHandler  stm32f0xx_mc_it.o
    0x080008cc   0x080008cc   0x0000001c   Code   RO         1411    i.EXTI0_1_IRQHandler  stm32f0xx_mc_it.o
    0x080008e8   0x080008e8   0x00000002   Code   RO           12    i.Error_Handler     main.o
    0x080008ea   0x080008ea   0x0000002a   Code   RO         3024    i.F0XX_BRK_IRQHandler  r3_f0xx_pwm_curr_fdbk.o
    0x08000914   0x08000914   0x00000030   Code   RO         3142    i.FCP_CalcCRC       frame_communication_protocol.o
    0x08000944   0x08000944   0x00000022   Code   RO         3143    i.FCP_Init          frame_communication_protocol.o
    0x08000966   0x08000966   0x00000010   Code   RO         3145    i.FCP_SetClient     frame_communication_protocol.o
    0x08000976   0x08000976   0x00000002   PAD
    0x08000978   0x08000978   0x0000002c   Code   RO          907    i.FOC_CalcCurrRef   mc_tasks.o
    0x080009a4   0x080009a4   0x00000064   Code   RO          908    i.FOC_Clear         mc_tasks.o
    0x08000a08   0x08000a08   0x00000002   Code   RO          909    i.FOC_InitAdditionalMethods  mc_tasks.o
    0x08000a0a   0x08000a0a   0x00000002   PAD
    0x08000a0c   0x08000a0c   0x00000090   Code   RO         2007    i.HALL_CalcAvrgMecSpeedUnit  hall_speed_pos_fdbk.o
    0x08000a9c   0x08000a9c   0x0000003c   Code   RO         2008    i.HALL_CalcElAngle  hall_speed_pos_fdbk.o
    0x08000ad8   0x08000ad8   0x00000046   Code   RO         2009    i.HALL_Clear        hall_speed_pos_fdbk.o
    0x08000b1e   0x08000b1e   0x00000002   PAD
    0x08000b20   0x08000b20   0x00000124   Code   RO         2010    i.HALL_Init         hall_speed_pos_fdbk.o
    0x08000c44   0x08000c44   0x000000fc   Code   RO         2011    i.HALL_Init_Electrical_Angle  hall_speed_pos_fdbk.o
    0x08000d40   0x08000d40   0x00000310   Code   RO         2013    i.HALL_TIMx_CC_IRQHandler  hall_speed_pos_fdbk.o
    0x08001050   0x08001050   0x0000007a   Code   RO         2014    i.HALL_TIMx_UP_IRQHandler  hall_speed_pos_fdbk.o
    0x080010ca   0x080010ca   0x00000002   PAD
    0x080010cc   0x080010cc   0x00000170   Code   RO         3297    i.HAL_ADC_ConfigChannel  stm32f0xx_hal_adc.o
    0x0800123c   0x0800123c   0x00000174   Code   RO         3306    i.HAL_ADC_Init      stm32f0xx_hal_adc.o
    0x080013b0   0x080013b0   0x000000b0   Code   RO         1687    i.HAL_ADC_MspInit   stm32f0xx_hal_msp.o
    0x08001460   0x08001460   0x00000070   Code   RO         4248    i.HAL_DMA_Init      stm32f0xx_hal_dma.o
    0x080014d0   0x080014d0   0x0000014c   Code   RO         4183    i.HAL_GPIO_Init     stm32f0xx_hal_gpio.o
    0x0800161c   0x0800161c   0x0000000c   Code   RO         4187    i.HAL_GPIO_WritePin  stm32f0xx_hal_gpio.o
    0x08001628   0x08001628   0x0000000c   Code   RO         3618    i.HAL_GetTick       stm32f0xx_hal.o
    0x08001634   0x08001634   0x00000010   Code   RO         3622    i.HAL_IncTick       stm32f0xx_hal.o
    0x08001644   0x08001644   0x00000020   Code   RO         3623    i.HAL_Init          stm32f0xx_hal.o
    0x08001664   0x08001664   0x00000022   Code   RO         3624    i.HAL_InitTick      stm32f0xx_hal.o
    0x08001686   0x08001686   0x00000002   PAD
    0x08001688   0x08001688   0x00000028   Code   RO         1688    i.HAL_MspInit       stm32f0xx_hal_msp.o
    0x080016b0   0x080016b0   0x00000018   Code   RO         4330    i.HAL_NVIC_EnableIRQ  stm32f0xx_hal_cortex.o
    0x080016c8   0x080016c8   0x00000044   Code   RO         4334    i.HAL_NVIC_SetPriority  stm32f0xx_hal_cortex.o
    0x0800170c   0x0800170c   0x000000fc   Code   RO         3579    i.HAL_RCCEx_PeriphCLKConfig  stm32f0xx_hal_rcc_ex.o
    0x08001808   0x08001808   0x000001b0   Code   RO         3487    i.HAL_RCC_ClockConfig  stm32f0xx_hal_rcc.o
    0x080019b8   0x080019b8   0x00000014   Code   RO         3490    i.HAL_RCC_EnableCSS  stm32f0xx_hal_rcc.o
    0x080019cc   0x080019cc   0x0000000c   Code   RO         3492    i.HAL_RCC_GetHCLKFreq  stm32f0xx_hal_rcc.o
    0x080019d8   0x080019d8   0x00000020   Code   RO         3494    i.HAL_RCC_GetPCLK1Freq  stm32f0xx_hal_rcc.o
    0x080019f8   0x080019f8   0x0000007c   Code   RO         3495    i.HAL_RCC_GetSysClockFreq  stm32f0xx_hal_rcc.o
    0x08001a74   0x08001a74   0x0000039c   Code   RO         3498    i.HAL_RCC_OscConfig  stm32f0xx_hal_rcc.o
    0x08001e10   0x08001e10   0x00000002   Code   RO         4337    i.HAL_SYSTICK_Callback  stm32f0xx_hal_cortex.o
    0x08001e12   0x08001e12   0x00000002   PAD
    0x08001e14   0x08001e14   0x0000003c   Code   RO         4338    i.HAL_SYSTICK_Config  stm32f0xx_hal_cortex.o
    0x08001e50   0x08001e50   0x00000008   Code   RO         4339    i.HAL_SYSTICK_IRQHandler  stm32f0xx_hal_cortex.o
    0x08001e58   0x08001e58   0x00000060   Code   RO         5369    i.HAL_TIMEx_ConfigBreakDeadTime  stm32f0xx_hal_tim_ex.o
    0x08001eb8   0x08001eb8   0x000000b6   Code   RO         5375    i.HAL_TIMEx_HallSensor_Init  stm32f0xx_hal_tim_ex.o
    0x08001f6e   0x08001f6e   0x00000002   Code   RO         5377    i.HAL_TIMEx_HallSensor_MspInit  stm32f0xx_hal_tim_ex.o
    0x08001f70   0x08001f70   0x0000004a   Code   RO         5384    i.HAL_TIMEx_MasterConfigSynchronization  stm32f0xx_hal_tim_ex.o
    0x08001fba   0x08001fba   0x00000032   Code   RO         4761    i.HAL_TIM_Base_Init  stm32f0xx_hal_tim.o
    0x08001fec   0x08001fec   0x0000005c   Code   RO         1690    i.HAL_TIM_Base_MspInit  stm32f0xx_hal_msp.o
    0x08002048   0x08002048   0x000001b6   Code   RO         4770    i.HAL_TIM_ConfigClockSource  stm32f0xx_hal_tim.o
    0x080021fe   0x080021fe   0x00000002   PAD
    0x08002200   0x08002200   0x0000007c   Code   RO         1691    i.HAL_TIM_MspPostInit  stm32f0xx_hal_msp.o
    0x0800227c   0x0800227c   0x00000194   Code   RO         4829    i.HAL_TIM_PWM_ConfigChannel  stm32f0xx_hal_tim.o
    0x08002410   0x08002410   0x00000032   Code   RO         4832    i.HAL_TIM_PWM_Init  stm32f0xx_hal_tim.o
    0x08002442   0x08002442   0x00000002   PAD
    0x08002444   0x08002444   0x0000005c   Code   RO         1693    i.HAL_TIM_PWM_MspInit  stm32f0xx_hal_msp.o
    0x080024a0   0x080024a0   0x0000006a   Code   RO         5621    i.HAL_UART_Init     stm32f0xx_hal_uart.o
    0x0800250a   0x0800250a   0x00000002   PAD
    0x0800250c   0x0800250c   0x00000058   Code   RO         1695    i.HAL_UART_MspInit  stm32f0xx_hal_msp.o
    0x08002564   0x08002564   0x00000064   Code   RO         1412    i.HardFault_Handler  stm32f0xx_mc_it.o
    0x080025c8   0x080025c8   0x00000014   Code   RO         1185    i.MCI_Clear_Iqdref  mc_interface.o
    0x080025dc   0x080025dc   0x0000000c   Code   RO         1186    i.MCI_EncoderAlign  mc_interface.o
    0x080025e8   0x080025e8   0x0000007a   Code   RO         1187    i.MCI_ExecBufferedCommands  mc_interface.o
    0x08002662   0x08002662   0x0000000e   Code   RO         1188    i.MCI_ExecSpeedRamp  mc_interface.o
    0x08002670   0x08002670   0x00000012   Code   RO         1189    i.MCI_ExecTorqueRamp  mc_interface.o
    0x08002682   0x08002682   0x0000000a   Code   RO         1190    i.MCI_FaultAcknowledged  mc_interface.o
    0x0800268c   0x0800268c   0x0000000e   Code   RO         1191    i.MCI_GetAvrgMecSpeedUnit  mc_interface.o
    0x0800269a   0x0800269a   0x00000004   Code   RO         1192    i.MCI_GetControlMode  mc_interface.o
    0x0800269e   0x0800269e   0x00000010   Code   RO         1195    i.MCI_GetIab        mc_interface.o
    0x080026ae   0x080026ae   0x00000010   Code   RO         1196    i.MCI_GetIalphabeta  mc_interface.o
    0x080026be   0x080026be   0x00000010   Code   RO         1198    i.MCI_GetIqd        mc_interface.o
    0x080026ce   0x080026ce   0x00000010   Code   RO         1200    i.MCI_GetIqdref     mc_interface.o
    0x080026de   0x080026de   0x00000010   Code   RO         1201    i.MCI_GetLastRampFinalSpeed  mc_interface.o
    0x080026ee   0x080026ee   0x0000000a   Code   RO         1202    i.MCI_GetMecSpeedRefUnit  mc_interface.o
    0x080026f8   0x080026f8   0x0000000a   Code   RO         1206    i.MCI_GetSTMState   mc_interface.o
    0x08002702   0x08002702   0x00000008   Code   RO         1208    i.MCI_GetTeref      mc_interface.o
    0x0800270a   0x0800270a   0x00000010   Code   RO         1209    i.MCI_GetValphabeta  mc_interface.o
    0x0800271a   0x0800271a   0x00000010   Code   RO         1210    i.MCI_GetVqd        mc_interface.o
    0x0800272a   0x0800272a   0x00000014   Code   RO         1211    i.MCI_Init          mc_interface.o
    0x0800273e   0x0800273e   0x00000014   Code   RO         1214    i.MCI_SetCurrentReferences  mc_interface.o
    0x08002752   0x08002752   0x0000000a   Code   RO         1215    i.MCI_SetIdref      mc_interface.o
    0x0800275c   0x0800275c   0x00000016   Code   RO         1216    i.MCI_StartMotor    mc_interface.o
    0x08002772   0x08002772   0x0000000c   Code   RO         1217    i.MCI_StopMotor     mc_interface.o
    0x0800277e   0x0800277e   0x0000000a   Code   RO         1218    i.MCI_StopRamp      mc_interface.o
    0x08002788   0x08002788   0x0000004c   Code   RO         1123    i.MCM_Clarke        mc_math.o
    0x080027d4   0x080027d4   0x00000080   Code   RO         1124    i.MCM_Park          mc_math.o
    0x08002854   0x08002854   0x00000030   Code   RO         1125    i.MCM_Rev_Park      mc_math.o
    0x08002884   0x08002884   0x000000a0   Code   RO         1127    i.MCM_Trig_Functions  mc_math.o
    0x08002924   0x08002924   0x00000044   Code   RO          797    i.MCP_Init          motor_control_protocol.o
    0x08002968   0x08002968   0x00000008   Code   RO          798    i.MCP_OnTimeOut     motor_control_protocol.o
    0x08002970   0x08002970   0x00000684   Code   RO          799    i.MCP_ReceivedFrame  motor_control_protocol.o
    0x08002ff4   0x08002ff4   0x00000008   Code   RO          804    i.MCP_SentFrame     motor_control_protocol.o
    0x08002ffc   0x08002ffc   0x00000018   Code   RO          805    i.MCP_WaitNextFrame  motor_control_protocol.o
    0x08003014   0x08003014   0x00000010   Code   RO          377    i.MC_GetSTMStateMotor1  mc_api.o
    0x08003024   0x08003024   0x00000020   Code   RO          912    i.MC_RunMotorControlTasks  mc_tasks.o
    0x08003044   0x08003044   0x0000003c   Code   RO          913    i.MC_Scheduler      mc_tasks.o
    0x08003080   0x08003080   0x00000010   Code   RO          387    i.MC_StartMotor1    mc_api.o
    0x08003090   0x08003090   0x00000010   Code   RO          388    i.MC_StopMotor1     mc_api.o
    0x080030a0   0x080030a0   0x0000019c   Code   RO          914    i.MCboot            mc_tasks.o
    0x0800323c   0x0800323c   0x00000040   Code   RO         2073    i.MPM_CalcElMotorPower  motor_power_measurement.o
    0x0800327c   0x0800327c   0x0000001a   Code   RO         2074    i.MPM_Clear         motor_power_measurement.o
    0x08003296   0x08003296   0x00000008   Code   RO         2075    i.MPM_GetAvrgElMotorPowerW  motor_power_measurement.o
    0x0800329e   0x0800329e   0x00000002   PAD
    0x080032a0   0x080032a0   0x00000040   Code   RO          327    i.MX_MotorControl_Init  motorcontrol.o
    0x080032e0   0x080032e0   0x000000ae   Code   RO         1781    i.Mamdany_Singlton  fuzzy_toolbox.o
    0x0800338e   0x0800338e   0x00000002   PAD
    0x08003390   0x08003390   0x00000040   Code   RO         2111    i.NTC_CalcAvTemp    ntc_temperature_sensor.o
    0x080033d0   0x080033d0   0x00000006   Code   RO         2113    i.NTC_Clear         ntc_temperature_sensor.o
    0x080033d6   0x080033d6   0x00000026   Code   RO         2114    i.NTC_GetAvTemp_C   ntc_temperature_sensor.o
    0x080033fc   0x080033fc   0x00000026   Code   RO         2116    i.NTC_Init          ntc_temperature_sensor.o
    0x08003422   0x08003422   0x0000001a   Code   RO         2117    i.NTC_SetFaultState  ntc_temperature_sensor.o
    0x0800343c   0x0800343c   0x00000008   Code   RO         2214    i.PID_GetKD         pid_regulator.o
    0x08003444   0x08003444   0x00000008   Code   RO         2216    i.PID_GetKI         pid_regulator.o
    0x0800344c   0x0800344c   0x00000004   Code   RO         2217    i.PID_GetKIDivisor  pid_regulator.o
    0x08003450   0x08003450   0x00000008   Code   RO         2218    i.PID_GetKP         pid_regulator.o
    0x08003458   0x08003458   0x00000004   Code   RO         2219    i.PID_GetKPDivisor  pid_regulator.o
    0x0800345c   0x0800345c   0x00000014   Code   RO         2220    i.PID_HandleInit    pid_regulator.o
    0x08003470   0x08003470   0x00000004   Code   RO         2221    i.PID_SetIntegralTerm  pid_regulator.o
    0x08003474   0x08003474   0x00000004   Code   RO         2222    i.PID_SetKD         pid_regulator.o
    0x08003478   0x08003478   0x00000004   Code   RO         2224    i.PID_SetKI         pid_regulator.o
    0x0800347c   0x0800347c   0x00000004   Code   RO         2226    i.PID_SetKP         pid_regulator.o
    0x08003480   0x08003480   0x00000084   Code   RO         2233    i.PI_Controller     pid_regulator.o
    0x08003504   0x08003504   0x00000068   Code   RO         2363    i.PQD_CalcElMotorPower  pqd_motor_power_measurement.o
    0x0800356c   0x0800356c   0x00000004   Code   RO         2383    i.PWMC_CheckOverCurrent  pwm_curr_fdbk.o
    0x08003570   0x08003570   0x00000044   Code   RO         2384    i.PWMC_CurrentReadingCalibr  pwm_curr_fdbk.o
    0x080035b4   0x080035b4   0x00000004   Code   RO         2385    i.PWMC_GetPhaseCurrents  pwm_curr_fdbk.o
    0x080035b8   0x080035b8   0x0000018e   Code   RO         2403    i.PWMC_SetPhaseVoltage  pwm_curr_fdbk.o
    0x08003746   0x08003746   0x00000004   Code   RO         2404    i.PWMC_SwitchOffPWM  pwm_curr_fdbk.o
    0x0800374a   0x0800374a   0x00000004   Code   RO         2405    i.PWMC_SwitchOnPWM  pwm_curr_fdbk.o
    0x0800374e   0x0800374e   0x00000004   Code   RO         2406    i.PWMC_TurnOnLowSides  pwm_curr_fdbk.o
    0x08003752   0x08003752   0x00000002   PAD
    0x08003754   0x08003754   0x0000014c   Code   RO         3025    i.R3_1_CurrentReadingCalibration  r3_f0xx_pwm_curr_fdbk.o
    0x080038a0   0x080038a0   0x000000f8   Code   RO         3026    i.R3_1_GetPhaseCurrents  r3_f0xx_pwm_curr_fdbk.o
    0x08003998   0x08003998   0x0000004c   Code   RO         3027    i.R3_1_HFCurrentsCalibrationAB  r3_f0xx_pwm_curr_fdbk.o
    0x080039e4   0x080039e4   0x00000040   Code   RO         3028    i.R3_1_HFCurrentsCalibrationC  r3_f0xx_pwm_curr_fdbk.o
    0x08003a24   0x08003a24   0x0000011c   Code   RO         3029    i.R3_1_Init         r3_f0xx_pwm_curr_fdbk.o
    0x08003b40   0x08003b40   0x00000020   Code   RO         3030    i.R3_1_IsOverCurrentOccurred  r3_f0xx_pwm_curr_fdbk.o
    0x08003b60   0x08003b60   0x0000001e   Code   RO         3031    i.R3_1_SetADCSampPointCalibration  r3_f0xx_pwm_curr_fdbk.o
    0x08003b7e   0x08003b7e   0x00000056   Code   RO         3032    i.R3_1_SetADCSampPointSectX  r3_f0xx_pwm_curr_fdbk.o
    0x08003bd4   0x08003bd4   0x000000a0   Code   RO         3033    i.R3_1_SwitchOffPWM  r3_f0xx_pwm_curr_fdbk.o
    0x08003c74   0x08003c74   0x00000100   Code   RO         3034    i.R3_1_SwitchOnPWM  r3_f0xx_pwm_curr_fdbk.o
    0x08003d74   0x08003d74   0x00000084   Code   RO         3035    i.R3_1_TIMx_UP_IRQHandler  r3_f0xx_pwm_curr_fdbk.o
    0x08003df8   0x08003df8   0x0000004c   Code   RO         3036    i.R3_1_TurnOnLowSides  r3_f0xx_pwm_curr_fdbk.o
    0x08003e44   0x08003e44   0x0000002c   Code   RO         3037    i.R3_1_WriteTIMRegisters  r3_f0xx_pwm_curr_fdbk.o
    0x08003e70   0x08003e70   0x0000008c   Code   RO         1042    i.RCM_ExecNextConv  regular_conversion_manager.o
    0x08003efc   0x08003efc   0x00000130   Code   RO         1043    i.RCM_ExecRegularConv  regular_conversion_manager.o
    0x0800402c   0x0800402c   0x0000003c   Code   RO         1044    i.RCM_ExecUserConv  regular_conversion_manager.o
    0x08004068   0x08004068   0x00000048   Code   RO         1048    i.RCM_ReadOngoingConv  regular_conversion_manager.o
    0x080040b0   0x080040b0   0x00000090   Code   RO         1049    i.RCM_RegisterRegConv  regular_conversion_manager.o
    0x08004140   0x08004140   0x00000018   Code   RO         2623    i.REMNG_Init        ramp_ext_mngr.o
    0x08004158   0x08004158   0x00000064   Code   RO         2576    i.RVBS_CalcAvVbus   r_divider_bus_voltage_sensor.o
    0x080041bc   0x080041bc   0x0000001a   Code   RO         2578    i.RVBS_CheckFaultState  r_divider_bus_voltage_sensor.o
    0x080041d6   0x080041d6   0x00000030   Code   RO         2579    i.RVBS_Clear        r_divider_bus_voltage_sensor.o
    0x08004206   0x08004206   0x00000016   Code   RO         2580    i.RVBS_Init         r_divider_bus_voltage_sensor.o
    0x0800421c   0x0800421c   0x00000008   Code   RO         2677    i.SPD_GetAvrgMecSpeedUnit  speed_pos_fdbk.o
    0x08004224   0x08004224   0x00000008   Code   RO         2678    i.SPD_GetElAngle    speed_pos_fdbk.o
    0x0800422c   0x0800422c   0x00000008   Code   RO         2681    i.SPD_GetInstElSpeedDpp  speed_pos_fdbk.o
    0x08004234   0x08004234   0x00000018   Code   RO         2683    i.SPD_GetS16Speed   speed_pos_fdbk.o
    0x0800424c   0x0800424c   0x00000060   Code   RO         2684    i.SPD_IsMecSpeedReliable  speed_pos_fdbk.o
    0x080042ac   0x080042ac   0x00000090   Code   RO         2750    i.STC_CalcTorqueReference  speed_torq_ctrl.o
    0x0800433c   0x0800433c   0x00000014   Code   RO         2751    i.STC_Clear         speed_torq_ctrl.o
    0x08004350   0x08004350   0x0000009e   Code   RO         2752    i.STC_ExecRamp      speed_torq_ctrl.o
    0x080043ee   0x080043ee   0x00000010   Code   RO         2753    i.STC_ForceSpeedReferenceToCurrentSpeed  speed_torq_ctrl.o
    0x080043fe   0x080043fe   0x0000000e   Code   RO         2755    i.STC_GetDefaultIqdref  speed_torq_ctrl.o
    0x0800440c   0x0800440c   0x00000004   Code   RO         2756    i.STC_GetMaxAppPositiveMecSpeedUnit  speed_torq_ctrl.o
    0x08004410   0x08004410   0x0000000c   Code   RO         2757    i.STC_GetMecSpeedRefUnit  speed_torq_ctrl.o
    0x0800441c   0x0800441c   0x00000008   Code   RO         2758    i.STC_GetMecSpeedRefUnitDefault  speed_torq_ctrl.o
    0x08004424   0x08004424   0x00000008   Code   RO         2759    i.STC_GetMinAppNegativeMecSpeedUnit  speed_torq_ctrl.o
    0x0800442c   0x0800442c   0x00000004   Code   RO         2760    i.STC_GetSpeedSensor  speed_torq_ctrl.o
    0x08004430   0x08004430   0x0000000c   Code   RO         2761    i.STC_GetTorqueRef  speed_torq_ctrl.o
    0x0800443c   0x0800443c   0x00000020   Code   RO         2762    i.STC_Init          speed_torq_ctrl.o
    0x0800445c   0x0800445c   0x00000008   Code   RO         2764    i.STC_SetControlMode  speed_torq_ctrl.o
    0x08004464   0x08004464   0x00000008   Code   RO         2767    i.STC_StopRamp      speed_torq_ctrl.o
    0x0800446c   0x0800446c   0x00000016   Code   RO         2882    i.STM_FaultAcknowledged  state_machine.o
    0x08004482   0x08004482   0x00000032   Code   RO         2883    i.STM_FaultProcessing  state_machine.o
    0x080044b4   0x080044b4   0x0000000a   Code   RO         2884    i.STM_GetFaultState  state_machine.o
    0x080044be   0x080044be   0x00000004   Code   RO         2885    i.STM_GetState      state_machine.o
    0x080044c2   0x080044c2   0x0000000a   Code   RO         2886    i.STM_Init          state_machine.o
    0x080044cc   0x080044cc   0x00000110   Code   RO         2887    i.STM_NextState     state_machine.o
    0x080045dc   0x080045dc   0x00000028   Code   RO         1413    i.SysTick_Handler   stm32f0xx_mc_it.o
    0x08004604   0x08004604   0x0000005c   Code   RO         1887    i.SystemInit        system_stm32f0xx.o
    0x08004660   0x08004660   0x00000048   Code   RO         1414    i.TIM1_BRK_UP_TRG_COM_IRQHandler  stm32f0xx_mc_it.o
    0x080046a8   0x080046a8   0x00000034   Code   RO         1415    i.TIM2_IRQHandler   stm32f0xx_mc_it.o
    0x080046dc   0x080046dc   0x00000088   Code   RO         4847    i.TIM_Base_SetConfig  stm32f0xx_hal_tim.o
    0x08004764   0x08004764   0x0000007c   Code   RO         4855    i.TIM_OC1_SetConfig  stm32f0xx_hal_tim.o
    0x080047e0   0x080047e0   0x00000078   Code   RO         4856    i.TIM_OC2_SetConfig  stm32f0xx_hal_tim.o
    0x08004858   0x08004858   0x00000050   Code   RO         4858    i.TIM_TI1_SetConfig  stm32f0xx_hal_tim.o
    0x080048a8   0x080048a8   0x00000014   Code   RO          915    i.TSK_ChargeBootCapDelayHasElapsedM1  mc_tasks.o
    0x080048bc   0x080048bc   0x00000020   Code   RO          916    i.TSK_HardwareFaultTask  mc_tasks.o
    0x080048dc   0x080048dc   0x000000f8   Code   RO          917    i.TSK_HighFrequencyTask  mc_tasks.o
    0x080049d4   0x080049d4   0x00000158   Code   RO          918    i.TSK_MediumFrequencyTaskM1  mc_tasks.o
    0x08004b2c   0x08004b2c   0x0000001c   Code   RO          919    i.TSK_SafetyTask    mc_tasks.o
    0x08004b48   0x08004b48   0x0000009c   Code   RO          920    i.TSK_SafetyTask_PWMOFF  mc_tasks.o
    0x08004be4   0x08004be4   0x0000000c   Code   RO          921    i.TSK_SetChargeBootCapDelayM1  mc_tasks.o
    0x08004bf0   0x08004bf0   0x0000000c   Code   RO          922    i.TSK_SetStopPermanencyTimeM1  mc_tasks.o
    0x08004bfc   0x08004bfc   0x00000014   Code   RO          923    i.TSK_StopPermanencyTimeHasElapsedM1  mc_tasks.o
    0x08004c10   0x08004c10   0x000000cc   Code   RO         5634    i.UART_AdvFeatureConfig  stm32f0xx_hal_uart.o
    0x08004cdc   0x08004cdc   0x00000068   Code   RO         5635    i.UART_CheckIdleState  stm32f0xx_hal_uart.o
    0x08004d44   0x08004d44   0x0000015c   Code   RO         5648    i.UART_SetConfig    stm32f0xx_hal_uart.o
    0x08004ea0   0x08004ea0   0x00000078   Code   RO         5650    i.UART_WaitOnFlagUntilTimeout  stm32f0xx_hal_uart.o
    0x08004f18   0x08004f18   0x0000000a   Code   RO         3217    i.UFCP_AbortReceive  usart_frame_communication_protocol.o
    0x08004f22   0x08004f22   0x00000008   Code   RO         3218    i.UFCP_Init         usart_frame_communication_protocol.o
    0x08004f2a   0x08004f2a   0x00000012   Code   RO         3219    i.UFCP_OVR_IRQ_Handler  usart_frame_communication_protocol.o
    0x08004f3c   0x08004f3c   0x000000a4   Code   RO         3220    i.UFCP_RX_IRQ_Handler  usart_frame_communication_protocol.o
    0x08004fe0   0x08004fe0   0x00000024   Code   RO         3221    i.UFCP_Receive      usart_frame_communication_protocol.o
    0x08005004   0x08005004   0x00000058   Code   RO         3222    i.UFCP_Send         usart_frame_communication_protocol.o
    0x0800505c   0x0800505c   0x00000062   Code   RO         3224    i.UFCP_TX_IRQ_Handler  usart_frame_communication_protocol.o
    0x080050be   0x080050be   0x00000074   Code   RO         1574    i.UI_ExecCmd        user_interface.o
    0x08005132   0x08005132   0x00000026   Code   RO         1575    i.UI_ExecSpeedRamp  user_interface.o
    0x08005158   0x08005158   0x00000012   Code   RO         1576    i.UI_ExecTorqueRamp  user_interface.o
    0x0800516a   0x0800516a   0x00000004   Code   RO         1577    i.UI_GetMPInfo      user_interface.o
    0x0800516e   0x0800516e   0x00000002   PAD
    0x08005170   0x08005170   0x000002bc   Code   RO         1578    i.UI_GetReg         user_interface.o
    0x0800542c   0x0800542c   0x00000042   Code   RO         1579    i.UI_GetRevupData   user_interface.o
    0x0800546e   0x0800546e   0x00000004   Code   RO         1580    i.UI_GetSelectedMC  user_interface.o
    0x08005472   0x08005472   0x00000016   Code   RO         1497    i.UI_HandleStartStopButton_cb  ui_task.o
    0x08005488   0x08005488   0x00000014   Code   RO         1582    i.UI_Init           user_interface.o
    0x0800549c   0x0800549c   0x0000002c   Code   RO         1499    i.UI_Scheduler      ui_task.o
    0x080054c8   0x080054c8   0x00000012   Code   RO         1583    i.UI_SelectMC       user_interface.o
    0x080054da   0x080054da   0x00000002   PAD
    0x080054dc   0x080054dc   0x0000000c   Code   RO         1502    i.UI_SerialCommunicationTimeOutStart  ui_task.o
    0x080054e8   0x080054e8   0x0000000c   Code   RO         1503    i.UI_SerialCommunicationTimeOutStop  ui_task.o
    0x080054f4   0x080054f4   0x00000016   Code   RO         1584    i.UI_SetCurrentReferences  user_interface.o
    0x0800550a   0x0800550a   0x00000140   Code   RO         1585    i.UI_SetReg         user_interface.o
    0x0800564a   0x0800564a   0x00000032   Code   RO         1586    i.UI_SetRevupData   user_interface.o
    0x0800567c   0x0800567c   0x00000064   Code   RO         1505    i.UI_TaskInit       ui_task.o
    0x080056e0   0x080056e0   0x00000064   Code   RO         1416    i.USART1_IRQHandler  stm32f0xx_mc_it.o
    0x08005744   0x08005744   0x0000000a   Code   RO         1921    i.VBS_GetAvBusVoltage_V  bus_voltage_sensor.o
    0x0800574e   0x0800574e   0x00000046   Code   RO         2934    i.VSS_Clear         virtual_speed_sensor.o
    0x08005794   0x08005794   0x00000008   Code   RO         2939    i.VSS_SetCopyObserver  virtual_speed_sensor.o
    0x0800579c   0x0800579c   0x00000080   Code   RO         2941    i.VSS_SetMecAcceleration  virtual_speed_sensor.o
    0x0800581c   0x0800581c   0x00000016   Code   RO         2942    i.VSS_SetMecAngle   virtual_speed_sensor.o
    0x08005832   0x08005832   0x0000000e   Code   RO         6046    i.__scatterload_copy  mc_p.l(handlers.o)
    0x08005840   0x08005840   0x00000002   Code   RO         6047    i.__scatterload_null  mc_p.l(handlers.o)
    0x08005842   0x08005842   0x0000000e   Code   RO         6048    i.__scatterload_zeroinit  mc_p.l(handlers.o)
    0x08005850   0x08005850   0x0000000c   Code   RO         6032    i.__set_errno       mc_p.l(errno.o)
    0x0800585c   0x0800585c   0x00000144   Code   RO         1784    i.defuzzifier       fuzzy_toolbox.o
    0x080059a0   0x080059a0   0x00000110   Code   RO         1789    i.fuzzifier         fuzzy_toolbox.o
    0x08005ab0   0x08005ab0   0x00000008   Code   RO         1790    i.fuzzyAnd          fuzzy_toolbox.o
    0x08005ab8   0x08005ab8   0x000005a8   Code   RO         1759    i.fuzzyController   fuzzy.o
    0x08006060   0x08006060   0x00000008   Code   RO         1792    i.fuzzyOr           fuzzy_toolbox.o
    0x08006068   0x08006068   0x00000340   Code   RO           14    i.main              main.o
    0x080063a8   0x080063a8   0x000000f0   Code   RO          924    i.mc_lock_pins      mc_tasks.o
    0x08006498   0x08006498   0x0000002c   Code   RO         5994    i.sqrtf             m_ps.l(sqrtf.o)
    0x080064c4   0x080064c4   0x00000054   Code   RO         2542    i.waitForPolarizationEnd  pwm_common.o
    0x08006518   0x08006518   0x00000020   Data   RO          328    .constdata          motorcontrol.o
    0x08006538   0x08006538   0x00000002   Data   RO          926    .constdata          mc_tasks.o
    0x0800653a   0x0800653a   0x00000200   Data   RO         1129    .constdata          mc_math.o
    0x0800673a   0x0800673a   0x00000002   PAD
    0x0800673c   0x0800673c   0x00000074   Data   RO         1478    .constdata          mc_parameters.o
    0x080067b0   0x080067b0   0x00000010   Data   RO         1888    .constdata          system_stm32f0xx.o
    0x080067c0   0x080067c0   0x00000008   Data   RO         1889    .constdata          system_stm32f0xx.o
    0x080067c8   0x080067c8   0x0000000e   Data   RO         2015    .constdata          hall_speed_pos_fdbk.o
    0x080067d6   0x080067d6   0x00000013   Data   RO         3038    .constdata          r3_f0xx_pwm_curr_fdbk.o
    0x080067e9   0x080067e9   0x00000001   PAD
    0x080067ea   0x080067ea   0x00000006   Data   RO         3225    .constdata          usart_frame_communication_protocol.o
    0x080067f0   0x080067f0   0x00000020   Data   RO         6044    Region$$Table       anon$$obj.o


    Execution Region RW_IRAM1 (Exec base: 0x20000000, Load base: 0x08006810, Size: 0x00000d68, Max: 0x00001000, ABSOLUTE, COMPRESSED[0x00000174])

    Exec Addr    Load Addr    Size         Type   Attr      Idx    E Section Name        Object

    0x20000000   COMPRESSED   0x0000000c   Data   RW          329    .data               motorcontrol.o
    0x2000000c   COMPRESSED   0x00000008   Data   RW          806    .data               motor_control_protocol.o
    0x20000014   COMPRESSED   0x00000114   Data   RW          871    .data               mc_config.o
    0x20000128   COMPRESSED   0x0000002c   Data   RW          873    .data               mc_config.o
    0x20000154   COMPRESSED   0x0000002c   Data   RW          874    .data               mc_config.o
    0x20000180   COMPRESSED   0x0000002c   Data   RW          875    .data               mc_config.o
    0x200001ac   COMPRESSED   0x00000034   Data   RW          876    .data               mc_config.o
    0x200001e0   COMPRESSED   0x0000007c   Data   RW          877    .data               mc_config.o
    0x2000025c   COMPRESSED   0x000000c8   Data   RW          878    .data               mc_config.o
    0x20000324   COMPRESSED   0x00000028   Data   RW          879    .data               mc_config.o
    0x2000034c   COMPRESSED   0x00000028   Data   RW          880    .data               mc_config.o
    0x20000374   COMPRESSED   0x00000058   Data   RW          881    .data               mc_config.o
    0x200003cc   COMPRESSED   0x000000b4   Data   RW          882    .data               mc_config.o
    0x20000480   COMPRESSED   0x0000013c   Data   RW          883    .data               mc_config.o
    0x200005bc   COMPRESSED   0x0000003a   Data   RW          927    .data               mc_tasks.o
    0x200005f6   COMPRESSED   0x00000006   Data   RW         1053    .data               regular_conversion_manager.o
    0x200005fc   COMPRESSED   0x00000001   Data   RW         1417    .data               stm32f0xx_mc_it.o
    0x200005fd   COMPRESSED   0x00000003   PAD
    0x20000600   COMPRESSED   0x0000000c   Data   RW         1507    .data               ui_task.o
    0x2000060c   COMPRESSED   0x00000004   Data   RW         1890    .data               system_stm32f0xx.o
    0x20000610   COMPRESSED   0x0000000e   Data   RW         2770    .data               speed_torq_ctrl.o
    0x2000061e   COMPRESSED   0x00000002   PAD
    0x20000620   COMPRESSED   0x00000004   Data   RW         3629    .data               stm32f0xx_hal.o
    0x20000624   COMPRESSED   0x00000004   Data   RW         6033    .data               mc_p.l(errno.o)
    0x20000628        -       0x0000013c   Zero   RW           15    .bss                main.o
    0x20000764        -       0x00000044   Zero   RW           16    .bss                main.o
    0x200007a8        -       0x00000018   Zero   RW          869    .bss                mc_config.o
    0x200007c0        -       0x00000014   Zero   RW          870    .bss                mc_config.o
    0x200007d4        -       0x00000098   Zero   RW          925    .bss                mc_tasks.o
    0x2000086c        -       0x00000048   Zero   RW         1052    .bss                regular_conversion_manager.o
    0x200008b4        -       0x000000b0   Zero   RW         1506    .bss                ui_task.o
    0x20000964   COMPRESSED   0x00000004   PAD
    0x20000968        -       0x00000400   Zero   RW            1    STACK               startup_stm32f031x6.o


==============================================================================

Image component sizes


      Code (inc. data)   RO Data    RW Data    ZI Data      Debug   Object Name

        10          0          0          0          0       1000   bus_voltage_sensor.o
        76          0          0          0          0       1244   circle_limitation.o
         0          0          0          0          0       3908   digital_output.o
        98          0          0          0          0       2585   frame_communication_protocol.o
      1448          8          0          0          0       1938   fuzzy.o
       786         26          0          0          0       7081   fuzzy_toolbox.o
      1724         82         14          0          0      33952   hall_speed_pos_fdbk.o
       834         52          0          0        384     321497   main.o
        48         12          0          0          0     314944   mc_api.o
         0          0          0       1448         44       1485   mc_config.o
       448          0          0          0          0      12459   mc_interface.o
       412         34        512          0          0       6841   mc_math.o
         0          0        116          0          0        214   mc_parameters.o
      1762        314          2         58        152      15966   mc_tasks.o
      1776        646          0          8          0       6105   motor_control_protocol.o
        98          0          0          0          0       2374   motor_power_measurement.o
        64         16         32         12          0       1235   motorcontrol.o
       172          4          0          0          0       3586   ntc_temperature_sensor.o
       200         10          0          0          0       7033   pid_regulator.o
       104          0          0          0          0       1155   pqd_motor_power_measurement.o
        84          0          0          0          0      26233   pwm_common.o
       486          0          0          0          0       5496   pwm_curr_fdbk.o
      1862        174         19          0          0      92863   r3_f0xx_pwm_curr_fdbk.o
       196          6          0          0          0       3358   r_divider_bus_voltage_sensor.o
        24          0          0          0          0        957   ramp_ext_mngr.o
       720         82          0          6         72      28285   regular_conversion_manager.o
       144          0          0          0          0       3766   speed_pos_fdbk.o
       448          8          0         14          0      10000   speed_torq_ctrl.o
        28          8        176          0       1024        616   startup_stm32f031x6.o
       368         22          0          0          0       4560   state_machine.o
        94         18          0          4          0       2971   stm32f0xx_hal.o
       740         28          0          0          0       2927   stm32f0xx_hal_adc.o
       162         28          0          0          0      11193   stm32f0xx_hal_cortex.o
       112         12          0          0          0       1195   stm32f0xx_hal_dma.o
       344         22          0          0          0       2188   stm32f0xx_hal_gpio.o
       612         70          0          0          0       4221   stm32f0xx_hal_msp.o
      1544        120          0          0          0       5735   stm32f0xx_hal_rcc.o
       252         14          0          0          0       1324   stm32f0xx_hal_rcc_ex.o
      1402         72          0          0          0       9200   stm32f0xx_hal_tim.o
       354          0          0          0          0       3415   stm32f0xx_hal_tim_ex.o
       882         24          0          0          0       5008   stm32f0xx_hal_uart.o
       436         50          0          1          0      24322   stm32f0xx_mc_it.o
        92         14         24          4          0       1095   system_stm32f0xx.o
       190         42          0         12        176       3145   ui_task.o
       422         12          6          0          0      26430   usart_frame_communication_protocol.o
      1376         84          0          0          0      10368   user_interface.o
       228          0          0          0          0       3181   virtual_speed_sensor.o

    ----------------------------------------------------------------------
     23692       2114        936       1572       1856    1040654   Object Totals
         0          0         32          0          0          0   (incl. Generated)
        30          0          3          5          4          0   (incl. Padding)

    ----------------------------------------------------------------------

      Code (inc. data)   RO Data    RW Data    ZI Data      Debug   Library Member Name

       318          0          0          0          0        112   fast_div.o
       912          0          0          0          0        356   revup_ctrl.o
        44          0          0          0          0         72   sqrtf.o
        86          0          0          0          0          0   __dczerorl2.o
         0          0          0          0          0          0   entry.o
         0          0          0          0          0          0   entry10a.o
         0          0          0          0          0          0   entry11a.o
         8          4          0          0          0          0   entry2.o
         4          0          0          0          0          0   entry5.o
         0          0          0          0          0          0   entry7b.o
         0          0          0          0          0          0   entry8b.o
         8          4          0          0          0          0   entry9a.o
        12          6          0          4          0         60   errno.o
        30          0          0          0          0          0   handlers.o
        40          0          0          0          0         72   idiv.o
        36          8          0          0          0         68   init.o
         0          0          0          0          0          0   iusefp.o
        44          0          0          0          0         72   uidiv.o
       178          0          0          0          0        108   fadd.o
       130          0          0          0          0        144   fepilogue.o
        50          0          0          0          0         60   ffixi.o
        22          0          0          0          0         68   fflti.o
        88          0          0          0          0         72   fsqrt.o

    ----------------------------------------------------------------------
      2012         22          0          4          0       1264   Library Totals
         2          0          0          0          0          0   (incl. Padding)

    ----------------------------------------------------------------------

      Code (inc. data)   RO Data    RW Data    ZI Data      Debug   Library Name

      1230          0          0          0          0        468   libmc-keil_M0.lib
        44          0          0          0          0         72   m_ps.l
       268         22          0          4          0        272   mc_p.l
       468          0          0          0          0        452   mf_p.l

    ----------------------------------------------------------------------
      2012         22          0          4          0       1264   Library Totals

    ----------------------------------------------------------------------

==============================================================================


      Code (inc. data)   RO Data    RW Data    ZI Data      Debug   

     25704       2136        936       1576       1856    1031714   Grand Totals
     25704       2136        936        372       1856    1031714   ELF Image Totals (compressed)
     25704       2136        936        372          0          0   ROM Totals

==============================================================================

    Total RO  Size (Code + RO Data)                26640 (  26.02kB)
    Total RW  Size (RW Data + ZI Data)              3432 (   3.35kB)
    Total ROM Size (Code + RO Data + RW Data)      27012 (  26.38kB)

==============================================================================

