Component: ARM Compiler 5.06 update 6 (build 750) Tool: armlink [4d35ed]

==============================================================================

Section Cross References

    main.o(i.EXTI15_10_IRQHandler) refers to main.o(.data) for changeSpeed
    main.o(i.commandReciveTask) refers to queue.o(i.xQueueSemaphoreTake) for xQueueSemaphoreTake
    main.o(i.commandReciveTask) refers to main.o(.data) for uart2ReciveSemaphore
    main.o(i.controlTask) refers to motorcontrol.o(i.startMotor) for startMotor
    main.o(i.controlTask) refers to motorcontrol.o(i.stopMotor) for stopMotor
    main.o(i.controlTask) refers to main.o(.data) for changeSpeed
    main.o(i.main) refers to rcc.o(i.RccClockInit) for RccClockInit
    main.o(i.main) refers to encoder.o(i.encoderInit) for encoderInit
    main.o(i.main) refers to bsp.o(i.uart2Init) for uart2Init
    main.o(i.main) refers to bsp.o(i.uart1Init) for uart1Init
    main.o(i.main) refers to motorcontrol.o(i.setSpeed) for setSpeed
    main.o(i.measureTask) refers to motorcontrol.o(i.getSpeed) for getSpeed
    main.o(i.measureTask) refers to motorcontrol.o(i.getTorque) for getTorque
    main.o(i.measureTask) refers to motorcontrol.o(i.getRegulatorTorqueRef) for getRegulatorTorqueRef
    main.o(i.measureTask) refers to motorcontrol.o(i.getReferenceSpeed) for getReferenceSpeed
    main.o(i.measureTask) refers to bsp.o(i.uartTransmitt) for uartTransmitt
    main.o(i.measureTask) refers to bsp.o(i.uartTransmittBuff) for uartTransmittBuff
    encoder.o(i.TIM2_IRQHandler) refers to dflt_clz.o(x$fpl$dfltu) for __aeabi_ui2d
    encoder.o(i.TIM2_IRQHandler) refers to ddiv.o(x$fpl$ddiv) for __aeabi_ddiv
    encoder.o(i.TIM2_IRQHandler) refers to encoder.o(.data) for statusFlag
    encoder.o(i.TIM5_IRQHandler) refers to encoder.o(.data) for speed
    encoder.o(i.encoderInit) refers to encoder.o(i.tim5Init) for tim5Init
    encoder.o(i.encoderInit) refers to encoder.o(i.__NVIC_EnableIRQ) for __NVIC_EnableIRQ
    encoder.o(i.tim5Init) refers to encoder.o(i.__NVIC_EnableIRQ) for __NVIC_EnableIRQ
    motorcontrol.o(i.faultAck) refers to mcp.o(i.mcpCommand) for mcpCommand
    motorcontrol.o(i.getFlux) refers to mcp.o(i.mcpGetRegister) for mcpGetRegister
    motorcontrol.o(i.getMotorPower) refers to mcp.o(i.mcpGetRegister) for mcpGetRegister
    motorcontrol.o(i.getMotorState) refers to mcp.o(i.mcpGetRegister) for mcpGetRegister
    motorcontrol.o(i.getReferenceSpeed) refers to mcp.o(i.mcpGetRegister) for mcpGetRegister
    motorcontrol.o(i.getRegulatorTorqueRef) refers to mcp.o(i.mcpGetRegister) for mcpGetRegister
    motorcontrol.o(i.getSpeed) refers to mcp.o(i.mcpGetRegister) for mcpGetRegister
    motorcontrol.o(i.getTorque) refers to mcp.o(i.mcpGetRegister) for mcpGetRegister
    motorcontrol.o(i.setCurrent) refers to mcp.o(i.mcpSetCurrentRef) for mcpSetCurrentRef
    motorcontrol.o(i.setFluxPID) refers to mcp.o(i.mcpSetRegister) for mcpSetRegister
    motorcontrol.o(i.setSpeed) refers to mcp.o(i.mcpRamp) for mcpRamp
    motorcontrol.o(i.setSpeedPID) refers to mcp.o(i.mcpSetRegister) for mcpSetRegister
    motorcontrol.o(i.setTorquePID) refers to mcp.o(i.mcpSetRegister) for mcpSetRegister
    motorcontrol.o(i.startMotor) refers to mcp.o(i.mcpCommand) for mcpCommand
    motorcontrol.o(i.stopMotor) refers to mcp.o(i.mcpCommand) for mcpCommand
    mcp.o(i.mcpCommand) refers to mcp.o(i.mcpCalculateCRC) for mcpCalculateCRC
    mcp.o(i.mcpCommand) refers to bsp.o(i.uartTransmittBuff) for uartTransmittBuff
    mcp.o(i.mcpCommand) refers to bsp.o(i.uartRecive) for uartRecive
    mcp.o(i.mcpCommand) refers to bsp.o(.bss) for frameBuff
    mcp.o(i.mcpGetRegister) refers to mcp.o(i.mcpCalculateCRC) for mcpCalculateCRC
    mcp.o(i.mcpGetRegister) refers to bsp.o(i.uartTransmittBuff) for uartTransmittBuff
    mcp.o(i.mcpGetRegister) refers to bsp.o(i.uartRecive) for uartRecive
    mcp.o(i.mcpGetRegister) refers to bsp.o(.bss) for frameBuff
    mcp.o(i.mcpRamp) refers to mcp.o(i.mcpCalculateCRC) for mcpCalculateCRC
    mcp.o(i.mcpRamp) refers to bsp.o(i.uartTransmittBuff) for uartTransmittBuff
    mcp.o(i.mcpRamp) refers to bsp.o(i.uartRecive) for uartRecive
    mcp.o(i.mcpRamp) refers to bsp.o(.bss) for frameBuff
    mcp.o(i.mcpSetCurrentRef) refers to mcp.o(i.mcpCalculateCRC) for mcpCalculateCRC
    mcp.o(i.mcpSetCurrentRef) refers to bsp.o(i.uartTransmittBuff) for uartTransmittBuff
    mcp.o(i.mcpSetCurrentRef) refers to bsp.o(i.uartRecive) for uartRecive
    mcp.o(i.mcpSetCurrentRef) refers to bsp.o(.bss) for frameBuff
    mcp.o(i.mcpSetRegister) refers to rt_memcpy_v6.o(.text) for __aeabi_memcpy
    mcp.o(i.mcpSetRegister) refers to mcp.o(i.mcpCalculateCRC) for mcpCalculateCRC
    mcp.o(i.mcpSetRegister) refers to bsp.o(i.uartTransmittBuff) for uartTransmittBuff
    mcp.o(i.mcpSetRegister) refers to bsp.o(i.uartRecive) for uartRecive
    mcp.o(i.mcpSetRegister) refers to bsp.o(.bss) for frameBuff
    bsp.o(i.USART1_IRQHandler) refers to bsp.o(.bss) for frameBuff
[...]
    tasks.o(i.xTaskGenericNotifyFromISR) refers to list.o(i.vListInsertEnd) for vListInsertEnd
    tasks.o(i.xTaskGenericNotifyFromISR) refers to tasks.o(.data) for uxSchedulerSuspended
    tasks.o(i.xTaskGenericNotifyFromISR) refers to tasks.o(.bss) for pxReadyTasksLists
    tasks.o(i.xTaskGetCurrentTaskHandle) refers to tasks.o(.data) for pxCurrentTCB
    tasks.o(i.xTaskGetHandle) refers to strlen.o(.text) for strlen
    tasks.o(i.xTaskGetHandle) refers to tasks.o(i.vTaskSuspendAll) for vTaskSuspendAll
    tasks.o(i.xTaskGetHandle) refers to tasks.o(i.prvSearchForNameWithinSingleList) for prvSearchForNameWithinSingleList
    tasks.o(i.xTaskGetHandle) refers to tasks.o(i.xTaskResumeAll) for xTaskResumeAll
    tasks.o(i.xTaskGetHandle) refers to tasks.o(.bss) for pxReadyTasksLists
    tasks.o(i.xTaskGetHandle) refers to tasks.o(.data) for pxDelayedTaskList
    tasks.o(i.xTaskGetIdleTaskHandle) refers to tasks.o(.data) for xIdleTaskHandle
    tasks.o(i.xTaskGetSchedulerState) refers to tasks.o(.data) for xSchedulerRunning
    tasks.o(i.xTaskGetTickCount) refers to tasks.o(.data) for xTickCount
    tasks.o(i.xTaskGetTickCountFromISR) refers to port.o(i.vPortValidateInterruptPriority) for vPortValidateInterruptPriority
    tasks.o(i.xTaskGetTickCountFromISR) refers to tasks.o(.data) for xTickCount
    tasks.o(i.xTaskIncrementTick) refers to tasks.o(i.prvResetNextTaskUnblockTime) for prvResetNextTaskUnblockTime
    tasks.o(i.xTaskIncrementTick) refers to list.o(i.uxListRemove) for uxListRemove
    tasks.o(i.xTaskIncrementTick) refers to list.o(i.vListInsertEnd) for vListInsertEnd
    tasks.o(i.xTaskIncrementTick) refers to tasks.o(.data) for uxSchedulerSuspended
    tasks.o(i.xTaskIncrementTick) refers to tasks.o(.bss) for pxReadyTasksLists
    tasks.o(i.xTaskNotifyStateClear) refers to port.o(i.vPortEnterCritical) for vPortEnterCritical
    tasks.o(i.xTaskNotifyStateClear) refers to port.o(i.vPortExitCritical) for vPortExitCritical
    tasks.o(i.xTaskNotifyStateClear) refers to tasks.o(.data) for pxCurrentTCB
    tasks.o(i.xTaskNotifyWait) refers to port.o(i.vPortEnterCritical) for vPortEnterCritical
    tasks.o(i.xTaskNotifyWait) refers to tasks.o(i.prvAddCurrentTaskToDelayedList) for prvAddCurrentTaskToDelayedList
    tasks.o(i.xTaskNotifyWait) refers to port.o(i.vPortExitCritical) for vPortExitCritical
    tasks.o(i.xTaskNotifyWait) refers to tasks.o(.data) for pxCurrentTCB
    tasks.o(i.xTaskPriorityDisinherit) refers to list.o(i.uxListRemove) for uxListRemove
    tasks.o(i.xTaskPriorityDisinherit) refers to list.o(i.vListInsertEnd) for vListInsertEnd
    tasks.o(i.xTaskPriorityDisinherit) refers to tasks.o(.data) for pxCurrentTCB
    tasks.o(i.xTaskPriorityDisinherit) refers to tasks.o(.bss) for pxReadyTasksLists
    tasks.o(i.xTaskPriorityInherit) refers to list.o(i.uxListRemove) for uxListRemove
    tasks.o(i.xTaskPriorityInherit) refers to list.o(i.vListInsertEnd) for vListInsertEnd
    tasks.o(i.xTaskPriorityInherit) refers to tasks.o(.data) for pxCurrentTCB
    tasks.o(i.xTaskPriorityInherit) refers to tasks.o(.bss) for pxReadyTasksLists
    tasks.o(i.xTaskRemoveFromEventList) refers to list.o(i.uxListRemove) for uxListRemove
    tasks.o(i.xTaskRemoveFromEventList) refers to list.o(i.vListInsertEnd) for vListInsertEnd
    tasks.o(i.xTaskRemoveFromEventList) refers to tasks.o(i.prvResetNextTaskUnblockTime) for prvResetNextTaskUnblockTime
    tasks.o(i.xTaskRemoveFromEventList) refers to tasks.o(.data) for uxSchedulerSuspended
    tasks.o(i.xTaskRemoveFromEventList) refers to tasks.o(.bss) for pxReadyTasksLists
    tasks.o(i.xTaskResumeAll) refers to port.o(i.vPortEnterCritical) for vPortEnterCritical
    tasks.o(i.xTaskResumeAll) refers to list.o(i.uxListRemove) for uxListRemove
    tasks.o(i.xTaskResumeAll) refers to list.o(i.vListInsertEnd) for vListInsertEnd
    tasks.o(i.xTaskResumeAll) refers to tasks.o(i.prvResetNextTaskUnblockTime) for prvResetNextTaskUnblockTime
    tasks.o(i.xTaskResumeAll) refers to tasks.o(i.xTaskIncrementTick) for xTaskIncrementTick
    tasks.o(i.xTaskResumeAll) refers to port.o(i.vPortExitCritical) for vPortExitCritical
    tasks.o(i.xTaskResumeAll) refers to tasks.o(.data) for uxSchedulerSuspended
    tasks.o(i.xTaskResumeAll) refers to tasks.o(.bss) for xPendingReadyList
    tasks.o(i.xTaskResumeFromISR) refers to port.o(i.vPortValidateInterruptPriority) for vPortValidateInterruptPriority
    tasks.o(i.xTaskResumeFromISR) refers to tasks.o(i.prvTaskIsTaskSuspended) for prvTaskIsTaskSuspended
    tasks.o(i.xTaskResumeFromISR) refers to list.o(i.uxListRemove) for uxListRemove
    tasks.o(i.xTaskResumeFromISR) refers to list.o(i.vListInsertEnd) for vListInsertEnd
    tasks.o(i.xTaskResumeFromISR) refers to tasks.o(.data) for uxSchedulerSuspended
    tasks.o(i.xTaskResumeFromISR) refers to tasks.o(.bss) for pxReadyTasksLists
    rt_memcpy_v6.o(.text) refers to rt_memcpy_w.o(.text) for __aeabi_memcpy4
    memset.o(.text) refers to rt_memclr.o(.text) for _memset
    aeabi_memset.o(.text) refers to rt_memclr.o(.text) for _memset
    __main.o(!!!main) refers to __rtentry.o(.ARM.Collect$$rtentry$$00000000) for __rt_entry
    ddiv.o(x$fpl$drdiv) refers (Special) to usenofp.o(x$fpl$usenofp) for __I$use$fp
    ddiv.o(x$fpl$drdiv) refers to ddiv.o(x$fpl$ddiv) for ddiv_entry
    ddiv.o(x$fpl$ddiv) refers (Special) to usenofp.o(x$fpl$usenofp) for __I$use$fp
    ddiv.o(x$fpl$ddiv) refers to dretinf.o(x$fpl$dretinf) for __fpl_dretinf
    ddiv.o(x$fpl$ddiv) refers to dnaninf.o(x$fpl$dnaninf) for __fpl_dnaninf
    dflt_clz.o(x$fpl$dfltu) refers (Special) to usenofp.o(x$fpl$usenofp) for __I$use$fp
    dflt_clz.o(x$fpl$dflt) refers (Special) to usenofp.o(x$fpl$usenofp) for __I$use$fp
    dflt_clz.o(x$fpl$dfltn) refers (Special) to usenofp.o(x$fpl$usenofp) for __I$use$fp
    __rtentry.o(.ARM.Collect$$rtentry$$00000000) refers (Special) to __rtentry2.o(.ARM.Collect$$rtentry$$0000000A) for __rt_entry_li
    __rtentry.o(.ARM.Collect$$rtentry$$00000000) refers (Special) to __rtentry2.o(.ARM.Collect$$rtentry$$0000000D) for __rt_entry_main
    __rtentry.o(.ARM.Collect$$rtentry$$00000000) refers (Special) to __rtentry2.o(.ARM.Collect$$rtentry$$0000000C) for __rt_entry_postli_1
    __rtentry.o(.ARM.Collect$$rtentry$$00000000) refers (Special) to __rtentry2.o(.ARM.Collect$$rtentry$$00000009) for __rt_entry_postsh_1
    __rtentry.o(.ARM.Collect$$rtentry$$00000000) refers (Special) to __rtentry2.o(.ARM.Collect$$rtentry$$00000002) for __rt_entry_presh_1
    __rtentry.o(.ARM.Collect$$rtentry$$00000000) refers (Special) to __rtentry4.o(.ARM.Collect$$rtentry$$00000004) for __rt_entry_sh
    rt_memclr.o(.text) refers to rt_memclr_w.o(.text) for _memset_w
    dnaninf.o(x$fpl$dnaninf) refers (Special) to usenofp.o(x$fpl$usenofp) for __I$use$fp
    dretinf.o(x$fpl$dretinf) refers (Special) to usenofp.o(x$fpl$usenofp) for __I$use$fp
    __rtentry2.o(.ARM.Collect$$rtentry$$00000008) refers to boardinit2.o(.text) for _platform_post_stackheap_init
    __rtentry2.o(.ARM.Collect$$rtentry$$0000000A) refers to libinit.o(.ARM.Collect$$libinit$$00000000) for __rt_lib_init
    __rtentry2.o(.ARM.Collect$$rtentry$$0000000B) refers to boardinit3.o(.text) for _platform_post_lib_init
    __rtentry2.o(.ARM.Collect$$rtentry$$0000000D) refers to main.o(i.main) for main
    __rtentry2.o(.ARM.Collect$$rtentry$$0000000D) refers to exit.o(.text) for exit
    __rtentry2.o(.ARM.exidx) refers to __rtentry2.o(.ARM.Collect$$rtentry$$00000001) for .ARM.Collect$$rtentry$$00000001
    __rtentry2.o(.ARM.exidx) refers to __rtentry2.o(.ARM.Collect$$rtentry$$00000008) for .ARM.Collect$$rtentry$$00000008
    __rtentry2.o(.ARM.exidx) refers to __rtentry2.o(.ARM.Collect$$rtentry$$0000000A) for .ARM.Collect$$rtentry$$0000000A
    __rtentry2.o(.ARM.exidx) refers to __rtentry2.o(.ARM.Collect$$rtentry$$0000000B) for .ARM.Collect$$rtentry$$0000000B
    __rtentry2.o(.ARM.exidx) refers to __rtentry2.o(.ARM.Collect$$rtentry$$0000000D) for .ARM.Collect$$rtentry$$0000000D
    __rtentry4.o(.ARM.Collect$$rtentry$$00000004) refers to sys_stackheap_outer.o(.text) for __user_setup_stackheap
    __rtentry4.o(.ARM.exidx) refers to __rtentry4.o(.ARM.Collect$$rtentry$$00000004) for .ARM.Collect$$rtentry$$00000004
    sys_stackheap_outer.o(.text) refers to libspace.o(.text) for __user_perproc_libspace
    sys_stackheap_outer.o(.text) refers to startup_stm32f411xe.o(.text) for __user_initial_stackheap
    exit.o(.text) refers to rtexit.o(.ARM.Collect$$rtexit$$00000000) for __rt_exit
    libinit.o(.ARM.Collect$$libinit$$00000000) refers (Special) to libinit2.o(.ARM.Collect$$libinit$$0000002E) for __rt_lib_init_alloca_1
    libinit.o(.ARM.Collect$$libinit$$00000000) refers (Special) to libinit2.o(.ARM.Collect$$libinit$$0000002C) for __rt_lib_init_argv_1
    libinit.o(.ARM.Collect$$libinit$$00000000) refers (Special) to libinit2.o(.ARM.Collect$$libinit$$0000001B) for __rt_lib_init_atexit_1
    libinit.o(.ARM.Collect$$libinit$$00000000) refers (Special) to libinit2.o(.ARM.Collect$$libinit$$00000021) for __rt_lib_init_clock_1
    libinit.o(.ARM.Collect$$libinit$$00000000) refers (Special) to libinit2.o(.ARM.Collect$$libinit$$00000032) for __rt_lib_init_cpp_1
    libinit.o(.ARM.Collect$$libinit$$00000000) refers (Special) to libinit2.o(.ARM.Collect$$libinit$$00000030) for __rt_lib_init_exceptions_1
    libinit.o(.ARM.Collect$$libinit$$00000000) refers (Special) to libinit2.o(.ARM.Collect$$libinit$$00000001) for __rt_lib_init_fp_1
    libinit.o(.ARM.Collect$$libinit$$00000000) refers (Special) to libinit2.o(.ARM.Collect$$libinit$$0000001F) for __rt_lib_init_fp_trap_1
    libinit.o(.ARM.Collect$$libinit$$00000000) refers (Special) to libinit2.o(.ARM.Collect$$libinit$$00000023) for __rt_lib_init_getenv_1
    libinit.o(.ARM.Collect$$libinit$$00000000) refers (Special) to libinit2.o(.ARM.Collect$$libinit$$0000000A) for __rt_lib_init_heap_1
    libinit.o(.ARM.Collect$$libinit$$00000000) refers (Special) to libinit2.o(.ARM.Collect$$libinit$$00000011) for __rt_lib_init_lc_collate_1
    libinit.o(.ARM.Collect$$libinit$$00000000) refers (Special) to libinit2.o(.ARM.Collect$$libinit$$00000013) for __rt_lib_init_lc_ctype_1
    libinit.o(.ARM.Collect$$libinit$$00000000) refers (Special) to libinit2.o(.ARM.Collect$$libinit$$00000015) for __rt_lib_init_lc_monetary_1
    libinit.o(.ARM.Collect$$libinit$$00000000) refers (Special) to libinit2.o(.ARM.Collect$$libinit$$00000017) for __rt_lib_init_lc_numeric_1
    libinit.o(.ARM.Collect$$libinit$$00000000) refers (Special) to libinit2.o(.ARM.Collect$$libinit$$00000019) for __rt_lib_init_lc_time_1
    libinit.o(.ARM.Collect$$libinit$$00000000) refers (Special) to libinit2.o(.ARM.Collect$$libinit$$00000004) for __rt_lib_init_preinit_1
    libinit.o(.ARM.Collect$$libinit$$00000000) refers (Special) to libinit2.o(.ARM.Collect$$libinit$$0000000E) for __rt_lib_init_rand_1
    libinit.o(.ARM.Collect$$libinit$$00000000) refers (Special) to libinit2.o(.ARM.Collect$$libinit$$00000033) for __rt_lib_init_return
    libinit.o(.ARM.Collect$$libinit$$00000000) refers (Special) to libinit2.o(.ARM.Collect$$libinit$$0000001D) for __rt_lib_init_signal_1
    libinit.o(.ARM.Collect$$libinit$$00000000) refers (Special) to libinit2.o(.ARM.Collect$$libinit$$00000025) for __rt_lib_init_stdio_1
    libinit.o(.ARM.Collect$$libinit$$00000000) refers (Special) to libinit2.o(.ARM.Collect$$libinit$$0000000C) for __rt_lib_init_user_alloc_1
    libspace.o(.text) refers to libspace.o(.bss) for __libspace_start
    rtexit.o(.ARM.Collect$$rtexit$$00000000) refers (Special) to rtexit2.o(.ARM.Collect$$rtexit$$00000004) for __rt_exit_exit
    rtexit.o(.ARM.Collect$$rtexit$$00000000) refers (Special) to rtexit2.o(.ARM.Collect$$rtexit$$00000003) for __rt_exit_ls
    rtexit.o(.ARM.Collect$$rtexit$$00000000) refers (Special) to rtexit2.o(.ARM.Collect$$rtexit$$00000002) for __rt_exit_prels_1
    rtexit.o(.ARM.exidx) refers (Special) to rtexit2.o(.ARM.Collect$$rtexit$$00000004) for __rt_exit_exit
    rtexit.o(.ARM.exidx) refers (Special) to rtexit2.o(.ARM.Collect$$rtexit$$00000003) for __rt_exit_ls
    rtexit.o(.ARM.exidx) refers (Special) to rtexit2.o(.ARM.Collect$$rtexit$$00000002) for __rt_exit_prels_1
    rtexit.o(.ARM.exidx) refers to rtexit.o(.ARM.Collect$$rtexit$$00000000) for .ARM.Collect$$rtexit$$00000000
    libinit2.o(.ARM.Collect$$libinit$$00000001) refers to fpinit.o(x$fpl$fpinit) for _fp_init
    libinit2.o(.ARM.Collect$$libinit$$00000010) refers to libinit2.o(.ARM.Collect$$libinit$$0000000F) for .ARM.Collect$$libinit$$0000000F
    libinit2.o(.ARM.Collect$$libinit$$00000012) refers to libinit2.o(.ARM.Collect$$libinit$$0000000F) for .ARM.Collect$$libinit$$0000000F
    libinit2.o(.ARM.Collect$$libinit$$00000014) refers to libinit2.o(.ARM.Collect$$libinit$$0000000F) for .ARM.Collect$$libinit$$0000000F
    libinit2.o(.ARM.Collect$$libinit$$00000016) refers to libinit2.o(.ARM.Collect$$libinit$$0000000F) for .ARM.Collect$$libinit$$0000000F
    libinit2.o(.ARM.Collect$$libinit$$00000018) refers to libinit2.o(.ARM.Collect$$libinit$$0000000F) for .ARM.Collect$$libinit$$0000000F
    libinit2.o(.ARM.Collect$$libinit$$00000026) refers to argv_veneer.o(.emb_text) for __ARM_argv_veneer
    libinit2.o(.ARM.Collect$$libinit$$00000027) refers to argv_veneer.o(.emb_text) for __ARM_argv_veneer
    rtexit2.o(.ARM.Collect$$rtexit$$00000003) refers to libshutdown.o(.ARM.Collect$$libshutdown$$00000000) for __rt_lib_shutdown
    rtexit2.o(.ARM.Collect$$rtexit$$00000004) refers to sys_exit.o(.text) for _sys_exit
    rtexit2.o(.ARM.exidx) refers to rtexit2.o(.ARM.Collect$$rtexit$$00000001) for .ARM.Collect$$rtexit$$00000001
    rtexit2.o(.ARM.exidx) refers to rtexit2.o(.ARM.Collect$$rtexit$$00000003) for .ARM.Collect$$rtexit$$00000003
    rtexit2.o(.ARM.exidx) refers to rtexit2.o(.ARM.Collect$$rtexit$$00000004) for .ARM.Collect$$rtexit$$00000004
    argv_veneer.o(.emb_text) refers to no_argv.o(.text) for __ARM_get_argv
    sys_exit.o(.text) refers (Special) to use_no_semi.o(.text) for __I$use$semihosting
    sys_exit.o(.text) refers (Special) to indicate_semi.o(.text) for __semihosting_library_function
    _get_argv_nomalloc.o(.text) refers (Special) to hrguard.o(.text) for __heap_region$guard
    _get_argv_nomalloc.o(.text) refers to defsig_rtmem_outer.o(.text) for __rt_SIGRTMEM
    _get_argv_nomalloc.o(.text) refers to sys_command.o(.text) for _sys_command_string
    libshutdown.o(.ARM.Collect$$libshutdown$$00000000) refers (Special) to libshutdown2.o(.ARM.Collect$$libshutdown$$00000002) for __rt_lib_shutdown_cpp_1
    libshutdown.o(.ARM.Collect$$libshutdown$$00000000) refers (Special) to libshutdown2.o(.ARM.Collect$$libshutdown$$00000007) for __rt_lib_shutdown_fp_trap_1
    libshutdown.o(.ARM.Collect$$libshutdown$$00000000) refers (Special) to libshutdown2.o(.ARM.Collect$$libshutdown$$0000000F) for __rt_lib_shutdown_heap_1
    libshutdown.o(.ARM.Collect$$libshutdown$$00000000) refers (Special) to libshutdown2.o(.ARM.Collect$$libshutdown$$00000010) for __rt_lib_shutdown_return
    libshutdown.o(.ARM.Collect$$libshutdown$$00000000) refers (Special) to libshutdown2.o(.ARM.Collect$$libshutdown$$0000000A) for __rt_lib_shutdown_signal_1
    libshutdown.o(.ARM.Collect$$libshutdown$$00000000) refers (Special) to libshutdown2.o(.ARM.Collect$$libshutdown$$00000004) for __rt_lib_shutdown_stdio_1
    libshutdown.o(.ARM.Collect$$libshutdown$$00000000) refers (Special) to libshutdown2.o(.ARM.Collect$$libshutdown$$0000000C) for __rt_lib_shutdown_user_alloc_1
    sys_command.o(.text) refers (Special) to use_no_semi.o(.text) for __I$use$semihosting
    sys_command.o(.text) refers (Special) to indicate_semi.o(.text) for __semihosting_library_function
    defsig_rtmem_outer.o(.text) refers to defsig_rtmem_inner.o(.text) for __rt_SIGRTMEM_inner
    defsig_rtmem_outer.o(.text) refers to defsig_exit.o(.text) for __sig_exit
    defsig_rtmem_formal.o(.text) refers to rt_raise.o(.text) for __rt_raise
    rt_raise.o(.text) refers to __raise.o(.text) for __raise
    rt_raise.o(.text) refers to sys_exit.o(.text) for _sys_exit
    defsig_exit.o(.text) refers to sys_exit.o(.text) for _sys_exit
    defsig_rtmem_inner.o(.text) refers to defsig_general.o(.text) for __default_signal_display
    __raise.o(.text) refers to defsig.o(CL$$defsig) for __default_signal_handler
    defsig_general.o(.text) refers to sys_wrch.o(.text) for _ttywrch
    sys_wrch.o(.text) refers (Special) to use_no_semi.o(.text) for __I$use$semihosting
    sys_wrch.o(.text) refers (Special) to indicate_semi.o(.text) for __semihosting_library_function
    defsig.o(CL$$defsig) refers to defsig_rtmem_inner.o(.text) for __rt_SIGRTMEM_inner
    defsig_abrt_inner.o(.text) refers to defsig_general.o(.text) for __default_signal_display
    defsig_fpe_inner.o(.text) refers to defsig_general.o(.text) for __default_signal_display
    defsig_rtred_inner.o(.text) refers to defsig_general.o(.text) for __default_signal_display
    defsig_stak_inner.o(.text) refers to defsig_general.o(.text) for __default_signal_display
    defsig_pvfn_inner.o(.text) refers to defsig_general.o(.text) for __default_signal_display
    defsig_cppl_inner.o(.text) refers to defsig_general.o(.text) for __default_signal_display
    defsig_segv_inner.o(.text) refers to defsig_general.o(.text) for __default_signal_display
    defsig_other.o(.text) refers to defsig_general.o(.text) for __default_signal_display


==============================================================================

Removing Unused input sections from the image.

    Removing main.o(.rev16_text), (4 bytes).
    Removing main.o(.revsh_text), (4 bytes).
    Removing main.o(.rrx_text), (6 bytes).
    Removing main.o(i.buttonInit), (120 bytes).
    Removing main.o(i.commandReciveTask), (76 bytes).
    Removing main.o(i.controlTask), (68 bytes).
    Removing main.o(i.measureTask), (116 bytes).
    Removing encoder.o(.rev16_text), (4 bytes).
    Removing encoder.o(.revsh_text), (4 bytes).
    Removing encoder.o(.rrx_text), (6 bytes).
    Removing rcc.o(.rev16_text), (4 bytes).
    Removing rcc.o(.revsh_text), (4 bytes).
    Removing rcc.o(.rrx_text), (6 bytes).
    Removing motorcontrol.o(.rev16_text), (4 bytes).
    Removing motorcontrol.o(.revsh_text), (4 bytes).
    Removing motorcontrol.o(.rrx_text), (6 bytes).
    Removing motorcontrol.o(i.faultAck), (16 bytes).
    Removing motorcontrol.o(i.getFlux), (36 bytes).
    Removing motorcontrol.o(i.getMotorPower), (36 bytes).
    Removing motorcontrol.o(i.getMotorState), (36 bytes).
    Removing motorcontrol.o(i.getReferenceSpeed), (38 bytes).
    Removing motorcontrol.o(i.getRegulatorTorqueRef), (36 bytes).
    Removing motorcontrol.o(i.getSpeed), (38 bytes).
    Removing motorcontrol.o(i.getTorque), (36 bytes).
    Removing motorcontrol.o(i.setCurrent), (22 bytes).
    Removing motorcontrol.o(i.setFluxPID), (84 bytes).
    Removing motorcontrol.o(i.setSpeedPID), (84 bytes).
    Removing motorcontrol.o(i.setTorquePID), (84 bytes).
    Removing motorcontrol.o(i.startMotor), (16 bytes).
    Removing motorcontrol.o(i.stopMotor), (16 bytes).
    Removing motorcontrol.o(.data), (4 bytes).
    Removing mcp.o(.rev16_text), (4 bytes).
    Removing mcp.o(.revsh_text), (4 bytes).
    Removing mcp.o(.rrx_text), (6 bytes).
    Removing mcp.o(i.mcpCommand), (80 bytes).
    Removing mcp.o(i.mcpGetRegister), (108 bytes).
    Removing mcp.o(i.mcpSetCurrentRef), (92 bytes).
    Removing mcp.o(i.mcpSetRegister), (100 bytes).
    Removing mcp.o(.data), (4 bytes).
    Removing bsp.o(.rev16_text), (4 bytes).
    Removing bsp.o(.revsh_text), (4 bytes).
    Removing bsp.o(.rrx_text), (6 bytes).
    Removing system_stm32f4xx.o(.rev16_text), (4 bytes).
    Removing system_stm32f4xx.o(.revsh_text), (4 bytes).
    Removing system_stm32f4xx.o(.rrx_text), (6 bytes).
    Removing system_stm32f4xx.o(i.SystemCoreClockUpdate), (192 bytes).
    Removing system_stm32f4xx.o(.constdata), (24 bytes).
    Removing system_stm32f4xx.o(.data), (4 bytes).
    Removing event_groups.o(i.prvTestWaitCondition), (30 bytes).
    Removing event_groups.o(i.uxEventGroupGetNumber), (14 bytes).
    Removing event_groups.o(i.vEventGroupClearBitsCallback), (16 bytes).
    Removing event_groups.o(i.vEventGroupDelete), (82 bytes).
    Removing event_groups.o(i.vEventGroupSetBitsCallback), (16 bytes).
    Removing event_groups.o(i.vEventGroupSetNumber), (4 bytes).
    Removing event_groups.o(i.xEventGroupClearBits), (92 bytes).
    Removing event_groups.o(i.xEventGroupCreate), (26 bytes).
    Removing event_groups.o(i.xEventGroupGetBitsFromISR), (44 bytes).
    Removing event_groups.o(i.xEventGroupSetBits), (206 bytes).
    Removing event_groups.o(i.xEventGroupSync), (272 bytes).
    Removing event_groups.o(i.xEventGroupWaitBits), (344 bytes).
    Removing list.o(i.vListInitialise), (26 bytes).
    Removing list.o(i.vListInitialiseItem), (6 bytes).
    Removing list.o(i.vListInsert), (52 bytes).
    Removing heap_4.o(i.prvHeapInit), (124 bytes).
    Removing heap_4.o(i.prvInsertBlockIntoFreeList), (104 bytes).
    Removing heap_4.o(i.pvPortMalloc), (332 bytes).
    Removing heap_4.o(i.vPortFree), (164 bytes).
    Removing heap_4.o(i.vPortGetHeapStats), (128 bytes).
    Removing heap_4.o(i.vPortInitialiseBlocks), (2 bytes).
    Removing heap_4.o(i.xPortGetFreeHeapSize), (12 bytes).
    Removing heap_4.o(i.xPortGetMinimumEverFreeHeapSize), (12 bytes).
    Removing heap_4.o(.bss), (4096 bytes).
    Removing heap_4.o(.data), (32 bytes).
    Removing port.o(i.prvTaskExitError), (64 bytes).
    Removing port.o(i.pxPortInitialiseStack), (44 bytes).
    Removing port.o(i.vPortEndScheduler), (48 bytes).
    Removing port.o(i.vPortEnterCritical), (84 bytes).
    Removing port.o(i.vPortExitCritical), (60 bytes).
    Removing port.o(i.vPortSetupTimerInterrupt), (104 bytes).
    Removing port.o(i.vPortSuppressTicksAndSleep), (332 bytes).
    Removing port.o(i.xPortStartScheduler), (360 bytes).
    Removing queue.o(i.prvCopyDataFromQueue), (42 bytes).
    Removing queue.o(i.prvGetDisinheritPriorityAfterTimeout), (20 bytes).
    Removing queue.o(i.prvInitialiseMutex), (30 bytes).
    Removing queue.o(i.prvInitialiseNewQueue), (46 bytes).
    Removing queue.o(i.prvIsQueueEmpty), (26 bytes).
    Removing queue.o(i.prvIsQueueFull), (30 bytes).
    Removing queue.o(i.prvUnlockQueue), (144 bytes).
    Removing queue.o(i.ucQueueGetQueueType), (8 bytes).
    Removing queue.o(i.uxQueueGetQueueNumber), (6 bytes).
    Removing queue.o(i.uxQueueMessagesWaiting), (42 bytes).
    Removing queue.o(i.uxQueueMessagesWaitingFromISR), (34 bytes).
    Removing queue.o(i.uxQueueSpacesAvailable), (48 bytes).
    Removing queue.o(i.vQueueDelete), (38 bytes).
    Removing queue.o(i.vQueueSetQueueNumber), (4 bytes).
    Removing queue.o(i.xQueueAddToSet), (38 bytes).
    Removing queue.o(i.xQueueCreateCountingSemaphore), (92 bytes).
    Removing queue.o(i.xQueueCreateMutex), (34 bytes).
    Removing queue.o(i.xQueueCreateSet), (20 bytes).
    Removing queue.o(i.xQueueGenericCreate), (84 bytes).
    Removing queue.o(i.xQueueGenericReset), (152 bytes).
    Removing queue.o(i.xQueueGenericSend), (472 bytes).
    Removing queue.o(i.xQueueGenericSendFromISR), (274 bytes).
    Removing queue.o(i.xQueueGetMutexHolder), (28 bytes).
    Removing queue.o(i.xQueueGetMutexHolderFromISR), (38 bytes).
    Removing queue.o(i.xQueueGiveMutexRecursive), (72 bytes).
    Removing queue.o(i.xQueueIsQueueEmptyFromISR), (42 bytes).
    Removing queue.o(i.xQueueIsQueueFullFromISR), (46 bytes).
    Removing queue.o(i.xQueuePeek), (368 bytes).
    Removing queue.o(i.xQueuePeekFromISR), (176 bytes).
    Removing queue.o(i.xQueueReceive), (360 bytes).
    Removing queue.o(i.xQueueReceiveFromISR), (202 bytes).
    Removing queue.o(i.xQueueRemoveFromSet), (48 bytes).
    Removing queue.o(i.xQueueSelectFromSet), (24 bytes).
    Removing queue.o(i.xQueueSelectFromSetFromISR), (22 bytes).
    Removing queue.o(i.xQueueSemaphoreTake), (440 bytes).
    Removing queue.o(i.xQueueTakeMutexRecursive), (78 bytes).
    Removing stream_buffer.o(i.prvBytesInBuffer), (24 bytes).
    Removing stream_buffer.o(i.prvInitialiseNewStreamBuffer), (86 bytes).
    Removing stream_buffer.o(i.prvReadBytesFromBuffer), (202 bytes).
    Removing stream_buffer.o(i.prvReadMessageFromBuffer), (72 bytes).
    Removing stream_buffer.o(i.prvWriteBytesToBuffer), (186 bytes).
    Removing stream_buffer.o(i.prvWriteMessageToBuffer), (92 bytes).
    Removing stream_buffer.o(i.ucStreamBufferGetStreamBufferType), (10 bytes).
    Removing stream_buffer.o(i.uxStreamBufferGetStreamBufferNumber), (6 bytes).
    Removing stream_buffer.o(i.vStreamBufferDelete), (56 bytes).
    Removing stream_buffer.o(i.vStreamBufferSetStreamBufferNumber), (4 bytes).
    Removing stream_buffer.o(i.xStreamBufferBytesAvailable), (42 bytes).
    Removing stream_buffer.o(i.xStreamBufferGenericCreate), (160 bytes).
    Removing stream_buffer.o(i.xStreamBufferIsEmpty), (46 bytes).
    Removing stream_buffer.o(i.xStreamBufferIsFull), (64 bytes).
    Removing stream_buffer.o(i.xStreamBufferNextMessageLengthBytes), (120 bytes).
    Removing stream_buffer.o(i.xStreamBufferReceive), (254 bytes).
    Removing stream_buffer.o(i.xStreamBufferReceiveCompletedFromISR), (102 bytes).
    Removing stream_buffer.o(i.xStreamBufferReceiveFromISR), (184 bytes).
    Removing stream_buffer.o(i.xStreamBufferReset), (74 bytes).
    Removing stream_buffer.o(i.xStreamBufferSend), (312 bytes).
    Removing stream_buffer.o(i.xStreamBufferSendCompletedFromISR), (102 bytes).
    Removing stream_buffer.o(i.xStreamBufferSendFromISR), (184 bytes).
    Removing stream_buffer.o(i.xStreamBufferSetTriggerLevel), (50 bytes).
    Removing stream_buffer.o(i.xStreamBufferSpacesAvailable), (54 bytes).
    Removing tasks.o(i.eTaskConfirmSleepModeStatus), (60 bytes).
    Removing tasks.o(i.eTaskGetState), (148 bytes).
    Removing tasks.o(i.pcTaskGetName), (48 bytes).
    Removing tasks.o(i.prvAddCurrentTaskToDelayedList), (164 bytes).
    Removing tasks.o(i.prvAddNewTaskToReadyList), (184 bytes).
    Removing tasks.o(i.prvCheckTasksWaitingTermination), (72 bytes).
    Removing tasks.o(i.prvDeleteTCB), (18 bytes).
    Removing tasks.o(i.prvGetExpectedIdleTime), (76 bytes).
    Removing tasks.o(i.prvIdleTask), (124 bytes).
    Removing tasks.o(i.prvInitialiseNewTask), (194 bytes).
    Removing tasks.o(i.prvInitialiseTaskLists), (104 bytes).
    Removing tasks.o(i.prvListTasksWithinSingleList), (106 bytes).
    Removing tasks.o(i.prvSearchForNameWithinSingleList), (176 bytes).
    Removing tasks.o(i.prvTaskCheckFreeStackSpace), (22 bytes).
    Removing tasks.o(i.prvTaskIsTaskSuspended), (88 bytes).
    Removing tasks.o(i.pvTaskIncrementMutexHeldCount), (32 bytes).
    Removing tasks.o(i.ulTaskNotifyTake), (116 bytes).
    Removing tasks.o(i.ulTaskNotifyValueClear), (52 bytes).
    Removing tasks.o(i.uxTaskGetNumberOfTasks), (12 bytes).
    Removing tasks.o(i.uxTaskGetStackHighWaterMark), (40 bytes).
    Removing tasks.o(i.uxTaskGetStackHighWaterMark2), (40 bytes).
    Removing tasks.o(i.uxTaskGetSystemState), (176 bytes).
    Removing tasks.o(i.uxTaskGetTaskNumber), (14 bytes).
    Removing tasks.o(i.uxTaskPriorityGet), (36 bytes).
    Removing tasks.o(i.uxTaskPriorityGetFromISR), (68 bytes).
    Removing tasks.o(i.uxTaskResetEventItemValue), (28 bytes).
    Removing tasks.o(i.vTaskDelay), (92 bytes).
    Removing tasks.o(i.vTaskDelayUntil), (212 bytes).
    Removing tasks.o(i.vTaskDelete), (244 bytes).
    Removing tasks.o(i.vTaskEndScheduler), (36 bytes).
    Removing tasks.o(i.vTaskGetInfo), (132 bytes).
    Removing tasks.o(i.vTaskInternalSetTimeOutState), (24 bytes).
    Removing tasks.o(i.vTaskMissedYield), (12 bytes).
    Removing tasks.o(i.vTaskNotifyGiveFromISR), (240 bytes).
    Removing tasks.o(i.vTaskPlaceOnEventList), (56 bytes).
    Removing tasks.o(i.vTaskPlaceOnUnorderedEventList), (108 bytes).
    Removing tasks.o(i.vTaskPriorityDisinheritAfterTimeout), (228 bytes).
    Removing tasks.o(i.vTaskPrioritySet), (276 bytes).
    Removing tasks.o(i.vTaskRemoveFromUnorderedEventList), (168 bytes).
    Removing tasks.o(i.vTaskResume), (144 bytes).
    Removing tasks.o(i.vTaskSetTaskNumber), (8 bytes).
    Removing tasks.o(i.vTaskSetTimeOutState), (60 bytes).
    Removing tasks.o(i.vTaskStartScheduler), (140 bytes).
    Removing tasks.o(i.vTaskStepTick), (64 bytes).
    Removing tasks.o(i.vTaskSuspend), (244 bytes).
    Removing tasks.o(i.vTaskSuspendAll), (16 bytes).
    Removing tasks.o(i.xTaskAbortDelay), (160 bytes).
    Removing tasks.o(i.xTaskCatchUpTicks), (76 bytes).
    Removing tasks.o(i.xTaskCheckForTimeOut), (168 bytes).
    Removing tasks.o(i.xTaskCreate), (96 bytes).
    Removing tasks.o(i.xTaskGenericNotify), (300 bytes).
    Removing tasks.o(i.xTaskGenericNotifyFromISR), (360 bytes).
    Removing tasks.o(i.xTaskGetCurrentTaskHandle), (12 bytes).
    Removing tasks.o(i.xTaskGetHandle), (164 bytes).
    Removing tasks.o(i.xTaskGetIdleTaskHandle), (48 bytes).
    Removing tasks.o(i.xTaskGetSchedulerState), (32 bytes).
    Removing tasks.o(i.xTaskGetTickCount), (12 bytes).
    Removing tasks.o(i.xTaskGetTickCountFromISR), (20 bytes).
    Removing tasks.o(i.xTaskNotifyStateClear), (52 bytes).
    Removing tasks.o(i.xTaskNotifyWait), (160 bytes).
    Removing tasks.o(i.xTaskPriorityInherit), (184 bytes).
    Removing tasks.o(i.xTaskResumeAll), (260 bytes).
    Removing tasks.o(i.xTaskResumeFromISR), (180 bytes).

204 unused section(s) (total 22096 bytes) removed from the image.

==============================================================================

Image Symbol Table

    Local Symbols

    Symbol Name                              Value     Ov Type        Size  Object(Section)

    ../clib/angel/boardlib.s                 0x00000000   Number         0  boardinit3.o ABSOLUTE
    ../clib/angel/boardlib.s                 0x00000000   Number         0  boardinit2.o ABSOLUTE
    ../clib/angel/boardlib.s                 0x00000000   Number         0  boardinit1.o ABSOLUTE
    ../clib/angel/boardlib.s                 0x00000000   Number         0  boardshut.o ABSOLUTE
    ../clib/angel/handlers.s                 0x00000000   Number         0  __scatter_zi.o ABSOLUTE
    ../clib/angel/handlers.s                 0x00000000   Number         0  __scatter_copy.o ABSOLUTE
    ../clib/angel/kernel.s                   0x00000000   Number         0  rtexit.o ABSOLUTE
    ../clib/angel/kernel.s                   0x00000000   Number         0  rtexit2.o ABSOLUTE
    ../clib/angel/kernel.s                   0x00000000   Number         0  __rtentry4.o ABSOLUTE
    ../clib/angel/kernel.s                   0x00000000   Number         0  __rtentry.o ABSOLUTE
    ../clib/angel/kernel.s                   0x00000000   Number         0  __rtentry2.o ABSOLUTE
    ../clib/angel/rt.s                       0x00000000   Number         0  rt_raise.o ABSOLUTE
    ../clib/angel/scatter.s                  0x00000000   Number         0  __scatter.o ABSOLUTE
    ../clib/angel/startup.s                  0x00000000   Number         0  __main.o ABSOLUTE
    ../clib/angel/sys.s                      0x00000000   Number         0  sys_stackheap_outer.o ABSOLUTE
    ../clib/angel/sys.s                      0x00000000   Number         0  libspace.o ABSOLUTE
    ../clib/angel/sys.s                      0x00000000   Number         0  indicate_semi.o ABSOLUTE
    ../clib/angel/sys.s                      0x00000000   Number         0  use_no_semi.o ABSOLUTE
    ../clib/angel/sysapp.c                   0x00000000   Number         0  sys_exit.o ABSOLUTE
    ../clib/angel/sysapp.c                   0x00000000   Number         0  sys_command.o ABSOLUTE
    ../clib/angel/sysapp.c                   0x00000000   Number         0  sys_wrch.o ABSOLUTE
    ../clib/armsys.c                         0x00000000   Number         0  _get_argv_nomalloc.o ABSOLUTE
    ../clib/armsys.c                         0x00000000   Number         0  argv_veneer.o ABSOLUTE
    ../clib/armsys.c                         0x00000000   Number         0  argv_veneer.o ABSOLUTE
    ../clib/armsys.c                         0x00000000   Number         0  no_argv.o ABSOLUTE
    ../clib/heapalloc.c                      0x00000000   Number         0  hrguard.o ABSOLUTE
    ../clib/heapaux.c                        0x00000000   Number         0  heapauxi.o ABSOLUTE
    ../clib/libinit.s                        0x00000000   Number         0  libinit.o ABSOLUTE
    ../clib/libinit.s                        0x00000000   Number         0  libshutdown2.o ABSOLUTE
    ../clib/libinit.s                        0x00000000   Number         0  libshutdown.o ABSOLUTE
    ../clib/libinit.s                        0x00000000   Number         0  libinit2.o ABSOLUTE
    ../clib/memcpset.s                       0x00000000   Number         0  rt_memclr.o ABSOLUTE
    ../clib/memcpset.s                       0x00000000   Number         0  rt_memcpy_w.o ABSOLUTE
    ../clib/memcpset.s                       0x00000000   Number         0  rt_memcpy_v6.o ABSOLUTE
    ../clib/memcpset.s                       0x00000000   Number         0  memset.o ABSOLUTE
    ../clib/memcpset.s                       0x00000000   Number         0  aeabi_memset.o ABSOLUTE
    ../clib/memcpset.s                       0x00000000   Number         0  rt_memclr_w.o ABSOLUTE
    ../clib/signal.c                         0x00000000   Number         0  defsig_cppl_inner.o ABSOLUTE
    ../clib/signal.c                         0x00000000   Number         0  defsig_stak_inner.o ABSOLUTE
    ../clib/signal.c                         0x00000000   Number         0  defsig_rtred_inner.o ABSOLUTE
    ../clib/signal.c                         0x00000000   Number         0  defsig_fpe_inner.o ABSOLUTE
    ../clib/signal.c                         0x00000000   Number         0  defsig_general.o ABSOLUTE
    ../clib/signal.c                         0x00000000   Number         0  defsig_segv_inner.o ABSOLUTE
    ../clib/signal.c                         0x00000000   Number         0  defsig_rtmem_outer.o ABSOLUTE
    ../clib/signal.c                         0x00000000   Number         0  defsig_rtmem_formal.o ABSOLUTE
    ../clib/signal.c                         0x00000000   Number         0  defsig_abrt_inner.o ABSOLUTE
    ../clib/signal.c                         0x00000000   Number         0  __raise.o ABSOLUTE
    ../clib/signal.c                         0x00000000   Number         0  defsig_other.o ABSOLUTE
    ../clib/signal.c                         0x00000000   Number         0  defsig_rtmem_inner.o ABSOLUTE
    ../clib/signal.c                         0x00000000   Number         0  defsig_exit.o ABSOLUTE
    ../clib/signal.c                         0x00000000   Number         0  defsig_pvfn_inner.o ABSOLUTE
    ../clib/signal.s                         0x00000000   Number         0  defsig.o ABSOLUTE
    ../clib/stdlib.c                         0x00000000   Number         0  exit.o ABSOLUTE
    ../clib/string.c                         0x00000000   Number         0  strlen.o ABSOLUTE
    ../fplib/ddiv.s                          0x00000000   Number         0  ddiv.o ABSOLUTE
    ../fplib/dflt.s                          0x00000000   Number         0  dflt_clz.o ABSOLUTE
    ../fplib/dnaninf.s                       0x00000000   Number         0  dnaninf.o ABSOLUTE
    ../fplib/dretinf.s                       0x00000000   Number         0  dretinf.o ABSOLUTE
    ../fplib/fpinit.s                        0x00000000   Number         0  fpinit.o ABSOLUTE
    ../fplib/usenofp.s                       0x00000000   Number         0  usenofp.o ABSOLUTE
    C:\Users\ba123\AppData\Local\Arm\Packs\ARM\CMSIS-FreeRTOS\10.3.1\CMSIS\RTOS2\FreeRTOS\Source\freertos_evr.c 0x00000000   Number         0  freertos_evr.o ABSOLUTE
    C:\Users\ba123\AppData\Local\Arm\Packs\ARM\CMSIS-FreeRTOS\10.3.1\Source\event_groups.c 0x00000000   Number         0  event_groups.o ABSOLUTE
    C:\Users\ba123\AppData\Local\Arm\Packs\ARM\CMSIS-FreeRTOS\10.3.1\Source\list.c 0x00000000   Number         0  list.o ABSOLUTE
    C:\Users\ba123\AppData\Local\Arm\Packs\ARM\CMSIS-FreeRTOS\10.3.1\Source\portable\MemMang\heap_4.c 0x00000000   Number         0  heap_4.o ABSOLUTE
    C:\Users\ba123\AppData\Local\Arm\Packs\ARM\CMSIS-FreeRTOS\10.3.1\Source\portable\RVDS\ARM_CM4F\port.c 0x00000000   Number         0  port.o ABSOLUTE
    C:\Users\ba123\AppData\Local\Arm\Packs\ARM\CMSIS-FreeRTOS\10.3.1\Source\queue.c 0x00000000   Number         0  queue.o ABSOLUTE
    C:\Users\ba123\AppData\Local\Arm\Packs\ARM\CMSIS-FreeRTOS\10.3.1\Source\stream_buffer.c 0x00000000   Number         0  stream_buffer.o ABSOLUTE
    C:\Users\ba123\AppData\Local\Arm\Packs\ARM\CMSIS-FreeRTOS\10.3.1\Source\tasks.c 0x00000000   Number         0  tasks.o ABSOLUTE
    C:\\Users\\ba123\\AppData\\Local\\Arm\\Packs\\ARM\\CMSIS-FreeRTOS\\10.3.1\\Source\\portable\\RVDS\\ARM_CM4F\\port.c 0x00000000   Number         0  port.o ABSOLUTE
    Code\\src\\main.c                        0x00000000   Number         0  main.o ABSOLUTE
    Code\src\main.c                          0x00000000   Number         0  main.o ABSOLUTE
    Lib\\src\\MCP.c                          0x00000000   Number         0  mcp.o ABSOLUTE
    Lib\\src\\MotorControl.c                 0x00000000   Number         0  motorcontrol.o ABSOLUTE
    Lib\\src\\bsp.c                          0x00000000   Number         0  bsp.o ABSOLUTE
    Lib\\src\\encoder.c                      0x00000000   Number         0  encoder.o ABSOLUTE
    Lib\\src\\rcc.c                          0x00000000   Number         0  rcc.o ABSOLUTE
    Lib\src\MCP.c                            0x00000000   Number         0  mcp.o ABSOLUTE
    Lib\src\MotorControl.c                   0x00000000   Number         0  motorcontrol.o ABSOLUTE
    Lib\src\bsp.c                            0x00000000   Number         0  bsp.o ABSOLUTE
    Lib\src\encoder.c                        0x00000000   Number         0  encoder.o ABSOLUTE
    Lib\src\rcc.c                            0x00000000   Number         0  rcc.o ABSOLUTE
    RTE\Device\STM32F411RETx\startup_stm32f411xe.s 0x00000000   Number         0  startup_stm32f411xe.o ABSOLUTE
    RTE\Device\STM32F411RETx\system_stm32f4xx.c 0x00000000   Number         0  system_stm32f4xx.o ABSOLUTE
    RTE\\Device\\STM32F411RETx\\system_stm32f4xx.c 0x00000000   Number         0  system_stm32f4xx.o ABSOLUTE
    dc.s                                     0x00000000   Number         0  dc.o ABSOLUTE
    RESET                                    0x08000000   Section      408  startup_stm32f411xe.o(RESET)
    !!!main                                  0x08000198   Section        8  __main.o(!!!main)
    !!!scatter                               0x080001a0   Section       52  __scatter.o(!!!scatter)
    !!handler_copy                           0x080001d4   Section       26  __scatter_copy.o(!!handler_copy)
    !!handler_zi                             0x080001f0   Section       28  __scatter_zi.o(!!handler_zi)
    .ARM.Collect$$libinit$$00000000          0x0800020c   Section        2  libinit.o(.ARM.Collect$$libinit$$00000000)
    .ARM.Collect$$libinit$$00000001          0x0800020e   Section        4  libinit2.o(.ARM.Collect$$libinit$$00000001)
    .ARM.Collect$$libinit$$00000004          0x08000212   Section        0  libinit2.o(.ARM.Collect$$libinit$$00000004)
    .ARM.Collect$$libinit$$0000000A          0x08000212   Section        0  libinit2.o(.ARM.Collect$$libinit$$0000000A)
    .ARM.Collect$$libinit$$0000000C          0x08000212   Section        0  libinit2.o(.ARM.Collect$$libinit$$0000000C)
    .ARM.Collect$$libinit$$0000000E          0x08000212   Section        0  libinit2.o(.ARM.Collect$$libinit$$0000000E)
    .ARM.Collect$$libinit$$00000011          0x08000212   Section        0  libinit2.o(.ARM.Collect$$libinit$$00000011)
    .ARM.Collect$$libinit$$00000013          0x08000212   Section        0  libinit2.o(.ARM.Collect$$libinit$$00000013)
    .ARM.Collect$$libinit$$00000015          0x08000212   Section        0  libinit2.o(.ARM.Collect$$libinit$$00000015)
    .ARM.Collect$$libinit$$00000017          0x08000212   Section        0  libinit2.o(.ARM.Collect$$libinit$$00000017)
    .ARM.Collect$$libinit$$00000019          0x08000212   Section        0  libinit2.o(.ARM.Collect$$libinit$$00000019)
    .ARM.Collect$$libinit$$0000001B          0x08000212   Section        0  libinit2.o(.ARM.Collect$$libinit$$0000001B)
    .ARM.Collect$$libinit$$0000001D          0x08000212   Section        0  libinit2.o(.ARM.Collect$$libinit$$0000001D)
    .ARM.Collect$$libinit$$0000001F          0x08000212   Section        0  libinit2.o(.ARM.Collect$$libinit$$0000001F)
    .ARM.Collect$$libinit$$00000021          0x08000212   Section        0  libinit2.o(.ARM.Collect$$libinit$$00000021)
    .ARM.Collect$$libinit$$00000023          0x08000212   Section        0  libinit2.o(.ARM.Collect$$libinit$$00000023)
    .ARM.Collect$$libinit$$00000025          0x08000212   Section        0  libinit2.o(.ARM.Collect$$libinit$$00000025)
    .ARM.Collect$$libinit$$0000002C          0x08000212   Section        0  libinit2.o(.ARM.Collect$$libinit$$0000002C)
    .ARM.Collect$$libinit$$0000002E          0x08000212   Section        0  libinit2.o(.ARM.Collect$$libinit$$0000002E)
    .ARM.Collect$$libinit$$00000030          0x08000212   Section        0  libinit2.o(.ARM.Collect$$libinit$$00000030)
    .ARM.Collect$$libinit$$00000032          0x08000212   Section        0  libinit2.o(.ARM.Collect$$libinit$$00000032)
    .ARM.Collect$$libinit$$00000033          0x08000212   Section        2  libinit2.o(.ARM.Collect$$libinit$$00000033)
    .ARM.Collect$$libshutdown$$00000000      0x08000214   Section        2  libshutdown.o(.ARM.Collect$$libshutdown$$00000000)
    .ARM.Collect$$libshutdown$$00000002      0x08000216   Section        0  libshutdown2.o(.ARM.Collect$$libshutdown$$00000002)
    .ARM.Collect$$libshutdown$$00000004      0x08000216   Section        0  libshutdown2.o(.ARM.Collect$$libshutdown$$00000004)
    .ARM.Collect$$libshutdown$$00000007      0x08000216   Section        0  libshutdown2.o(.ARM.Collect$$libshutdown$$00000007)
    .ARM.Collect$$libshutdown$$0000000A      0x08000216   Section        0  libshutdown2.o(.ARM.Collect$$libshutdown$$0000000A)
    .ARM.Collect$$libshutdown$$0000000C      0x08000216   Section        0  libshutdown2.o(.ARM.Collect$$libshutdown$$0000000C)
    .ARM.Collect$$libshutdown$$0000000F      0x08000216   Section        0  libshutdown2.o(.ARM.Collect$$libshutdown$$0000000F)
    .ARM.Collect$$libshutdown$$00000010      0x08000216   Section        2  libshutdown2.o(.ARM.Collect$$libshutdown$$00000010)
    .ARM.Collect$$rtentry$$00000000          0x08000218   Section        0  __rtentry.o(.ARM.Collect$$rtentry$$00000000)
    .ARM.Collect$$rtentry$$00000002          0x08000218   Section        0  __rtentry2.o(.ARM.Collect$$rtentry$$00000002)
    .ARM.Collect$$rtentry$$00000004          0x08000218   Section        6  __rtentry4.o(.ARM.Collect$$rtentry$$00000004)
    .ARM.Collect$$rtentry$$00000009          0x0800021e   Section        0  __rtentry2.o(.ARM.Collect$$rtentry$$00000009)
    .ARM.Collect$$rtentry$$0000000A          0x0800021e   Section        4  __rtentry2.o(.ARM.Collect$$rtentry$$0000000A)
    .ARM.Collect$$rtentry$$0000000C          0x08000222   Section        0  __rtentry2.o(.ARM.Collect$$rtentry$$0000000C)
    .ARM.Collect$$rtentry$$0000000D          0x08000222   Section        8  __rtentry2.o(.ARM.Collect$$rtentry$$0000000D)
    .ARM.Collect$$rtexit$$00000000           0x0800022a   Section        2  rtexit.o(.ARM.Collect$$rtexit$$00000000)
    .ARM.Collect$$rtexit$$00000002           0x0800022c   Section        0  rtexit2.o(.ARM.Collect$$rtexit$$00000002)
    .ARM.Collect$$rtexit$$00000003           0x0800022c   Section        4  rtexit2.o(.ARM.Collect$$rtexit$$00000003)
    .ARM.Collect$$rtexit$$00000004           0x08000230   Section        6  rtexit2.o(.ARM.Collect$$rtexit$$00000004)
    .emb_text                                0x08000238   Section      190  port.o(.emb_text)
    $v0                                      0x08000238   Number         0  port.o(.emb_text)
    .text                                    0x080002f8   Section       64  startup_stm32f411xe.o(.text)
    $v0                                      0x080002f8   Number         0  startup_stm32f411xe.o(.text)
    .text                                    0x08000338   Section      138  rt_memcpy_v6.o(.text)
    .text                                    0x080003c2   Section        0  heapauxi.o(.text)
    .text                                    0x080003c8   Section      100  rt_memcpy_w.o(.text)
    .text                                    0x0800042c   Section       74  sys_stackheap_outer.o(.text)
    .text                                    0x08000476   Section        0  exit.o(.text)
    .text                                    0x08000488   Section        8  libspace.o(.text)
    .text                                    0x08000490   Section        0  sys_exit.o(.text)
    .text                                    0x0800049c   Section        2  use_no_semi.o(.text)
    .text                                    0x0800049e   Section        0  indicate_semi.o(.text)
    i.EXTI15_10_IRQHandler                   0x080004a0   Section        0  main.o(i.EXTI15_10_IRQHandler)
    i.RccClockInit                           0x080004c0   Section        0  rcc.o(i.RccClockInit)
    i.SysTick_Handler                        0x080005f0   Section        0  port.o(i.SysTick_Handler)
    i.SystemInit                             0x08000624   Section        0  system_stm32f4xx.o(i.SystemInit)
    i.TIM2_IRQHandler                        0x08000688   Section        0  encoder.o(i.TIM2_IRQHandler)
    i.TIM5_IRQHandler                        0x08000738   Section        0  encoder.o(i.TIM5_IRQHandler)
    i.Tim9Init                               0x0800078c   Section        0  bsp.o(i.Tim9Init)
    i.USART1_IRQHandler                      0x080007bc   Section        0  bsp.o(i.USART1_IRQHandler)
    i.USART2_IRQHandler                      0x080007e0   Section        0  bsp.o(i.USART2_IRQHandler)
    i.__NVIC_EnableIRQ                       0x08000810   Section        0  encoder.o(i.__NVIC_EnableIRQ)
    __NVIC_EnableIRQ                         0x08000811   Thumb Code    34  encoder.o(i.__NVIC_EnableIRQ)
    i.encoderInit                            0x08000834   Section        0  encoder.o(i.encoderInit)
    i.main                                   0x080008c4   Section        0  main.o(i.main)
    i.mcpCalculateCRC                        0x080008f8   Section        0  mcp.o(i.mcpCalculateCRC)
    i.mcpRamp                                0x08000920   Section        0  mcp.o(i.mcpRamp)
    i.prvCopyDataToQueue                     0x0800097c   Section        0  queue.o(i.prvCopyDataToQueue)
    prvCopyDataToQueue                       0x0800097d   Thumb Code   126  queue.o(i.prvCopyDataToQueue)
    i.prvNotifyQueueSetContainer             0x080009fa   Section        0  queue.o(i.prvNotifyQueueSetContainer)
    prvNotifyQueueSetContainer               0x080009fb   Thumb Code   138  queue.o(i.prvNotifyQueueSetContainer)
    i.prvResetNextTaskUnblockTime            0x08000a84   Section        0  tasks.o(i.prvResetNextTaskUnblockTime)
    prvResetNextTaskUnblockTime              0x08000a85   Thumb Code    42  tasks.o(i.prvResetNextTaskUnblockTime)
    i.setSpeed                               0x08000ab8   Section        0  motorcontrol.o(i.setSpeed)
    i.tim5Init                               0x08000ad0   Section        0  encoder.o(i.tim5Init)
    i.uart1Init                              0x08000b0c   Section        0  bsp.o(i.uart1Init)
    i.uart2Init                              0x08000bb0   Section        0  bsp.o(i.uart2Init)
    i.uartRecive                             0x08000c34   Section        0  bsp.o(i.uartRecive)
    i.uartTransmitt                          0x08000c84   Section        0  bsp.o(i.uartTransmitt)
    i.uartTransmittBuff                      0x08000c94   Section        0  bsp.o(i.uartTransmittBuff)
    i.uxListRemove                           0x08000cb0   Section        0  list.o(i.uxListRemove)
    i.vListInsertEnd                         0x08000cd8   Section        0  list.o(i.vListInsertEnd)
    i.vPortValidateInterruptPriority         0x08000cf0   Section        0  port.o(i.vPortValidateInterruptPriority)
    i.vTaskSwitchContext                     0x08000d68   Section        0  tasks.o(i.vTaskSwitchContext)
    i.xQueueGiveFromISR                      0x08000df4   Section        0  queue.o(i.xQueueGiveFromISR)
    i.xTaskIncrementTick                     0x08000ee8   Section        0  tasks.o(i.xTaskIncrementTick)
    i.xTaskPriorityDisinherit                0x08001030   Section        0  tasks.o(i.xTaskPriorityDisinherit)
    i.xTaskRemoveFromEventList               0x080010f8   Section        0  tasks.o(i.xTaskRemoveFromEventList)
    x$fpl$ddiv                               0x08001194   Section      688  ddiv.o(x$fpl$ddiv)
    $v0                                      0x08001194   Number         0  ddiv.o(x$fpl$ddiv)
    ddiv_entry                               0x0800119b   Thumb Code     0  ddiv.o(x$fpl$ddiv)
    x$fpl$dfltu                              0x08001444   Section       38  dflt_clz.o(x$fpl$dfltu)
    $v0                                      0x08001444   Number         0  dflt_clz.o(x$fpl$dfltu)
    x$fpl$dnaninf                            0x0800146a   Section      156  dnaninf.o(x$fpl$dnaninf)
    $v0                                      0x0800146a   Number         0  dnaninf.o(x$fpl$dnaninf)
    x$fpl$dretinf                            0x08001506   Section       12  dretinf.o(x$fpl$dretinf)
    $v0                                      0x08001506   Number         0  dretinf.o(x$fpl$dretinf)
    x$fpl$fpinit                             0x08001512   Section       10  fpinit.o(x$fpl$fpinit)
    $v0                                      0x08001512   Number         0  fpinit.o(x$fpl$fpinit)
    x$fpl$usenofp                            0x0800151c   Section        0  usenofp.o(x$fpl$usenofp)
    .data                                    0x20000000   Section       25  main.o(.data)
    TimingDelay                              0x20000000   Data           4  main.o(.data)
    uart2ReciveState                         0x20000018   Data           1  main.o(.data)
    .data                                    0x20000020   Section       16  encoder.o(.data)
    TimingDelay                              0x20000020   Data           4  encoder.o(.data)
    .data                                    0x20000030   Section        5  bsp.o(.data)
    TimingDelay                              0x20000030   Data           4  bsp.o(.data)
    .data                                    0x20000038   Section       24  port.o(.data)
    uxCriticalNesting                        0x20000038   Data           4  port.o(.data)
    ulTimerCountsForOneTick                  0x2000003c   Data           4  port.o(.data)
    xMaximumPossibleSuppressedTicks          0x20000040   Data           4  port.o(.data)
    ulStoppedTimerCompensation               0x20000044   Data           4  port.o(.data)
    ucMaxSysCallPriority                     0x20000048   Data           1  port.o(.data)
    ulMaxPRIGROUPValue                       0x2000004c   Data           4  port.o(.data)
    .data                                    0x20000050   Section       60  tasks.o(.data)
    pxDelayedTaskList                        0x20000054   Data           4  tasks.o(.data)
    pxOverflowDelayedTaskList                0x20000058   Data           4  tasks.o(.data)
    uxDeletedTasksWaitingCleanUp             0x2000005c   Data           4  tasks.o(.data)
    uxCurrentNumberOfTasks                   0x20000060   Data           4  tasks.o(.data)
    xTickCount                               0x20000064   Data           4  tasks.o(.data)
    uxTopReadyPriority                       0x20000068   Data           4  tasks.o(.data)
    xSchedulerRunning                        0x2000006c   Data           4  tasks.o(.data)
    xPendedTicks                             0x20000070   Data           4  tasks.o(.data)
    xYieldPending                            0x20000074   Data           4  tasks.o(.data)
    xNumOfOverflows                          0x20000078   Data           4  tasks.o(.data)
    uxTaskNumber                             0x2000007c   Data           4  tasks.o(.data)
    xNextTaskUnblockTime                     0x20000080   Data           4  tasks.o(.data)
    xIdleTaskHandle                          0x20000084   Data           4  tasks.o(.data)
    uxSchedulerSuspended                     0x20000088   Data           4  tasks.o(.data)
    .bss                                     0x2000008c   Section      257  bsp.o(.bss)
    .bss                                     0x20000190   Section      200  tasks.o(.bss)
    pxReadyTasksLists                        0x20000190   Data         100  tasks.o(.bss)
    xDelayedTaskList1                        0x200001f4   Data          20  tasks.o(.bss)
    xDelayedTaskList2                        0x20000208   Data          20  tasks.o(.bss)
    xPendingReadyList                        0x2000021c   Data          20  tasks.o(.bss)
    xTasksWaitingTermination                 0x20000230   Data          20  tasks.o(.bss)
    xSuspendedTaskList                       0x20000244   Data          20  tasks.o(.bss)
    .bss                                     0x20000258   Section       96  libspace.o(.bss)
    HEAP                                     0x200002b8   Section      512  startup_stm32f411xe.o(HEAP)
    Heap_Mem                                 0x200002b8   Data         512  startup_stm32f411xe.o(HEAP)
    STACK                                    0x200004b8   Section     1024  startup_stm32f411xe.o(STACK)
    Stack_Mem                                0x200004b8   Data        1024  startup_stm32f411xe.o(STACK)
    __initial_sp                             0x200008b8   Data           0  startup_stm32f411xe.o(STACK)

    Global Symbols

    Symbol Name                              Value     Ov Type        Size  Object(Section)

    BuildAttributes$$THM_ISAv4$E$P$D$K$B$S$7EM$VFPi3$EXTD16$VFPS$VFMA$PE$A:L22UL41UL21$X:L11$S22US41US21$IEEE1$IW$USESV6$~STKCKD$USESV7$~SHL$OSPACE$ROPI$EBA8$UX$STANDARDLIB$REQ8$PRES8$EABIv2 0x00000000   Number         0  anon$$obj.o ABSOLUTE
    __ARM_use_no_argv                        0x00000000   Number         0  main.o ABSOLUTE
    __ARM_exceptions_init                     - Undefined Weak Reference
    __alloca_initialize                       - Undefined Weak Reference
    __arm_preinit_                            - Undefined Weak Reference
    __cpp_initialize__aeabi_                  - Undefined Weak Reference
    __cxa_finalize                            - Undefined Weak Reference
    __rt_locale                               - Undefined Weak Reference
    __sigvec_lookup                           - Undefined Weak Reference
    _atexit_init                              - Undefined Weak Reference
    _call_atexit_fns                          - Undefined Weak Reference
    _clock_init                               - Undefined Weak Reference
    _fp_trap_init                             - Undefined Weak Reference
    _fp_trap_shutdown                         - Undefined Weak Reference
    _get_lc_collate                           - Undefined Weak Reference
    _get_lc_ctype                             - Undefined Weak Reference
    _get_lc_monetary                          - Undefined Weak Reference
    _get_lc_numeric                           - Undefined Weak Reference
    _get_lc_time                              - Undefined Weak Reference
    _getenv_init                              - Undefined Weak Reference
    _handle_redirection                       - Undefined Weak Reference
    _init_alloc                               - Undefined Weak Reference
    _init_user_alloc                          - Undefined Weak Reference
    _initio                                   - Undefined Weak Reference
    _rand_init                                - Undefined Weak Reference
    _signal_finish                            - Undefined Weak Reference
    _signal_init                              - Undefined Weak Reference
    _terminate_alloc                          - Undefined Weak Reference
    _terminate_user_alloc                     - Undefined Weak Reference
    _terminateio                              - Undefined Weak Reference
    __Vectors_Size                           0x00000198   Number         0  startup_stm32f411xe.o ABSOLUTE
    __Vectors                                0x08000000   Data           4  startup_stm32f411xe.o(RESET)
    __Vectors_End                            0x08000198   Data           0  startup_stm32f411xe.o(RESET)
    __main                                   0x08000199   Thumb Code     8  __main.o(!!!main)
    __scatterload                            0x080001a1   Thumb Code     0  __scatter.o(!!!scatter)
    __scatterload_rt2                        0x080001a1   Thumb Code    44  __scatter.o(!!!scatter)
    __scatterload_rt2_thumb_only             0x080001a1   Thumb Code     0  __scatter.o(!!!scatter)
    __scatterload_null                       0x080001af   Thumb Code     0  __scatter.o(!!!scatter)
    __scatterload_copy                       0x080001d5   Thumb Code    26  __scatter_copy.o(!!handler_copy)
    __scatterload_zeroinit                   0x080001f1   Thumb Code    28  __scatter_zi.o(!!handler_zi)
    __rt_lib_init                            0x0800020d   Thumb Code     0  libinit.o(.ARM.Collect$$libinit$$00000000)
    __rt_lib_init_fp_1                       0x0800020f   Thumb Code     0  libinit2.o(.ARM.Collect$$libinit$$00000001)
    __rt_lib_init_alloca_1                   0x08000213   Thumb Code     0  libinit2.o(.ARM.Collect$$libinit$$0000002E)
    __rt_lib_init_argv_1                     0x08000213   Thumb Code     0  libinit2.o(.ARM.Collect$$libinit$$0000002C)
    __rt_lib_init_atexit_1                   0x08000213   Thumb Code     0  libinit2.o(.ARM.Collect$$libinit$$0000001B)
    __rt_lib_init_clock_1                    0x08000213   Thumb Code     0  libinit2.o(.ARM.Collect$$libinit$$00000021)
    __rt_lib_init_cpp_1                      0x08000213   Thumb Code     0  libinit2.o(.ARM.Collect$$libinit$$00000032)
    __rt_lib_init_exceptions_1               0x08000213   Thumb Code     0  libinit2.o(.ARM.Collect$$libinit$$00000030)
    __rt_lib_init_fp_trap_1                  0x08000213   Thumb Code     0  libinit2.o(.ARM.Collect$$libinit$$0000001F)
    __rt_lib_init_getenv_1                   0x08000213   Thumb Code     0  libinit2.o(.ARM.Collect$$libinit$$00000023)
    __rt_lib_init_heap_1                     0x08000213   Thumb Code     0  libinit2.o(.ARM.Collect$$libinit$$0000000A)
    __rt_lib_init_lc_collate_1               0x08000213   Thumb Code     0  libinit2.o(.ARM.Collect$$libinit$$00000011)
    __rt_lib_init_lc_ctype_1                 0x08000213   Thumb Code     0  libinit2.o(.ARM.Collect$$libinit$$00000013)
    __rt_lib_init_lc_monetary_1              0x08000213   Thumb Code     0  libinit2.o(.ARM.Collect$$libinit$$00000015)
    __rt_lib_init_lc_numeric_1               0x08000213   Thumb Code     0  libinit2.o(.ARM.Collect$$libinit$$00000017)
    __rt_lib_init_lc_time_1                  0x08000213   Thumb Code     0  libinit2.o(.ARM.Collect$$libinit$$00000019)
    __rt_lib_init_preinit_1                  0x08000213   Thumb Code     0  libinit2.o(.ARM.Collect$$libinit$$00000004)
    __rt_lib_init_rand_1                     0x08000213   Thumb Code     0  libinit2.o(.ARM.Collect$$libinit$$0000000E)
    __rt_lib_init_return                     0x08000213   Thumb Code     0  libinit2.o(.ARM.Collect$$libinit$$00000033)
    __rt_lib_init_signal_1                   0x08000213   Thumb Code     0  libinit2.o(.ARM.Collect$$libinit$$0000001D)
    __rt_lib_init_stdio_1                    0x08000213   Thumb Code     0  libinit2.o(.ARM.Collect$$libinit$$00000025)
    __rt_lib_init_user_alloc_1               0x08000213   Thumb Code     0  libinit2.o(.ARM.Collect$$libinit$$0000000C)
    __rt_lib_shutdown                        0x08000215   Thumb Code     0  libshutdown.o(.ARM.Collect$$libshutdown$$00000000)
    __rt_lib_shutdown_cpp_1                  0x08000217   Thumb Code     0  libshutdown2.o(.ARM.Collect$$libshutdown$$00000002)
    __rt_lib_shutdown_fp_trap_1              0x08000217   Thumb Code     0  libshutdown2.o(.ARM.Collect$$libshutdown$$00000007)
    __rt_lib_shutdown_heap_1                 0x08000217   Thumb Code     0  libshutdown2.o(.ARM.Collect$$libshutdown$$0000000F)
    __rt_lib_shutdown_return                 0x08000217   Thumb Code     0  libshutdown2.o(.ARM.Collect$$libshutdown$$00000010)
    __rt_lib_shutdown_signal_1               0x08000217   Thumb Code     0  libshutdown2.o(.ARM.Collect$$libshutdown$$0000000A)
    __rt_lib_shutdown_stdio_1                0x08000217   Thumb Code     0  libshutdown2.o(.ARM.Collect$$libshutdown$$00000004)
    __rt_lib_shutdown_user_alloc_1           0x08000217   Thumb Code     0  libshutdown2.o(.ARM.Collect$$libshutdown$$0000000C)
    __rt_entry                               0x08000219   Thumb Code     0  __rtentry.o(.ARM.Collect$$rtentry$$00000000)
    __rt_entry_presh_1                       0x08000219   Thumb Code     0  __rtentry2.o(.ARM.Collect$$rtentry$$00000002)
    __rt_entry_sh                            0x08000219   Thumb Code     0  __rtentry4.o(.ARM.Collect$$rtentry$$00000004)
    __rt_entry_li                            0x0800021f   Thumb Code     0  __rtentry2.o(.ARM.Collect$$rtentry$$0000000A)
    __rt_entry_postsh_1                      0x0800021f   Thumb Code     0  __rtentry2.o(.ARM.Collect$$rtentry$$00000009)
    __rt_entry_main                          0x08000223   Thumb Code     0  __rtentry2.o(.ARM.Collect$$rtentry$$0000000D)
    __rt_entry_postli_1                      0x08000223   Thumb Code     0  __rtentry2.o(.ARM.Collect$$rtentry$$0000000C)
    __rt_exit                                0x0800022b   Thumb Code     0  rtexit.o(.ARM.Collect$$rtexit$$00000000)
    __rt_exit_ls                             0x0800022d   Thumb Code     0  rtexit2.o(.ARM.Collect$$rtexit$$00000003)
    __rt_exit_prels_1                        0x0800022d   Thumb Code     0  rtexit2.o(.ARM.Collect$$rtexit$$00000002)
    __rt_exit_exit                           0x08000231   Thumb Code     0  rtexit2.o(.ARM.Collect$$rtexit$$00000004)
    SVC_Handler                              0x08000239   Thumb Code    28  port.o(.emb_text)
    __asm___6_port_c_39a90d8d__prvStartFirstTask 0x08000259   Thumb Code    36  port.o(.emb_text)
    __asm___6_port_c_39a90d8d__prvEnableVFP  0x08000281   Thumb Code    16  port.o(.emb_text)
    PendSV_Handler                           0x08000295   Thumb Code    88  port.o(.emb_text)
    vPortGetIPSR                             0x080002f1   Thumb Code     6  port.o(.emb_text)
    Reset_Handler                            0x080002f9   Thumb Code     8  startup_stm32f411xe.o(.text)
    NMI_Handler                              0x08000301   Thumb Code     2  startup_stm32f411xe.o(.text)
    HardFault_Handler                        0x08000303   Thumb Code     2  startup_stm32f411xe.o(.text)
    MemManage_Handler                        0x08000305   Thumb Code     2  startup_stm32f411xe.o(.text)
    BusFault_Handler                         0x08000307   Thumb Code     2  startup_stm32f411xe.o(.text)
    UsageFault_Handler                       0x08000309   Thumb Code     2  startup_stm32f411xe.o(.text)
    DebugMon_Handler                         0x0800030d   Thumb Code     2  startup_stm32f411xe.o(.text)
    ADC_IRQHandler                           0x08000313   Thumb Code     0  startup_stm32f411xe.o(.text)
    DMA1_Stream0_IRQHandler                  0x08000313   Thumb Code     0  startup_stm32f411xe.o(.text)
    DMA1_Stream1_IRQHandler                  0x08000313   Thumb Code     0  startup_stm32f411xe.o(.text)
    DMA1_Stream2_IRQHandler                  0x08000313   Thumb Code     0  startup_stm32f411xe.o(.text)
    DMA1_Stream3_IRQHandler                  0x08000313   Thumb Code     0  startup_stm32f411xe.o(.text)
    DMA1_Stream4_IRQHandler                  0x08000313   Thumb Code     0  startup_stm32f411xe.o(.text)
    DMA1_Stream5_IRQHandler                  0x08000313   Thumb Code     0  startup_stm32f411xe.o(.text)
    DMA1_Stream6_IRQHandler                  0x08000313   Thumb Code     0  startup_stm32f411xe.o(.text)
    DMA1_Stream7_IRQHandler                  0x08000313   Thumb Code     0  startup_stm32f411xe.o(.text)
    DMA2_Stream0_IRQHandler                  0x08000313   Thumb Code     0  startup_stm32f411xe.o(.text)
    DMA2_Stream1_IRQHandler                  0x08000313   Thumb Code     0  startup_stm32f411xe.o(.text)
    DMA2_Stream2_IRQHandler                  0x08000313   Thumb Code     0  startup_stm32f411xe.o(.text)
    DMA2_Stream3_IRQHandler                  0x08000313   Thumb Code     0  startup_stm32f411xe.o(.text)
    DMA2_Stream4_IRQHandler                  0x08000313   Thumb Code     0  startup_stm32f411xe.o(.text)
    DMA2_Stream5_IRQHandler                  0x08000313   Thumb Code     0  startup_stm32f411xe.o(.text)
    DMA2_Stream6_IRQHandler                  0x08000313   Thumb Code     0  startup_stm32f411xe.o(.text)
    DMA2_Stream7_IRQHandler                  0x08000313   Thumb Code     0  startup_stm32f411xe.o(.text)
    EXTI0_IRQHandler                         0x08000313   Thumb Code     0  startup_stm32f411xe.o(.text)
    EXTI1_IRQHandler                         0x08000313   Thumb Code     0  startup_stm32f411xe.o(.text)
    EXTI2_IRQHandler                         0x08000313   Thumb Code     0  startup_stm32f411xe.o(.text)
    EXTI3_IRQHandler                         0x08000313   Thumb Code     0  startup_stm32f411xe.o(.text)
    EXTI4_IRQHandler                         0x08000313   Thumb Code     0  startup_stm32f411xe.o(.text)
    EXTI9_5_IRQHandler                       0x08000313   Thumb Code     0  startup_stm32f411xe.o(.text)
    FLASH_IRQHandler                         0x08000313   Thumb Code     0  startup_stm32f411xe.o(.text)
    FPU_IRQHandler                           0x08000313   Thumb Code     0  startup_stm32f411xe.o(.text)
    I2C1_ER_IRQHandler                       0x08000313   Thumb Code     0  startup_stm32f411xe.o(.text)
    I2C1_EV_IRQHandler                       0x08000313   Thumb Code     0  startup_stm32f411xe.o(.text)
    I2C2_ER_IRQHandler                       0x08000313   Thumb Code     0  startup_stm32f411xe.o(.text)
    I2C2_EV_IRQHandler                       0x08000313   Thumb Code     0  startup_stm32f411xe.o(.text)
    I2C3_ER_IRQHandler                       0x08000313   Thumb Code     0  startup_stm32f411xe.o(.text)
    I2C3_EV_IRQHandler                       0x08000313   Thumb Code     0  startup_stm32f411xe.o(.text)
    OTG_FS_IRQHandler                        0x08000313   Thumb Code     0  startup_stm32f411xe.o(.text)
    OTG_FS_WKUP_IRQHandler                   0x08000313   Thumb Code     0  startup_stm32f411xe.o(.text)
    PVD_IRQHandler                           0x08000313   Thumb Code     0  startup_stm32f411xe.o(.text)
    RCC_IRQHandler                           0x08000313   Thumb Code     0  startup_stm32f411xe.o(.text)
    RTC_Alarm_IRQHandler                     0x08000313   Thumb Code     0  startup_stm32f411xe.o(.text)
    RTC_WKUP_IRQHandler                      0x08000313   Thumb Code     0  startup_stm32f411xe.o(.text)
    SDIO_IRQHandler                          0x08000313   Thumb Code     0  startup_stm32f411xe.o(.text)
    SPI1_IRQHandler                          0x08000313   Thumb Code     0  startup_stm32f411xe.o(.text)
    SPI2_IRQHandler                          0x08000313   Thumb Code     0  startup_stm32f411xe.o(.text)
    SPI3_IRQHandler                          0x08000313   Thumb Code     0  startup_stm32f411xe.o(.text)
    SPI4_IRQHandler                          0x08000313   Thumb Code     0  startup_stm32f411xe.o(.text)
    SPI5_IRQHandler                          0x08000313   Thumb Code     0  startup_stm32f411xe.o(.text)
    TAMP_STAMP_IRQHandler                    0x08000313   Thumb Code     0  startup_stm32f411xe.o(.text)
    TIM1_BRK_TIM9_IRQHandler                 0x08000313   Thumb Code     0  startup_stm32f411xe.o(.text)
    TIM1_CC_IRQHandler                       0x08000313   Thumb Code     0  startup_stm32f411xe.o(.text)
    TIM1_TRG_COM_TIM11_IRQHandler            0x08000313   Thumb Code     0  startup_stm32f411xe.o(.text)
    TIM1_UP_TIM10_IRQHandler                 0x08000313   Thumb Code     0  startup_stm32f411xe.o(.text)
    TIM3_IRQHandler                          0x08000313   Thumb Code     0  startup_stm32f411xe.o(.text)
    TIM4_IRQHandler                          0x08000313   Thumb Code     0  startup_stm32f411xe.o(.text)
    USART6_IRQHandler                        0x08000313   Thumb Code     0  startup_stm32f411xe.o(.text)
    WWDG_IRQHandler                          0x08000313   Thumb Code     0  startup_stm32f411xe.o(.text)
    __user_initial_stackheap                 0x08000315   Thumb Code     0  startup_stm32f411xe.o(.text)
    __aeabi_memcpy                           0x08000339   Thumb Code     0  rt_memcpy_v6.o(.text)
    __rt_memcpy                              0x08000339   Thumb Code   138  rt_memcpy_v6.o(.text)
    _memcpy_lastbytes                        0x0800039f   Thumb Code     0  rt_memcpy_v6.o(.text)
    __use_two_region_memory                  0x080003c3   Thumb Code     2  heapauxi.o(.text)
    __rt_heap_escrow$2region                 0x080003c5   Thumb Code     2  heapauxi.o(.text)
    __rt_heap_expand$2region                 0x080003c7   Thumb Code     2  heapauxi.o(.text)
    __aeabi_memcpy4                          0x080003c9   Thumb Code     0  rt_memcpy_w.o(.text)
    __aeabi_memcpy8                          0x080003c9   Thumb Code     0  rt_memcpy_w.o(.text)
    __rt_memcpy_w                            0x080003c9   Thumb Code   100  rt_memcpy_w.o(.text)
    _memcpy_lastbytes_aligned                0x08000411   Thumb Code     0  rt_memcpy_w.o(.text)
    __user_setup_stackheap                   0x0800042d   Thumb Code    74  sys_stackheap_outer.o(.text)
    exit                                     0x08000477   Thumb Code    18  exit.o(.text)
    __user_libspace                          0x08000489   Thumb Code     8  libspace.o(.text)
    __user_perproc_libspace                  0x08000489   Thumb Code     0  libspace.o(.text)
    __user_perthread_libspace                0x08000489   Thumb Code     0  libspace.o(.text)
    _sys_exit                                0x08000491   Thumb Code     8  sys_exit.o(.text)
    __I$use$semihosting                      0x0800049d   Thumb Code     0  use_no_semi.o(.text)
    __use_no_semihosting_swi                 0x0800049d   Thumb Code     2  use_no_semi.o(.text)
    __semihosting_library_function           0x0800049f   Thumb Code     0  indicate_semi.o(.text)
    EXTI15_10_IRQHandler                     0x080004a1   Thumb Code    22  main.o(i.EXTI15_10_IRQHandler)
    RccClockInit                             0x080004c1   Thumb Code   292  rcc.o(i.RccClockInit)
    SysTick_Handler                          0x080005f1   Thumb Code    46  port.o(i.SysTick_Handler)
    SystemInit                               0x08000625   Thumb Code    82  system_stm32f4xx.o(i.SystemInit)
    TIM2_IRQHandler                          0x08000689   Thumb Code   146  encoder.o(i.TIM2_IRQHandler)
    TIM5_IRQHandler                          0x08000739   Thumb Code    64  encoder.o(i.TIM5_IRQHandler)
    Tim9Init                                 0x0800078d   Thumb Code    38  bsp.o(i.Tim9Init)
    USART1_IRQHandler                        0x080007bd   Thumb Code    24  bsp.o(i.USART1_IRQHandler)
    USART2_IRQHandler                        0x080007e1   Thumb Code    38  bsp.o(i.USART2_IRQHandler)
    encoderInit                              0x08000835   Thumb Code   136  encoder.o(i.encoderInit)
    main                                     0x080008c5   Thumb Code    44  main.o(i.main)
    mcpCalculateCRC                          0x080008f9   Thumb Code    40  mcp.o(i.mcpCalculateCRC)
    mcpRamp                                  0x08000921   Thumb Code    88  mcp.o(i.mcpRamp)
    setSpeed                                 0x08000ab9   Thumb Code    22  motorcontrol.o(i.setSpeed)
    tim5Init                                 0x08000ad1   Thumb Code    52  encoder.o(i.tim5Init)
    uart1Init                                0x08000b0d   Thumb Code   150  bsp.o(i.uart1Init)
    uart2Init                                0x08000bb1   Thumb Code   118  bsp.o(i.uart2Init)
    uartRecive                               0x08000c35   Thumb Code    68  bsp.o(i.uartRecive)
    uartTransmitt                            0x08000c85   Thumb Code    16  bsp.o(i.uartTransmitt)
    uartTransmittBuff                        0x08000c95   Thumb Code    28  bsp.o(i.uartTransmittBuff)
    uxListRemove                             0x08000cb1   Thumb Code    40  list.o(i.uxListRemove)
    vListInsertEnd                           0x08000cd9   Thumb Code    24  list.o(i.vListInsertEnd)
    vPortValidateInterruptPriority           0x08000cf1   Thumb Code   106  port.o(i.vPortValidateInterruptPriority)
    vTaskSwitchContext                       0x08000d69   Thumb Code   118  tasks.o(i.vTaskSwitchContext)
    xQueueGiveFromISR                        0x08000df5   Thumb Code   244  queue.o(i.xQueueGiveFromISR)
    xTaskIncrementTick                       0x08000ee9   Thumb Code   282  tasks.o(i.xTaskIncrementTick)
    xTaskPriorityDisinherit                  0x08001031   Thumb Code   188  tasks.o(i.xTaskPriorityDisinherit)
    xTaskRemoveFromEventList                 0x080010f9   Thumb Code   132  tasks.o(i.xTaskRemoveFromEventList)
    __aeabi_ddiv                             0x08001195   Thumb Code     0  ddiv.o(x$fpl$ddiv)
    _ddiv                                    0x08001195   Thumb Code   552  ddiv.o(x$fpl$ddiv)
    __aeabi_ui2d                             0x08001445   Thumb Code     0  dflt_clz.o(x$fpl$dfltu)
    _dfltu                                   0x08001445   Thumb Code    38  dflt_clz.o(x$fpl$dfltu)
    __fpl_dnaninf                            0x0800146b   Thumb Code   156  dnaninf.o(x$fpl$dnaninf)
    __fpl_dretinf                            0x08001507   Thumb Code    12  dretinf.o(x$fpl$dretinf)
    _fp_init                                 0x08001513   Thumb Code    10  fpinit.o(x$fpl$fpinit)
    __fplib_config_fpu_vfp                   0x0800151b   Thumb Code     0  fpinit.o(x$fpl$fpinit)
    __fplib_config_pureend_doubles           0x0800151b   Thumb Code     0  fpinit.o(x$fpl$fpinit)
    Region$$Table$$Base                      0x0800151c   Number         0  anon$$obj.o(Region$$Table)
    __I$use$fp                               0x0800151c   Number         0  usenofp.o(x$fpl$usenofp)
    Region$$Table$$Limit                     0x0800153c   Number         0  anon$$obj.o(Region$$Table)
    motorState                               0x20000004   Data           1  main.o(.data)
    changeSpeed                              0x20000005   Data           1  main.o(.data)
    commandQueue                             0x20000008   Data           4  main.o(.data)
    measureTaskHandle                        0x2000000c   Data           4  main.o(.data)
    uart2ReciveSemaphore                     0x20000010   Data           4  main.o(.data)
    driveEnableSemaphore                     0x20000014   Data           4  main.o(.data)
    encoderCount                             0x20000024   Data           2  encoder.o(.data)
    statusFlag                               0x20000026   Data           1  encoder.o(.data)
    speed                                    0x20000028   Data           8  encoder.o(.data)
    reciveStatus                             0x20000034   Data           1  bsp.o(.data)
    pxCurrentTCB                             0x20000050   Data           4  tasks.o(.data)
    frameBuff                                0x2000008c   Data         257  bsp.o(.bss)
    __libspace_start                         0x20000258   Data          96  libspace.o(.bss)
    __temporary_stack_top$libspace           0x200002b8   Data           0  libspace.o(.bss)



==============================================================================

Memory Map of the image

  Image Entry point : 0x080002f9

  Load Region LR_1 (Base: 0x08000000, Size: 0x000015c8, Max: 0xffffffff, ABSOLUTE)

    Execution Region ER_RO (Exec base: 0x08000000, Load base: 0x08000000, Size: 0x0000153c, Max: 0xffffffff, ABSOLUTE)

    Exec Addr    Load Addr    Size         Type   Attr      Idx    E Section Name        Object

    0x08000000   0x08000000   0x00000198   Data   RO          483    RESET               startup_stm32f411xe.o
    0x08000198   0x08000198   0x00000008   Code   RO         1658  * !!!main             c_w.l(__main.o)
    0x080001a0   0x080001a0   0x00000034   Code   RO         1834    !!!scatter          c_w.l(__scatter.o)
    0x080001d4   0x080001d4   0x0000001a   Code   RO         1836    !!handler_copy      c_w.l(__scatter_copy.o)
    0x080001ee   0x080001ee   0x00000002   PAD
    0x080001f0   0x080001f0   0x0000001c   Code   RO         1838    !!handler_zi        c_w.l(__scatter_zi.o)
    0x0800020c   0x0800020c   0x00000002   Code   RO         1704    .ARM.Collect$$libinit$$00000000  c_w.l(libinit.o)
    0x0800020e   0x0800020e   0x00000004   Code   RO         1710    .ARM.Collect$$libinit$$00000001  c_w.l(libinit2.o)
    0x08000212   0x08000212   0x00000000   Code   RO         1713    .ARM.Collect$$libinit$$00000004  c_w.l(libinit2.o)
    0x08000212   0x08000212   0x00000000   Code   RO         1716    .ARM.Collect$$libinit$$0000000A  c_w.l(libinit2.o)
    0x08000212   0x08000212   0x00000000   Code   RO         1718    .ARM.Collect$$libinit$$0000000C  c_w.l(libinit2.o)
    0x08000212   0x08000212   0x00000000   Code   RO         1720    .ARM.Collect$$libinit$$0000000E  c_w.l(libinit2.o)
    0x08000212   0x08000212   0x00000000   Code   RO         1723    .ARM.Collect$$libinit$$00000011  c_w.l(libinit2.o)
    0x08000212   0x08000212   0x00000000   Code   RO         1725    .ARM.Collect$$libinit$$00000013  c_w.l(libinit2.o)
    0x08000212   0x08000212   0x00000000   Code   RO         1727    .ARM.Collect$$libinit$$00000015  c_w.l(libinit2.o)
    0x08000212   0x08000212   0x00000000   Code   RO         1729    .ARM.Collect$$libinit$$00000017  c_w.l(libinit2.o)
    0x08000212   0x08000212   0x00000000   Code   RO         1731    .ARM.Collect$$libinit$$00000019  c_w.l(libinit2.o)
    0x08000212   0x08000212   0x00000000   Code   RO         1733    .ARM.Collect$$libinit$$0000001B  c_w.l(libinit2.o)
    0x08000212   0x08000212   0x00000000   Code   RO         1735    .ARM.Collect$$libinit$$0000001D  c_w.l(libinit2.o)
    0x08000212   0x08000212   0x00000000   Code   RO         1737    .ARM.Collect$$libinit$$0000001F  c_w.l(libinit2.o)
    0x08000212   0x08000212   0x00000000   Code   RO         1739    .ARM.Collect$$libinit$$00000021  c_w.l(libinit2.o)
    0x08000212   0x08000212   0x00000000   Code   RO         1741    .ARM.Collect$$libinit$$00000023  c_w.l(libinit2.o)
    0x08000212   0x08000212   0x00000000   Code   RO         1743    .ARM.Collect$$libinit$$00000025  c_w.l(libinit2.o)
    0x08000212   0x08000212   0x00000000   Code   RO         1747    .ARM.Collect$$libinit$$0000002C  c_w.l(libinit2.o)
    0x08000212   0x08000212   0x00000000   Code   RO         1749    .ARM.Collect$$libinit$$0000002E  c_w.l(libinit2.o)
    0x08000212   0x08000212   0x00000000   Code   RO         1751    .ARM.Collect$$libinit$$00000030  c_w.l(libinit2.o)
    0x08000212   0x08000212   0x00000000   Code   RO         1753    .ARM.Collect$$libinit$$00000032  c_w.l(libinit2.o)
    0x08000212   0x08000212   0x00000002   Code   RO         1754    .ARM.Collect$$libinit$$00000033  c_w.l(libinit2.o)
    0x08000214   0x08000214   0x00000002   Code   RO         1774    .ARM.Collect$$libshutdown$$00000000  c_w.l(libshutdown.o)
    0x08000216   0x08000216   0x00000000   Code   RO         1787    .ARM.Collect$$libshutdown$$00000002  c_w.l(libshutdown2.o)
    0x08000216   0x08000216   0x00000000   Code   RO         1789    .ARM.Collect$$libshutdown$$00000004  c_w.l(libshutdown2.o)
    0x08000216   0x08000216   0x00000000   Code   RO         1792    .ARM.Collect$$libshutdown$$00000007  c_w.l(libshutdown2.o)
    0x08000216   0x08000216   0x00000000   Code   RO         1795    .ARM.Collect$$libshutdown$$0000000A  c_w.l(libshutdown2.o)
    0x08000216   0x08000216   0x00000000   Code   RO         1797    .ARM.Collect$$libshutdown$$0000000C  c_w.l(libshutdown2.o)
    0x08000216   0x08000216   0x00000000   Code   RO         1800    .ARM.Collect$$libshutdown$$0000000F  c_w.l(libshutdown2.o)
    0x08000216   0x08000216   0x00000002   Code   RO         1801    .ARM.Collect$$libshutdown$$00000010  c_w.l(libshutdown2.o)
    0x08000218   0x08000218   0x00000000   Code   RO         1670    .ARM.Collect$$rtentry$$00000000  c_w.l(__rtentry.o)
    0x08000218   0x08000218   0x00000000   Code   RO         1681    .ARM.Collect$$rtentry$$00000002  c_w.l(__rtentry2.o)
    0x08000218   0x08000218   0x00000006   Code   RO         1693    .ARM.Collect$$rtentry$$00000004  c_w.l(__rtentry4.o)
    0x0800021e   0x0800021e   0x00000000   Code   RO         1683    .ARM.Collect$$rtentry$$00000009  c_w.l(__rtentry2.o)
    0x0800021e   0x0800021e   0x00000004   Code   RO         1684    .ARM.Collect$$rtentry$$0000000A  c_w.l(__rtentry2.o)
    0x08000222   0x08000222   0x00000000   Code   RO         1686    .ARM.Collect$$rtentry$$0000000C  c_w.l(__rtentry2.o)
    0x08000222   0x08000222   0x00000008   Code   RO         1687    .ARM.Collect$$rtentry$$0000000D  c_w.l(__rtentry2.o)
    0x0800022a   0x0800022a   0x00000002   Code   RO         1708    .ARM.Collect$$rtexit$$00000000  c_w.l(rtexit.o)
    0x0800022c   0x0800022c   0x00000000   Code   RO         1756    .ARM.Collect$$rtexit$$00000002  c_w.l(rtexit2.o)
    0x0800022c   0x0800022c   0x00000004   Code   RO         1757    .ARM.Collect$$rtexit$$00000003  c_w.l(rtexit2.o)
    0x08000230   0x08000230   0x00000006   Code   RO         1758    .ARM.Collect$$rtexit$$00000004  c_w.l(rtexit2.o)
    0x08000236   0x08000236   0x00000002   PAD
    0x08000238   0x08000238   0x000000be   Code   RO          757    .emb_text           port.o
    0x080002f6   0x080002f6   0x00000002   PAD
    0x080002f8   0x080002f8   0x00000040   Code   RO          484  * .text               startup_stm32f411xe.o
    0x08000338   0x08000338   0x0000008a   Code   RO         1648    .text               c_w.l(rt_memcpy_v6.o)
    0x080003c2   0x080003c2   0x00000006   Code   RO         1656    .text               c_w.l(heapauxi.o)
    0x080003c8   0x080003c8   0x00000064   Code   RO         1671    .text               c_w.l(rt_memcpy_w.o)
    0x0800042c   0x0800042c   0x0000004a   Code   RO         1695    .text               c_w.l(sys_stackheap_outer.o)
    0x08000476   0x08000476   0x00000012   Code   RO         1697    .text               c_w.l(exit.o)
    0x08000488   0x08000488   0x00000008   Code   RO         1705    .text               c_w.l(libspace.o)
    0x08000490   0x08000490   0x0000000c   Code   RO         1766    .text               c_w.l(sys_exit.o)
    0x0800049c   0x0800049c   0x00000002   Code   RO         1777    .text               c_w.l(use_no_semi.o)
    0x0800049e   0x0800049e   0x00000000   Code   RO         1779    .text               c_w.l(indicate_semi.o)
    0x0800049e   0x0800049e   0x00000002   PAD
    0x080004a0   0x080004a0   0x00000020   Code   RO            4    i.EXTI15_10_IRQHandler  main.o
    0x080004c0   0x080004c0   0x00000130   Code   RO          215    i.RccClockInit      rcc.o
    0x080005f0   0x080005f0   0x00000034   Code   RO          758    i.SysTick_Handler   port.o
    0x08000624   0x08000624   0x00000064   Code   RO          492    i.SystemInit        system_stm32f4xx.o
    0x08000688   0x08000688   0x000000b0   Code   RO          161    i.TIM2_IRQHandler   encoder.o
    0x08000738   0x08000738   0x00000054   Code   RO          162    i.TIM5_IRQHandler   encoder.o
    0x0800078c   0x0800078c   0x00000030   Code   RO          413    i.Tim9Init          bsp.o
    0x080007bc   0x080007bc   0x00000024   Code   RO          414    i.USART1_IRQHandler  bsp.o
    0x080007e0   0x080007e0   0x00000030   Code   RO          415    i.USART2_IRQHandler  bsp.o
    0x08000810   0x08000810   0x00000022   Code   RO          163    i.__NVIC_EnableIRQ  encoder.o
    0x08000832   0x08000832   0x00000002   PAD
    0x08000834   0x08000834   0x00000090   Code   RO          164    i.encoderInit       encoder.o
    0x080008c4   0x080008c4   0x00000034   Code   RO            8    i.main              main.o
    0x080008f8   0x080008f8   0x00000028   Code   RO          356    i.mcpCalculateCRC   mcp.o
    0x08000920   0x08000920   0x0000005c   Code   RO          359    i.mcpRamp           mcp.o
    0x0800097c   0x0800097c   0x0000007e   Code   RO          841    i.prvCopyDataToQueue  queue.o
    0x080009fa   0x080009fa   0x0000008a   Code   RO          847    i.prvNotifyQueueSetContainer  queue.o
    0x08000a84   0x08000a84   0x00000034   Code   RO         1245    i.prvResetNextTaskUnblockTime  tasks.o
    0x08000ab8   0x08000ab8   0x00000016   Code   RO          256    i.setSpeed          motorcontrol.o
    0x08000ace   0x08000ace   0x00000002   PAD
    0x08000ad0   0x08000ad0   0x0000003c   Code   RO          165    i.tim5Init          encoder.o
    0x08000b0c   0x08000b0c   0x000000a4   Code   RO          416    i.uart1Init         bsp.o
    0x08000bb0   0x08000bb0   0x00000084   Code   RO          417    i.uart2Init         bsp.o
    0x08000c34   0x08000c34   0x00000050   Code   RO          418    i.uartRecive        bsp.o
    0x08000c84   0x08000c84   0x00000010   Code   RO          419    i.uartTransmitt     bsp.o
    0x08000c94   0x08000c94   0x0000001c   Code   RO          420    i.uartTransmittBuff  bsp.o
    0x08000cb0   0x08000cb0   0x00000028   Code   RO          651    i.uxListRemove      list.o
    0x08000cd8   0x08000cd8   0x00000018   Code   RO          655    i.vListInsertEnd    list.o
    0x08000cf0   0x08000cf0   0x00000078   Code   RO          766    i.vPortValidateInterruptPriority  port.o
    0x08000d68   0x08000d68   0x0000008c   Code   RO         1280    i.vTaskSwitchContext  tasks.o
    0x08000df4   0x08000df4   0x000000f4   Code   RO          866    i.xQueueGiveFromISR  queue.o
    0x08000ee8   0x08000ee8   0x00000148   Code   RO         1293    i.xTaskIncrementTick  tasks.o
    0x08001030   0x08001030   0x000000c8   Code   RO         1296    i.xTaskPriorityDisinherit  tasks.o
    0x080010f8   0x080010f8   0x0000009c   Code   RO         1298    i.xTaskRemoveFromEventList  tasks.o
    0x08001194   0x08001194   0x000002b0   Code   RO         1661    x$fpl$ddiv          fz_wm.l(ddiv.o)
    0x08001444   0x08001444   0x00000026   Code   RO         1664    x$fpl$dfltu         fz_wm.l(dflt_clz.o)
    0x0800146a   0x0800146a   0x0000009c   Code   RO         1675    x$fpl$dnaninf       fz_wm.l(dnaninf.o)
    0x08001506   0x08001506   0x0000000c   Code   RO         1677    x$fpl$dretinf       fz_wm.l(dretinf.o)
    0x08001512   0x08001512   0x0000000a   Code   RO         1764    x$fpl$fpinit        fz_wm.l(fpinit.o)
    0x0800151c   0x0800151c   0x00000000   Code   RO         1679    x$fpl$usenofp       fz_wm.l(usenofp.o)
    0x0800151c   0x0800151c   0x00000020   Data   RO         1832    Region$$Table       anon$$obj.o


    Execution Region ER_RW (Exec base: 0x20000000, Load base: 0x0800153c, Size: 0x0000008c, Max: 0xffffffff, ABSOLUTE)

    Exec Addr    Load Addr    Size         Type   Attr      Idx    E Section Name        Object

    0x20000000   0x0800153c   0x00000019   Data   RW           10    .data               main.o
    0x20000019   0x08001555   0x00000007   PAD
    0x20000020   0x0800155c   0x00000010   Data   RW          166    .data               encoder.o
    0x20000030   0x0800156c   0x00000005   Data   RW          422    .data               bsp.o
    0x20000035   0x08001571   0x00000003   PAD
    0x20000038   0x08001574   0x00000018   Data   RW          768    .data               port.o
    0x20000050   0x0800158c   0x0000003c   Data   RW         1302    .data               tasks.o


    Execution Region ER_ZI (Exec base: 0x2000008c, Load base: 0x080015c8, Size: 0x0000082c, Max: 0xffffffff, ABSOLUTE)

    Exec Addr    Load Addr    Size         Type   Attr      Idx    E Section Name        Object

    0x2000008c        -       0x00000101   Zero   RW          421    .bss                bsp.o
    0x2000018d   0x080015c8   0x00000003   PAD
    0x20000190        -       0x000000c8   Zero   RW         1301    .bss                tasks.o
    0x20000258        -       0x00000060   Zero   RW         1706    .bss                c_w.l(libspace.o)
    0x200002b8        -       0x00000200   Zero   RW          482    HEAP                startup_stm32f411xe.o
    0x200004b8        -       0x00000400   Zero   RW          481    STACK               startup_stm32f411xe.o


==============================================================================

Image component sizes


      Code (inc. data)   RO Data    RW Data    ZI Data      Debug   Object Name

       552         72          0          5        257       4960   bsp.o
       498         66          0         16          0       2801   encoder.o
         0          0          0          0          0       8364   event_groups.o
        64          0          0          0          0       1776   list.o
        84         18          0         25          0     365715   main.o
       132          4          0          0          0       1729   mcp.o
        22          0          0          0          0        931   motorcontrol.o
       362         36          0         24          0       5499   port.o
       508          0          0          0          0       7412   queue.o
       304         12          0          0          0        663   rcc.o
        64         26        408          0       1536        852   startup_stm32f411xe.o
       100         18          0          0          0        513   system_stm32f4xx.o
       876        114          0         60        200      11562   tasks.o

    ----------------------------------------------------------------------
      3572        366        440        140       1996     412777   Object Totals
         0          0         32          0          0          0   (incl. Generated)
         6          0          0         10          3          0   (incl. Padding)

    ----------------------------------------------------------------------

      Code (inc. data)   RO Data    RW Data    ZI Data      Debug   Library Member Name

         8          0          0          0          0         68   __main.o
         0          0          0          0          0          0   __rtentry.o
        12          0          0          0          0          0   __rtentry2.o
         6          0          0          0          0          0   __rtentry4.o
        52          8          0          0          0          0   __scatter.o
        26          0          0          0          0          0   __scatter_copy.o
        28          0          0          0          0          0   __scatter_zi.o
        18          0          0          0          0         80   exit.o
         6          0          0          0          0        152   heapauxi.o
         0          0          0          0          0          0   indicate_semi.o
         2          0          0          0          0          0   libinit.o
         6          0          0          0          0          0   libinit2.o
         2          0          0          0          0          0   libshutdown.o
         2          0          0          0          0          0   libshutdown2.o
         8          4          0          0         96         68   libspace.o
       138          0          0          0          0         68   rt_memcpy_v6.o
       100          0          0          0          0         80   rt_memcpy_w.o
         2          0          0          0          0          0   rtexit.o
        10          0          0          0          0          0   rtexit2.o
        12          4          0          0          0         68   sys_exit.o
        74          0          0          0          0         80   sys_stackheap_outer.o
         2          0          0          0          0         68   use_no_semi.o
       688        140          0          0          0        256   ddiv.o
        38          0          0          0          0        116   dflt_clz.o
       156          4          0          0          0        140   dnaninf.o
        12          0          0          0          0        116   dretinf.o
        10          0          0          0          0        116   fpinit.o
         0          0          0          0          0          0   usenofp.o

    ----------------------------------------------------------------------
      1424        160          0          0         96       1476   Library Totals
         6          0          0          0          0          0   (incl. Padding)

    ----------------------------------------------------------------------

      Code (inc. data)   RO Data    RW Data    ZI Data      Debug   Library Name

       514         16          0          0         96        732   c_w.l
       904        144          0          0          0        744   fz_wm.l

    ----------------------------------------------------------------------
      1424        160          0          0         96       1476   Library Totals

    ----------------------------------------------------------------------

==============================================================================


      Code (inc. data)   RO Data    RW Data    ZI Data      Debug   

      4996        526        440        140       2092     410793   Grand Totals
      4996        526        440        140       2092     410793   ELF Image Totals
      4996        526        440        140          0          0   ROM Totals

==============================================================================

    Total RO  Size (Code + RO Data)                 5436 (   5.31kB)
    Total RW  Size (RW Data + ZI Data)              2232 (   2.18kB)
    Total ROM Size (Code + RO Data + RW Data)       5576 (   5.45kB)

==============================================================================

